freebsd dumped core - see /var/crash/vmcore.0

Sat Feb 22 19:29:42 UTC 2020

FreeBSD freebsd 12.1-STABLE FreeBSD 12.1-STABLE r358121 GENERIC  amd64

panic: vm_fault: fault on nofault entry, addr: 0xfffffe0000f04000

GNU gdb 6.1.1 [FreeBSD]
Copyright 2004 Free Software Foundation, Inc.
GDB is free software, covered by the GNU General Public License, and you are
welcome to change it and/or distribute copies of it under certain conditions.
Type "show copying" to see the conditions.
There is absolutely no warranty for GDB.  Type "show warranty" for details.
This GDB was configured as "amd64-marcel-freebsd"...

Unread portion of the kernel message buffer:
panic: vm_fault: fault on nofault entry, addr: 0xfffffe0000f04000
cpuid = 0
time = 1582399731
KDB: stack backtrace:
#0 0xffffffff80c0ad55 at kdb_backtrace+0x65
#1 0xffffffff80bbf0ce at vpanic+0x17e
#2 0xffffffff80bbef43 at panic+0x43
#3 0xffffffff80ef615c at vm_fault+0x248c
#4 0xffffffff80ef3bb0 at vm_fault_trap+0x60
#5 0xffffffff810914af at trap_pfault+0x19f
#6 0xffffffff810909b8 at trap+0x288
#7 0xffffffff8106a1bc at calltrap+0x8
#8 0xffffffff80ecc370 at ffs_sbget+0x2f0
#9 0xffffffff80b116b7 at g_label_ufs_taste_common+0x57
#10 0xffffffff80b0fa50 at g_label_taste+0x340
#11 0xffffffff80b0e0ba at g_new_provider_event+0x8a
#12 0xffffffff80b08ff3 at g_run_events+0x173
#13 0xffffffff80b8039e at fork_exit+0x7e
#14 0xffffffff8106b20e at fork_trampoline+0xe
Uptime: 6m24s
Dumping 109 out of 986 MB:..15%..30%..44%..59%..74%..88%

Reading symbols from /boot/kernel/intpm.ko...Reading symbols from /usr/lib/debug//boot/kernel/intpm.ko.debug...done.
done.
Loaded symbols for /boot/kernel/intpm.ko
Reading symbols from /boot/kernel/smbus.ko...Reading symbols from /usr/lib/debug//boot/kernel/smbus.ko.debug...done.
done.
Loaded symbols for /boot/kernel/smbus.ko
#0  doadump () at src/sys/amd64/include/pcpu_aux.h:55
55	src/sys/amd64/include/pcpu_aux.h: No such file or directory.
	in src/sys/amd64/include/pcpu_aux.h
(kgdb) #0  doadump () at src/sys/amd64/include/pcpu_aux.h:55
#1  0xffffffff80bbece5 in kern_reboot (howto=260)
    at /usr/src/sys/kern/kern_shutdown.c:451
#2  0xffffffff80bbf126 in vpanic (fmt=<value optimized out>, 
    ap=<value optimized out>) at /usr/src/sys/kern/kern_shutdown.c:880
#3  0xffffffff80bbef43 in panic (fmt=<value optimized out>)
    at /usr/src/sys/kern/kern_shutdown.c:807
#4  0xffffffff80ef615c in vm_fault (map=<value optimized out>, 
    vaddr=<value optimized out>, fault_type=<value optimized out>, 
    fault_flags=<value optimized out>, m_hold=<value optimized out>)
    at /usr/src/sys/vm/vm_fault.c:727
#5  0xffffffff80ef3bb0 in vm_fault_trap (map=0xfffff80003001000, 
    vaddr=<value optimized out>, fault_type=<value optimized out>, 
    fault_flags=0, signo=0x0, ucode=0x0) at /usr/src/sys/vm/vm_fault.c:574
#6  0xffffffff810914af in trap_pfault (frame=0xfffffe0011d7d8c0, 
    usermode=false, signo=<value optimized out>, ucode=<value optimized out>)
    at /usr/src/sys/amd64/amd64/trap.c:828
#7  0xffffffff810909b8 in trap (frame=0xfffffe0011d7d8c0)
    at /usr/src/sys/amd64/amd64/trap.c:407
#8  0xffffffff8106a1bc in calltrap ()
    at /usr/src/sys/amd64/amd64/exception.S:289
#9  0xffffffff8108d1f6 in memcpy_erms ()
    at /usr/src/sys/amd64/amd64/support.S:488
#10 0xffffffff80ecc370 in ffs_sbget (devfd=<value optimized out>, 
    fsp=<value optimized out>, altsblock=<value optimized out>, 
    filltype=<value optimized out>, readfunc=<value optimized out>)
    at /usr/src/sys/ufs/ffs/ffs_subr.c:278
#11 0xffffffff80b116b7 in g_label_ufs_taste_common (cp=<value optimized out>, 
    label=0xfffffe0011d7da70 "", size=128, what=1)
    at /usr/src/sys/geom/label/g_label_ufs.c:80
#12 0xffffffff80b0fa50 in g_label_taste (mp=0xffffffff81afd140, 
    pp=0xfffff800036b1100, flags=<value optimized out>)
    at /usr/src/sys/geom/label/g_label.c:385
#13 0xffffffff80b0e0ba in g_new_provider_event (arg=0xfffff800036b1100, 
    flag=<value optimized out>) at /usr/src/sys/geom/geom_subr.c:561
#14 0xffffffff80b08ff3 in g_run_events () at /usr/src/sys/geom/geom_event.c:268
#15 0xffffffff80b8039e in fork_exit (
    callout=0xffffffff80b0b830 <g_event_procbody>, arg=0x0, 
    frame=0xfffffe0011d7dc00) at /usr/src/sys/kern/kern_fork.c:1078
#16 0xffffffff8106b20e in fork_trampoline ()
    at /usr/src/sys/amd64/amd64/exception.S:1079
#17 0x0000000000000000 in ?? ()
Current language:  auto; currently minimal
(kgdb) 

------------------------------------------------------------------------
ps -axlww

UID PID PPID CPU PRI NI   VSZ  RSS MWCHAN   STAT TT     TIME COMMAND
  0   0    0   0 -16  0     0    0 swapin   DLs   -  0:00.00 [kernel]
  0   1    0   0  20  0  9948  952 wait     DLs   -  0:00.00 [init]
  0   2    0   0 -16  0     0    0 crypto_w DL    -  0:00.00 [crypto]
  0   3    0   0 -16  0     0    0 crypto_r DL    -  0:00.00 [crypto returns 0]
  0   4    0   0 -16  0     0    0 -        DL    -  0:00.21 [cam]
  0   5    0   0 -16  0     0    0 waiting_ DL    -  0:00.00 [sctp_iterator]
  0   6    0   0 -16  0     0    0 -        DL    -  0:00.02 [rand_harvestq]
  0   7    0   0 -16  0     0    0 psleep   DL    -  0:00.01 [pagedaemon]
  0   8    0   0 -16  0     0    0 psleep   DL    -  0:00.00 [vmdaemon]
  0   9    0   0 -16  0     0    0 qsleep   DL    -  0:00.01 [bufdaemon]
  0  10    0   0 -16  0     0    0 audit_wo DL    -  0:00.00 [audit]
  0  11    0   0 155  0     0    0 -        RL    -  0:35.51 [idle]
  0  12    0   0 -56  0     0    0 -        WL    -  0:00.16 [intr]
  0  13    0   0  -8  0     0    0 -        RL    -  0:00.00 [geom]
  0  14    0   0 -16  0     0    0 seqstate DL    -  0:00.00 [sequencer 00]
  0  15    0   0 -68  0     0    0 -        DL    -  0:00.01 [usb]
  0  16    0   0  16  0     0    0 syncer   DL    -  0:00.01 [syncer]
  0  17    0   0 -16  0     0    0 vlruwt   DL    -  0:00.00 [vnlru]
  0  18    0   0 -16  0     0    0 -        DL    -  0:00.00 [soaiod1]
  0  19    0   0 -16  0     0    0 -        DL    -  0:00.00 [soaiod2]
  0  20    0   0 -16  0     0    0 -        DL    -  0:00.00 [soaiod3]
  0  21    0   0 -16  0     0    0 -        DL    -  0:00.00 [soaiod4]
  0 379    1   0  52  0 11380 2528 select   Ds    -  0:00.00 [dhclient]
  0 382    1   0  52  0 11564 2656 select   Ds    -  0:00.01 [dhclient]
 65 430    1   0  52  0 11732 2772 select   DCs   -  0:00.00 [dhclient]
  0 431    1   0  20  0 10452 1452 -        Rs    -  0:00.00 [devd]
  0 502    1   0  20  0 11384 2580 -        Rs    -  0:00.00 [syslogd]
  0 698    1   0  26  0 19584 7744 select   Ds    -  0:00.00 [sshd]
  0 703    1   0  20  0 11404 2616 nanslp   Ds    -  0:00.00 [cron]
  0 753    1   0  20  0 12088 3184 wait     Ds    -  0:00.12 [login]
  0 754    1   0  52  0 10868 2264 ttyin    Ds+   -  0:00.00 [getty]
  0 755    1   0  52  0 10868 2264 ttyin    Ds+   -  0:00.00 [getty]
  0 756    1   0  52  0 10868 2264 ttyin    Ds+   -  0:00.00 [getty]
  0 757    1   0  52  0 10868 2264 ttyin    Ds+   -  0:00.00 [getty]
  0 758    1   0  52  0 10868 2264 ttyin    Ds+   -  0:00.00 [getty]
  0 759    1   0  52  0 10868 2264 ttyin    Ds+   -  0:00.00 [getty]
  0 760    1   0  52  0 10868 2264 ttyin    Ds+   -  0:00.00 [getty]
  0 773  753   0  20  0 13168 3800 pause    D     -  0:00.01 [csh]
  0 788  773   0  20  0 11012 2444 g_waitid D+    -  0:00.00 [mdconfig]
  0 789    0   0  -8  0     0    0 mdwait   DL    -  0:00.00 [md0]

------------------------------------------------------------------------
vmstat -s

    38814 cpu context switches
     2482 device interrupts
     6054 software interrupts
    69376 traps
   301545 system calls
       22 kernel threads created
      571  fork() calls
      194 vfork() calls
        2 rfork() calls
        0 swap pager pageins
        0 swap pager pages paged in
        0 swap pager pageouts
        0 swap pager pages paged out
      518 vnode pager pageins
     3752 vnode pager pages paged in
        0 vnode pager pageouts
        0 vnode pager pages paged out
        0 page daemon wakeups
        0 pages examined by the page daemon
        0 clean page reclamation shortfalls
        0 pages reactivated by the page daemon
    24978 copy-on-write faults
       85 copy-on-write optimized faults
    35309 zero fill pages zeroed
        0 zero fill pages prezeroed
        2 intransit blocking page faults
    69931 total VM faults taken
      410 page faults requiring I/O
        0 pages affected by kernel thread creation
    33853 pages affected by  fork()
     6592 pages affected by vfork()
      110 pages affected by rfork()
   110500 pages freed
        0 pages freed by daemon
        0 pages freed by exiting processes
        0 pages active
        0 pages inactive
        0 pages in the laundry queue
        0 pages wired down
        0 pages free
        0 bytes per page
        0 total name lookups
          cache hits (0% pos + 0% neg) system 0% per-directory
          deletions 0%, falsehits 0%, toolong 0%

------------------------------------------------------------------------
vmstat -m

         Type InUse MemUse HighUse Requests  Size(s)
      CAM DEV     3     6K       -       14  2048
      entropy     1     1K       -       33  32,4096
      CAM CCB     0     0K       -       26  2048
     CAM path     3     1K       -       42  32
   CAM periph     2     1K       -       18  16,32,64,128,256
         hdaa     5     5K       -        5  512,1024,2048
         hdac     1     1K       -        1  1024
        hdacc     1     1K       -        1  32
       feeder    12     1K       -       14  32,128
        mixer     1     4K       -        1  4096
    CAM queue     6     2K       -       39  16,32,512
         UART     3     3K       -        3  16,1024
          USB    24    19K       -       24  16,128,512,4096
       USBdev    20     3K       -       20  32,64,128,256
CAM dev queue     3     1K       -        3  64
      ata_pci     1     1K       -        1  64
        vtbuf    24  1968K       -       46  4096
           vt    11     6K       -       11  512
       DEVFS3   118    30K       -      129  256
       DEVFS1    96    48K       -      106  512
   DEVFS_RULE    56    27K       -       56  64,512
        DEVFS    14     1K       -       15  16,128
       DEVFSP     2     1K       -        2  64
NFSD V4client     1     1K       -        1  256
 NFSD lckfile     1     1K       -        1  256
 NFSD session     1     1K       -        1  1024
    pfs_nodes    20    10K       -       20  512
         GEOM    93 11618K       -      559  16,32,64,128,256,512,1024,2048,4096,8192
    raid_data     0     0K       -       90  32,128,256
       isadev     7     1K       -        7  128
         cdev     4     1K       -        4  256
     filedesc     1     4K       -        1  4096
        sigio     0     0K       -        1  64
     filecaps     1     1K       -       58  16,32,64
      kdtrace   142    28K       -     1642  64,256
         kenv    90    12K       -       94  16,32,64,128,8192
       kqueue    40     3K       -      790  64
    proc-args    26     2K       -      462  16,32,64,128,256
        hhook    13     4K       -       13  256
      ithread    83    13K       -       83  32,128,256
       prison     4     1K       -        4  32
       KTRACE   100    13K       -      100  128
       linker   207    48K       -      219  16,32,64,128,256,512,1024,2048,4096,8192
        lockf    19     3K       -       42  64,128
   loginclass     3     1K       -        3  64
       devbuf  2423  1360K       -     2556  16,32,64,128,256,512,1024,2048,4096,8192,16384,32768,65536
         temp    17    17K       -     1579  16,32,64,128,256,512,1024,2048,4096,8192,65536
        evdev     4     4K       -        4  1024
       module   506    64K       -      507  128
     mtx_pool     2    72K       -        2  8192,65536
          osd     3     1K       -        9  16,32,64,128,256
     pmchooks     1     1K       -        1  128
          pmc     1     1K       -        1  64
         pgrp    18     3K       -       40  128
      session    16     2K       -       23  128
         proc     2    16K       -        2  8192
      subproc    86   183K       -      836  512,4096
         cred    27     7K       -      169  256
     acpiintr     1     1K       -        1  64
       plimit    15     4K       -      304  256
      uidinfo     4     3K       -        5  128,2048
       dumper     1     1K       -        1  512
       acpica   809    88K       -    57933  16,32,64,128,256,512,2048,8192
       sysctl     0     0K       -        1  64
    sysctloid  2824   145K       -     2909  16,32,64,128
    sysctltmp     0     0K       -      753  16,32,64,256,1024
     acpitask     1    64K       -        1  65536
      tidhash     1    16K       -        1  16384
      callout     2  1416K       -        2  
         umtx   212    27K       -      212  128
     p1003.1b     1     1K       -        1  16
         SWAP     1    68K       -        1  
          bus  1088    89K       -     5050  16,32,64,128,256,1024,4096
       bus-sc    46   278K       -     2457  16,32,128,256,512,1024,2048,4096,8192,16384,32768,65536
      acpisem    23     3K       -       23  128
      devstat     6    13K       -        6  32,4096
        epoch     4     1K       -        4  128
 eventhandler   129    11K       -      129  64,128
   gtaskqueue    16    34K       -       16  16,32,256,8192
         kobj   346  1384K       -      537  4096
      Per-cpu     1     1K       -        1  32
       kbdmux     6    22K       -        6  16,512,1024,2048,16384
         rman   112    14K       -      443  16,32,128
         sbuf     0     0K       -      518  16,32,64,128,256,4096,16384
       sglist     3     4K       -        3  32,1024,2048
    taskqueue    36     4K       -       36  16,32,256
     terminal    11     3K       -       11  256
       Unitno    26     2K       -       40  32,64
         vmem     3     5K       -        4  1024,2048
     ioctlops     0     0K       -       83  256,512,1024
       select    13     2K       -       13  128
          iov     0     0K       -    13149  16,64,128,256,512
          msg     4    30K       -        4  2048,4096,8192,16384
          sem     4   106K       -        4  2048,4096
          shm     1    32K       -        1  32768
          tty    13    13K       -       13  1024
     mbuf_tag     0     0K       -       16  32
        shmfd     1     8K       -        1  8192
       soname     5     1K       -     7829  16,32,128
          pcb    21   345K       -       46  16,32,64,128,1024,2048,8192,65536
     vfscache     4   525K       -        4  256,4096,8192
     vfs_hash     1   256K       -        1  
       vnodes     1     1K       -        1  256
        mount    16     1K       -       86  16,32,64,128,256
       statfs     0     0K       -      191  4096
      md_disk     1     4K       -        1  4096
  vnodemarker     0     0K       -       31  512
chacha20random     1     1K       -        1  256
          BPF    10    18K       -       10  128,512,4096
        ifnet     3     5K       -        3  128,2048
       ifaddr    30    12K       -       31  16,32,64,128,256,512,2048,4096
  ether_multi    40     4K       -       45  16,32,64,128
        clone     9     2K       -        9  128
        ipsec     3     1K       -        3  256
      lltable    11     4K       -       11  256,512
          tun     3     1K       -        3  32
     routetbl    28     4K       -       33  32,64,128,512
         vnet     1     1K       -        1  64
    vnet_data     1   168K       -        1  
vnet_data_free     1     1K       -        1  32
         igmp     2     1K       -        2  128
     in_multi     2     1K       -        3  256
encap_export_host    12     1K       -       12  32,64
    sctp_a_it     0     0K       -        3  16
     sctp_vrf     1     1K       -        1  64
     sctp_ifa     5     1K       -        5  128
     sctp_ifn     2     1K       -        2  128
    sctp_iter     0     0K       -        3  256
   tfo_ccache     1   128K       -        1  
    hostcache     1    32K       -        1  32768
      tcpfunc     1     1K       -        1  64
     syncache     1    68K       -        1  
    in6_multi    25     3K       -       25  32,256
       ip6opt     0     0K       -        3  32
          mld     2     1K       -        2  128
       ip6ndp     4     1K       -        5  64,256
  inpcbpolicy     5     1K       -       93  32
     secasvar     1     1K       -        1  1024
       sahead     1     1K       -        1  1024
  ipsecpolicy     2     2K       -        2  256,1024
    ipsec-saq     2     2K       -        2  1024
       crypto     2     2K       -        2  128,1024
          rpc     2     8K       -        2  4096
audit_evclass   230     8K       -      285  32
      pagedep     2    65K       -       21  256,65536
     inodedep     3   257K       -       81  512
    bmsafemap     3     9K       -       47  256,8192
       newblk   259   577K       -      290  256
     indirdep     1     1K       -        1  128
     freefrag     1     1K       -        1  128
     freeblks     0     0K       -       29  256
     freefile     0     0K       -       37  64
       diradd     1     1K       -       39  128
        mkdir     0     0K       -       14  128
       dirrem     0     0K       -       39  128
    newdirblk     0     0K       -        7  64
     freework     1     1K       -       30  16,128
        sbdep     0     0K       -        6  64
     savedino     0     0K       -       11  256
      softdep     1     1K       -        1  512
  ufs_dirhash    30     6K       -       30  16,32,64,128,512
    ufs_quota     1   256K       -        1  
    ufs_mount     3    17K       -        4  512,4096,8192
    vm_pgdata     1     1K       -        1  128
      UMAHash     1     2K       -        1  2048
      memdesc     1     4K       -        1  4096
     pci_link    10     1K       -       10  16,128
     atkbddev     2     1K       -        2  64
      acpidev    21     2K       -       21  64
      CAM SIM     3     1K       -        3  256
      CAM XPT    15     2K       -       28  32,128,512,1024
       apmdev     1     1K       -        1  128
   madt_table     0     0K       -        2  16,4096
         intr     4   400K       -        4  65536
      io_apic     1     2K       -        1  2048
   local_apic     1     1K       -        1  1024
          MCA    10     2K       -       10  128
         cpus     2     1K       -        2  16
          msi     6     1K       -        6  128
     nexusdev     5     1K       -        5  16

------------------------------------------------------------------------
vmstat -z

ITEM                   SIZE  LIMIT     USED     FREE      REQ FAIL SLEEP

UMA Kegs:               224,      0,     124,      12,     124,   0,   0
UMA Zones:              552,      0,     125,       1,     125,   0,   0
UMA Slabs:               80,      0,    1033,      17,    1180,   0,   0
UMA Hash:               256,      0,      11,       4,      12,   0,   0
4 Bucket:                32,      0,      10,     365,     619,   0,   0
6 Bucket:                48,      0,       3,     329,      15,   0,   0
8 Bucket:                64,      0,       7,     303,     137,  21,   0
12 Bucket:               96,      0,       4,     160,      12,   0,   0
16 Bucket:              128,      0,      34,     121,     171,   1,   0
32 Bucket:              256,      0,      11,      64,      43,   6,   0
64 Bucket:              512,      0,      25,       7,     118,   6,   0
128 Bucket:            1024,      0,      16,      12,      73,   1,   0
256 Bucket:            2048,      0,      19,       3,      54,  21,   0
vmem:                  1856,      0,       3,       1,       3,   0,   0
vmem btag:               56,      0,     473,     166,     473,   5,   0
VM OBJECT:              256,      0,     918,     192,   11138,   0,   0
RADIX NODE:             144,      0,    1488,     294,   19427,   0,   0
MAP:                    240,      0,       3,      61,       3,   0,   0
KMAP ENTRY:             120,      0,       8,     124,       9,   0,   0
MAP ENTRY:              120,      0,     630,     525,   39891,   0,   0
VMSPACE:               2560,      0,      18,       3,     769,   0,   0
fakepg:                 104,      0,       0,       0,       0,   0,   0
64 pcpu:                  8,      0,    2477,      83,    2481,   0,   0
mt_stats_zone:           64,      0,     422,      90,     422,   0,   0
mt_zone:                 24,      0,     422,     246,     422,   0,   0
16:                      16,      0,    1365,     392,   28594,   0,   0
32:                      32,      0,    1546,     329,    5920,   0,   0
64:                      64,      0,    1676,     184,   17662,   0,   0
128:                    128,      0,    3881,      56,   40592,   0,   0
256:                    256,      0,    1189,      56,    4872,   0,   0
512:                    512,      0,     300,      52,    1600,   0,   0
1024:                  1024,      0,     441,      71,    1353,   0,   0
2048:                  2048,      0,      26,      14,     277,   0,   0
4096:                  4096,      0,     440,       1,    2576,   0,   0
8192:                  8192,      0,      26,       0,     253,   0,   0
16384:                16384,      0,       5,       2,     297,   0,   0
32768:                32768,      0,       3,       1,     228,   0,   0
65536:                65536,      0,      15,       2,     253,   0,   0
SLEEPQUEUE:              80,      0,     107,      48,     107,   0,   0
Files:                   80,      0,      57,      93,    6483,   0,   0
filedesc0:             1104,      0,      40,       5,     790,   0,   0
rangeset pctrie nodes:    144,      0,       0,       0,       0,   0,   0
rl_entry:                40,      0,      20,     280,      20,   0,   0
TURNSTILE:              136,      0,     107,      33,     107,   0,   0
umtx pi:                 96,      0,       0,       0,       0,   0,   0
umtx_shm:                88,      0,       0,       0,       0,   0,   0
MAC labels:              40,      0,       0,       0,       0,   0,   0
PROC:                  1328,      0,      39,       6,     789,   0,   0
THREAD:                1824,      0,     102,       4,     102,   0,   0
cpuset:                 104,      0,       3,     152,       3,   0,   0
domainset:               40,      0,       0,       0,       0,   0,   0
audit_record:          1280,      0,       0,       0,       0,   0,   0
mbuf_packet:            256, 393180,     258,     254,    5214,   0,   0
mbuf:                   256, 393180,      12,     247,    1494,   0,   0
mbuf_cluster:          2048,  61434,     506,       4,     506,   0,   0
mbuf_jumbo_page:       4096,  30716,       0,       2,       6,   0,   0
mbuf_jumbo_9k:         9216,  27303,       0,       0,       0,   0,   0
mbuf_jumbo_16k:       16384,  20476,       0,       0,       0,   0,   0
epoch_record pcpu:      256,      0,       4,      60,       4,   0,   0
ttyoutq:                256,      0,      64,      71,     136,   0,   0
DMAR_MAP_ENTRY:         120,      0,       0,       0,       0,   0,   0
FPU_save_area:          832,      0,       0,       0,       0,   0,   0
ttyinq:                 160,      0,     120,       5,     255,   0,   0
g_bio:                  376,      0,       0,      90,    5706,   0,   0
nvme_request:           128,      0,       0,       0,       0,   0,   0
cryptop:                128,      0,       0,       0,       0,   0,   0
cryptodesc:             120,      0,       0,       0,       0,   0,   0
crypto_session:          24,      0,       0,       0,       0,   0,   0
vtnet_tx_hdr:            24,      0,       0,     334,     940,   0,   0
VNODE:                  480,      0,     575,       9,     614,   0,   0
VNODEPOLL:              120,      0,       0,       0,       0,   0,   0
BUF TRIE:               144,      0,     139,    6854,     441,   0,   0
NAMEI:                 1024,      0,       0,      16,   12947,   0,   0
rentr:                   24,      0,       0,     334,       1,   0,   0
S VFS Cache:            108,      0,     578,      52,    1275,   0,   0
STS VFS Cache:          148,      0,       0,       0,       0,   0,   0
L VFS Cache:            328,      0,       0,       0,       0,   0,   0
LTS VFS Cache:          368,      0,       0,       0,       0,   0,   0
NCLNODE:                592,      0,       0,       0,       0,   0,   0
DIRHASH:               1024,      0,      46,       6,      46,   0,   0
pipe:                   760,      0,       2,      13,     276,   0,   0
Mountpoints:           2744,      0,       2,       1,       2,   0,   0
procdesc:               136,      0,       1,      86,       2,   0,   0
AIO:                    208,      0,       0,       0,       0,   0,   0
AIOP:                    32,      0,       0,       0,       0,   0,   0
AIOCB:                  752,      0,       0,       0,       0,   0,   0
AIOLIO:                 280,      0,       0,       0,       0,   0,   0
ksiginfo:               112,      0,      30,    1020,      58,   0,   0
itimer:                 352,      0,       0,       0,       0,   0,   0
KNOTE:                  160,      0,       0,       0,       0,   0,   0
socket:                 872,  31568,      14,      14,    1457,   0,   0
unpcb:                  256,  31575,       8,      67,    1352,   0,   0
ipq:                     56,   1988,       0,       0,       0,   0,   0
udp_inpcb:              488,  31568,       2,      30,      84,   0,   0
udpcb:                   32,  31625,       2,     373,      84,   0,   0
tcp_inpcb:              488,  31568,       2,      30,       6,   0,   0
tcpcb:                  976,  31568,       2,      14,       6,   0,   0
tcptw:                   88,   6345,       0,       0,       0,   0,   0
syncache:               168,  15364,       0,      69,       3,   0,   0
hostcache:               96,  15375,       1,     163,       1,   0,   0
sackhole:                32,      0,       0,       0,       0,   0,   0
tfo:                      4,      0,       0,       0,       0,   0,   0
tfo_ccache_entries:      80,      0,       0,       0,       0,   0,   0
tcpreass:                48,   3901,       0,       0,       0,   0,   0
tcp_log:                400, 1000000,       0,       0,       0,   0,   0
tcp_log_bucket:         144,      0,       0,       0,       0,   0,   0
tcp_log_node:           120,      0,       0,       0,       0,   0,   0
sctp_ep:               1280,  31569,       0,       0,       0,   0,   0
sctp_asoc:             2408,  40000,       0,       0,       0,   0,   0
sctp_laddr:              48,  80012,       0,     332,       4,   0,   0
sctp_raddr:             736,  80000,       0,       0,       0,   0,   0
sctp_chunk:             152, 400010,       0,       0,       0,   0,   0
sctp_readq:             152, 400010,       0,       0,       0,   0,   0
sctp_stream_msg_out:    112, 400015,       0,       0,       0,   0,   0
sctp_asconf:             40, 400000,       0,       0,       0,   0,   0
sctp_asconf_ack:         48, 400060,       0,       0,       0,   0,   0
udplite_inpcb:          488,  31568,       0,       0,       0,   0,   0
ripcb:                  488,  31568,       1,      31,       3,   0,   0
IPsec SA lft_c:          16,      0,       0,       0,       0,   0,   0
rtentry:                208,      0,      13,      63,      16,   0,   0
selfd:                   64,      0,      21,     289,    5132,   0,   0
swpctrie:               144, 122877,       0,       0,       0,   0,   0
swblk:                  136, 122873,       0,       0,       0,   0,   0
FFS inode:              160,      0,     543,       7,     580,   0,   0
FFS1 dinode:            128,      0,       0,       0,       0,   0,   0
FFS2 dinode:            256,      0,     543,      12,     580,   0,   0


------------------------------------------------------------------------
vmstat -i

interrupt                          total       rate
irq1: atkbd0                         343         11
cpu0:timer                          7987        258
irq257: virtio_pci0                  743         24
irq258: virtio_pci0                    1          0
irq259: hdac0                         58          2
irq261: virtio_pci2                 1337         43
Total                              10469        338

------------------------------------------------------------------------
pstat -T

 57/31566 files
0M/0M swap space

------------------------------------------------------------------------
pstat -s

Device          512-blocks     Used    Avail Capacity

------------------------------------------------------------------------
iostat

       tty           vtbd0              md0             cpu
 tin  tout  KB/t tps  MB/s   KB/t tps  MB/s  us ni sy in id
   0    14 23.58   4  0.08   0.00   0  0.00   0  0  1  0 99

------------------------------------------------------------------------
ipcs -a

Message Queues:
T           ID          KEY MODE        OWNER    GROUP    CREATOR  CGROUP                 CBYTES                 QNUM               QBYTES        LSPID        LRPID STIME    RTIME    CTIME   

Shared Memory:
T           ID          KEY MODE        OWNER    GROUP    CREATOR  CGROUP         NATTCH        SEGSZ         CPID         LPID ATIME    DTIME    CTIME   

Semaphores:
T           ID          KEY MODE        OWNER    GROUP    CREATOR  CGROUP          NSEMS OTIME    CTIME   


------------------------------------------------------------------------
ipcs -T

msginfo:
	msgmax:        16384	(max characters in a message)
	msgmni:           40	(# of message queues)
	msgmnb:         2048	(max characters in a message queue)
	msgtql:           40	(max # of messages in system)
	msgssz:            8	(size of a message segment)
	msgseg:         2048	(# of message segments in system)

shminfo:
	shmmax:    536870912	(max shared memory segment size)
	shmmin:            1	(min shared memory segment size)
	shmmni:          192	(max number of shared memory identifiers)
	shmseg:          128	(max shared memory segments per process)
	shmall:       131072	(max amount of shared memory in pages)

seminfo:
	semmni:           50	(# of semaphore identifiers)
	semmns:          340	(# of semaphores in system)
	semmnu:          150	(# of undo structures in system)
	semmsl:          340	(max # of semaphores per id)
	semopm:          100	(max # of operations per semop call)
	semume:           50	(max # of undo entries per process)
	semusz:          632	(size in bytes of undo structure)
	semvmx:        32767	(semaphore maximum value)
	semaem:        16384	(adjust on exit max value)


------------------------------------------------------------------------
nfsstat

Rpc Counts:
      Getattr      Setattr       Lookup     Readlink         Read        Write       Create       Remove
            0            0            0            0            0            0            0            0
       Rename         Link      Symlink        Mkdir        Rmdir      Readdir     RdirPlus       Access
            0            0            0            0            0            0            0            0
        Mknod       Fsstat       Fsinfo     PathConf       Commit
            0            0            0            0            0
Rpc Info:
     TimedOut      Invalid    X Replies      Retries     Requests
            0            0            0            0            0
Cache Info:
    Attr Hits  Attr Misses    Lkup Hits  Lkup Misses    BioR Hits  BioR Misses    BioW Hits  BioW Misses
            0            0            0            0            0            0            0            0
   BioRL Hits BioRL Misses    BioD Hits  BioD Misses    DirE Hits  DirE Misses    Accs Hits  Accs Misses
            0            0            0            0            0            0            0            0
Server Info:
      Getattr      Setattr       Lookup     Readlink         Read        Write       Create       Remove
            0            0            0            0            0            0            0            0
       Rename         Link      Symlink        Mkdir        Rmdir      Readdir     RdirPlus       Access
            0            0            0            0            0            0            0            0
        Mknod       Fsstat       Fsinfo     PathConf       Commit
            0            0            0            0            0
Server Re-Failed
               0
Server Faults
            0
Server Write 
     WriteOps     WriteRPC      Opsaved
            0            0            0
Server Cache 
       Inprog         Idem     Non-Idem       Misses
            0            0            0            0

------------------------------------------------------------------------
netstat -s

tcp:
	917 packets sent
		271 data packets (16114 bytes)
		0 data packets (0 bytes) retransmitted
		0 data packets unnecessarily retransmitted
		0 resends initiated by MTU discovery
		534 ack-only packets (4 delayed)
		0 URG only packets
		0 window probe packets
		109 window update packets
		3 control packets
	674 packets received
		208 acks (for 16120 bytes)
		0 duplicate acks
		0 acks for unsent data
		570 packets (8413294 bytes) received in-sequence
		0 completely duplicate packets (0 bytes)
		0 old duplicate packets
		0 packets with some dup. data (0 bytes duped)
		0 out-of-order packets (0 bytes)
		0 packets (0 bytes) of data after window
		0 window probes
		0 window update packets
		0 packets received after close
		0 discarded for bad checksums
		0 discarded for bad header offset fields
		0 discarded because packet too short
		0 discarded due to full reassembly queue
	0 connection requests
	3 connection accepts
	0 bad connection attempts
	0 listen queue overflows
	0 ignored RSTs in the windows
	3 connections established (including accepts)
		2 times used RTT from hostcache
		2 times used RTT variance from hostcache
		0 times used slow-start threshold from hostcache
	4 connections closed (including 0 drops)
		3 connections updated cached RTT on close
		3 connections updated cached RTT variance on close
		0 connections updated cached ssthresh on close
	0 embryonic connections dropped
	208 segments updated rtt (of 182 attempts)
	0 retransmit timeouts
		0 connections dropped by rexmit timeout
	0 persist timeouts
		0 connections dropped by persist timeout
	0 Connections (fin_wait_2) dropped because of timeout
	0 keepalive timeouts
		0 keepalive probes sent
		0 connections dropped by keepalive
	91 correct ACK header predictions
	459 correct data packet header predictions
	3 syncache entries added
		0 retransmitted
		0 dupsyn
		0 dropped
		3 completed
		0 bucket overflow
		0 cache overflow
		0 reset
		0 stale
		0 aborted
		0 badack
		0 unreach
		0 zone failures
	3 cookies sent
	0 cookies received
	1 hostcache entry added
		0 bucket overflow
	0 SACK recovery episodes
	0 segment rexmits in SACK recovery episodes
	0 byte rexmits in SACK recovery episodes
	0 SACK options (SACK blocks) received
	0 SACK options (SACK blocks) sent
	0 SACK scoreboard overflow
	0 packets with ECN CE bit set
	0 packets with ECN ECT(0) bit set
	0 packets with ECN ECT(1) bit set
	0 successful ECN handshakes
	0 times ECN reduced the congestion window
	0 packets with matching signature received
	0 packets with bad signature received
	0 times failed to make signature due to no SA
	0 times unexpected signature received
	0 times no signature provided by segment
	0 Path MTU discovery black hole detection activations
	0 Path MTU discovery black hole detection min MSS activations
	0 Path MTU discovery black hole detection failures
TCP connection count by state:
	0 connections in CLOSED state
	2 connections in LISTEN state
	0 connections in SYN_SENT state
	0 connections in SYN_RCVD state
	0 connections in ESTABLISHED state
	0 connections in CLOSE_WAIT state
	0 connections in FIN_WAIT_1 state
	0 connections in CLOSING state
	0 connections in LAST_ACK state
	0 connections in FIN_WAIT_2 state
	0 connections in TIME_WAIT state
udp:
	13 datagrams received
	0 with incomplete header
	0 with bad data length field
	0 with bad checksum
	0 with no checksum
	0 dropped due to no socket
	1 broadcast/multicast datagram undelivered
	0 dropped due to full socket buffers
	0 not for hashed pcb
	12 delivered
	12 datagrams output
	0 times multicast source filter matched
ip:
	688 total packets received
	0 bad header checksums
	0 with size smaller than minimum
	0 with data size < data length
	0 with ip length > max ip packet size
	0 with header length < data size
	0 with data length < header length
	0 with bad options
	0 with incorrect version number
	0 fragments received
	0 fragments dropped (dup or out of space)
	0 fragments dropped after timeout
	0 packets reassembled ok
	687 packets for this host
	0 packets for unknown/unsupported protocol
	0 packets forwarded (0 packets fast forwarded)
	1 packet not forwardable
	0 packets received for unknown multicast group
	0 redirects sent
	930 packets sent from this host
	0 packets sent with fabricated ip header
	0 output packets dropped due to no bufs, etc.
	0 output packets discarded due to no route
	0 output datagrams fragmented
	0 fragments created
	0 datagrams that can't be fragmented
	0 tunneling packets that can't find gif
	0 datagrams with bad address in header
icmp:
	0 calls to icmp_error
	0 errors not generated in response to an icmp message
	0 messages with bad code fields
	0 messages less than the minimum length
	0 messages with bad checksum
	0 messages with bad length
	0 multicast echo requests ignored
	0 multicast timestamp requests ignored
	0 message responses generated
	0 invalid return addresses
	0 no return routes
ipsec:
	0 inbound packets violated process security policy
	0 inbound packets failed due to insufficient memory
	0 invalid inbound packets
	0 outbound packets violated process security policy
	0 outbound packets with no SA available
	0 outbound packets failed due to insufficient memory
	0 outbound packets with no route available
	0 invalid outbound packets
	0 outbound packets with bundled SAs
	0 spd cache hits
	0 spd cache misses
	0 clusters copied during clone
	0 mbufs inserted during makespace
ah:
	0 packets shorter than header shows
	0 packets dropped; protocol family not supported
	0 packets dropped; no TDB
	0 packets dropped; bad KCR
	0 packets dropped; queue full
	0 packets dropped; no transform
	0 replay counter wraps
	0 packets dropped; bad authentication detected
	0 packets dropped; bad authentication length
	0 possible replay packets detected
	0 packets in
	0 packets out
	0 packets dropped; invalid TDB
	0 bytes in
	0 bytes out
	0 packets dropped; larger than IP_MAXPACKET
	0 packets blocked due to policy
	0 crypto processing failures
	0 tunnel sanity check failures
esp:
	0 packets shorter than header shows
	0 packets dropped; protocol family not supported
	0 packets dropped; no TDB
	0 packets dropped; bad KCR
	0 packets dropped; queue full
	0 packets dropped; no transform
	0 packets dropped; bad ilen
	0 replay counter wraps
	0 packets dropped; bad encryption detected
	0 packets dropped; bad authentication detected
	0 possible replay packets detected
	0 packets in
	0 packets out
	0 packets dropped; invalid TDB
	0 bytes in
	0 bytes out
	0 packets dropped; larger than IP_MAXPACKET
	0 packets blocked due to policy
	0 crypto processing failures
	0 tunnel sanity check failures
ipcomp:
	0 packets shorter than header shows
	0 packets dropped; protocol family not supported
	0 packets dropped; no TDB
	0 packets dropped; bad KCR
	0 packets dropped; queue full
	0 packets dropped; no transform
	0 replay counter wraps
	0 packets in
	0 packets out
	0 packets dropped; invalid TDB
	0 bytes in
	0 bytes out
	0 packets dropped; larger than IP_MAXPACKET
	0 packets blocked due to policy
	0 crypto processing failures
	0 packets sent uncompressed; size < compr. algo. threshold
	0 packets sent uncompressed; compression was useless
arp:
	2 ARP requests sent
	1 ARP reply sent
	1 ARP request received
	1 ARP reply received
	2 ARP packets received
	0 total packets dropped due to no ARP entry
	0 ARP entrys timed out
	0 Duplicate IPs seen
ip6:
	3 total packets received
	0 with size smaller than minimum
	0 with data size < data length
	0 with bad options
	0 with incorrect version number
	0 fragments received
	0 fragments dropped (dup or out of space)
	0 fragments dropped after timeout
	0 fragments that exceeded limit
	0 atomic fragments
	0 packets reassembled ok
	3 packets for this host
	0 packets forwarded
	0 packets not forwardable
	0 redirects sent
	6 packets sent from this host
	0 packets sent with fabricated ip header
	0 output packets dropped due to no bufs, etc.
	0 output packets discarded due to no route
	0 output datagrams fragmented
	0 fragments created
	0 datagrams that can't be fragmented
	0 packets that violated scope rules
	3 multicast packets which we don't join
	Input histogram:
		ICMP6: 3
	Mbuf statistics:
		3 one mbuf
		0 one ext mbuf
		0 two or more ext mbuf
	0 packets whose headers are not contiguous
	0 tunneling packets that can't find gif
	0 packets discarded because of too many headers
	0 failures of source address selection
	source addresses on an outgoing I/F
		3 link-locals
	source addresses of a different scope
		3 link-locals
	Source addresses selection rule applied:
		3 first candidate
icmp6:
	0 calls to icmp6_error
	0 errors not generated in response to an icmp6 message
	0 errors not generated because of rate limitation
	Output histogram:
		router solicitation: 3
		neighbor solicitation: 1
		MLDv2 listener report: 2
	0 messages with bad code fields
	0 messages < minimum length
	0 bad checksums
	0 messages with bad length
	Histogram of error messages to be generated:
		0 no route
		0 administratively prohibited
		0 beyond scope
		0 address unreachable
		0 port unreachable
		0 packet too big
		0 time exceed transit
		0 time exceed reassembly
		0 erroneous header field
		0 unrecognized next header
		0 unrecognized option
		0 redirect
		0 unknown
	0 message responses generated
	0 messages with too many ND options
	0 messages with bad ND options
	0 bad neighbor solicitation messages
	0 bad neighbor advertisement messages
	0 bad router solicitation messages
	0 bad router advertisement messages
	0 bad redirect messages
	0 path MTU changes
ipsec6:
	0 inbound packets violated process security policy
	0 inbound packets failed due to insufficient memory
	0 invalid inbound packets
	0 outbound packets violated process security policy
	0 outbound packets with no SA available
	0 outbound packets failed due to insufficient memory
	0 outbound packets with no route available
	0 invalid outbound packets
	0 outbound packets with bundled SAs
	0 spd cache hits
	0 spd cache misses
	0 clusters copied during clone
	0 mbufs inserted during makespace
rip6:
	0 messages received
	0 checksum calculations on inbound
	0 messages with bad checksum
	0 messages dropped due to no socket
	0 multicast messages dropped due to no socket
	0 messages dropped due to full socket buffers
	0 delivered
	0 datagrams output
pfkey:
	0 requests sent from userland
	0 bytes sent from userland
	0 messages with invalid length field
	0 messages with invalid version field
	0 messages with invalid message type field
	0 messages too short
	0 messages with memory allocation failure
	0 messages with duplicate extension
	0 messages with invalid extension type
	0 messages with invalid sa type
	0 messages with invalid address extension
	0 requests sent to userland
	0 bytes sent to userland
	0 messages toward single socket
	0 messages toward all sockets
	0 messages toward registered sockets
	0 messages with memory allocation failure

------------------------------------------------------------------------
netstat -m

270/501/771 mbufs in use (current/cache/total)
252/258/510/61434 mbuf clusters in use (current/cache/total/max)
258/254 mbuf+clusters out of packet secondary zone in use (current/cache)
0/2/2/30716 4k (page size) jumbo clusters in use (current/cache/total/max)
0/0/0/27303 9k jumbo clusters in use (current/cache/total/max)
0/0/0/20476 16k jumbo clusters in use (current/cache/total/max)
571K/649K/1220K bytes allocated to network (current/cache/total)
0/0/0 requests for mbufs denied (mbufs/clusters/mbuf+clusters)
0/0/0 requests for mbufs delayed (mbufs/clusters/mbuf+clusters)
0/0/0 requests for jumbo clusters delayed (4k/9k/16k)
0/0/0 requests for jumbo clusters denied (4k/9k/16k)
0 sendfile syscalls
0 sendfile syscalls completed without I/O request
0 requests for I/O initiated by sendfile
0 pages read by sendfile as part of a request
0 pages were valid at time of a sendfile request
0 pages were valid and substituted to bogus page
0 pages were requested for read ahead by applications
0 pages were read ahead by sendfile
0 times sendfile encountered an already busy page
0 requests for sfbufs denied
0 requests for sfbufs delayed

------------------------------------------------------------------------
netstat -anA

Active Internet connections (including servers)
Tcpcb            Proto Recv-Q Send-Q Local Address      Foreign Address    (state)    
fffff800037117a0 udp4       0      0 *.514              *.*                
fffff80003710988 udp6       0      0 *.514              *.*                

------------------------------------------------------------------------
netstat -aL

Current listen queue sizes (qlen/incqlen/maxqlen)
Proto Listen                           Local Address         

------------------------------------------------------------------------
fstat

fstat: can't read file 1 at 0x20007ffffffffff
fstat: can't read file 2 at 0x4000000001fffff
fstat: can't read file 5 at 0x15400000001
fstat: can't read file 11 at 0x9400000000
fstat: can't read file 17 at 0x9400000000
fstat: can't read file 1 at 0x20007ffffffffff
fstat: can't read file 2 at 0x4000000001fffff
fstat: can't read file 1 at 0x20007ffffffffff
fstat: can't read file 2 at 0x4000000001fffff
fstat: can't read file 1 at 0x20007ffffffffff
fstat: can't read file 2 at 0x4000000001fffff
fstat: can't read file 1 at 0x20007ffffffffff
fstat: can't read file 2 at 0x4000000001fffff
fstat: can't read file 1 at 0x20007ffffffffff
fstat: can't read file 2 at 0x4000000001fffff
fstat: can't read file 1 at 0x20007ffffffffff
fstat: can't read file 2 at 0x4000000001fffff
fstat: can't read file 1 at 0x20007ffffffffff
fstat: can't read file 2 at 0x4000000001fffff
fstat: can't read file 1 at 0x20007ffffffffff
fstat: can't read file 2 at 0x4000000001fffff
fstat: can't read file 1 at 0x20007ffffffffff
fstat: can't read file 2 at 0x4000000001fffff
fstat: can't read file 4 at 0x780000ffff
fstat: can't read file 1 at 0x20007ffffffffff
fstat: can't read file 2 at 0x4000000001fffff
fstat: can't read file 4 at 0x780000ffff
fstat: can't read file 1 at 0x20007ffffffffff
fstat: can't read file 2 at 0x4000000001fffff
fstat: can't read file 4 at 0x780000ffff
fstat: can't read file 5 at 0x400000000
fstat: can't read file 7 at 0x20007ffffffffff
fstat: can't read file 8 at 0x4000000001fffff
fstat: can't read file 10 at 0x780000ffff
fstat: can't read file 11 at 0x400000000
fstat: can't read file 13 at 0x20007ffffffffff
fstat: can't read file 14 at 0x4000000001fffff
fstat: can't read file 16 at 0x780000ffff
fstat: can't read file 17 at 0x400000000
fstat: can't read file 19 at 0x20007ffffffffff
fstat: can't read file 20 at 0x4000000001fffff
fstat: can't read file 22 at 0x780000ffff
fstat: can't read file 23 at 0x2600000001
fstat: can't read file 1 at 0x20007ffffffffff
fstat: can't read file 2 at 0x4000000001fffff
fstat: can't read file 4 at 0x780000ffff
fstat: can't read file 5 at 0x800000000
fstat: can't read file 7 at 0x20007ffffffffff
fstat: can't read file 8 at 0x4000000001fffff
fstat: can't read file 1 at 0x200000000000000
fstat: can't read file 2 at 0x400000000000000
fstat: can't read file 5 at 0x800000000
fstat: can't read file 7 at 0x200000000000002
fstat: can't read file 8 at 0x400000000000000
fstat: can't read file 11 at 0x400000000
fstat: can't read file 1 at 0x20007ffffffffff
fstat: can't read file 2 at 0x4000000001fffff
fstat: can't read file 4 at 0x780000ffff
fstat: can't read file 5 at 0x800000000
fstat: can't read file 7 at 0x20007ffffffffff
fstat: can't read file 8 at 0x4000000001fffff
fstat: can't read file 10 at 0x780000ffff
fstat: can't read file 1 at 0x20007ffffffffff
fstat: can't read file 2 at 0x4000000001fffff
fstat: can't read file 4 at 0x780000ffff
fstat: can't read file 5 at 0x800000000
USER     CMD          PID   FD MOUNT      INUM MODE         SZ|DV R/W
root     md0          789 root /             2 drwxr-xr-x     512  r
root     md0          789   wd /             2 drwxr-xr-x     512  r
root     mdconfig     788 root /             2 drwxr-xr-x     512  r
root     mdconfig     788   wd /        321026 drwxr-xr-x     512  r
root     mdconfig     788 text /         82942 -r-xr-xr-x   27744  r
root     mdconfig     788 ctty /dev         67 crw-------   ttyv0 rw
root     mdconfig     788    0 /dev         67 crw-------   ttyv0 rw
root     csh          773 root /             2 drwxr-xr-x     512  r
root     csh          773   wd /        321026 drwxr-xr-x     512  r
root     csh          773 text /         84326 -r-xr-xr-x  435840  r
root     csh          773 ctty /dev         67 crw-------   ttyv0 rw
root     getty        760 root /             2 drwxr-xr-x     512  r
root     getty        760   wd /             2 drwxr-xr-x     512  r
root     getty        760 text /        248213 -r-xr-xr-x   38752  r
root     getty        760 ctty /dev         74 crw-------   ttyv7 rw
root     getty        760    0 /dev         74 crw-------   ttyv7 rw
root     getty        759 root /             2 drwxr-xr-x     512  r
root     getty        759   wd /             2 drwxr-xr-x     512  r
root     getty        759 text /        248213 -r-xr-xr-x   38752  r
root     getty        759 ctty /dev         73 crw-------   ttyv6 rw
root     getty        759    0 /dev         73 crw-------   ttyv6 rw
root     getty        758 root /             2 drwxr-xr-x     512  r
root     getty        758   wd /             2 drwxr-xr-x     512  r
root     getty        758 text /        248213 -r-xr-xr-x   38752  r
root     getty        758 ctty /dev         72 crw-------   ttyv5 rw
root     getty        758    0 /dev         72 crw-------   ttyv5 rw
root     getty        757 root /             2 drwxr-xr-x     512  r
root     getty        757   wd /             2 drwxr-xr-x     512  r
root     getty        757 text /        248213 -r-xr-xr-x   38752  r
root     getty        757 ctty /dev         71 crw-------   ttyv4 rw
root     getty        757    0 /dev         71 crw-------   ttyv4 rw
root     getty        756 root /             2 drwxr-xr-x     512  r
root     getty        756   wd /             2 drwxr-xr-x     512  r
root     getty        756 text /        248213 -r-xr-xr-x   38752  r
root     getty        756 ctty /dev         70 crw-------   ttyv3 rw
root     getty        756    0 /dev         70 crw-------   ttyv3 rw
root     getty        755 root /             2 drwxr-xr-x     512  r
root     getty        755   wd /             2 drwxr-xr-x     512  r
root     getty        755 text /        248213 -r-xr-xr-x   38752  r
root     getty        755 ctty /dev         69 crw-------   ttyv2 rw
root     getty        755    0 /dev         69 crw-------   ttyv2 rw
root     getty        754 root /             2 drwxr-xr-x     512  r
root     getty        754   wd /             2 drwxr-xr-x     512  r
root     getty        754 text /        248213 -r-xr-xr-x   38752  r
root     getty        754 ctty /dev         68 crw-------   ttyv1 rw
root     getty        754    0 /dev         68 crw-------   ttyv1 rw
root     login        753 root /             2 drwxr-xr-x     512  r
root     login        753   wd /        321026 drwxr-xr-x     512  r
root     login        753 text /        249385 -r-sr-xr-x   32656  r
root     login        753 ctty /dev         67 crw-------   ttyv0 rw
root     login        753    0 /dev         67 crw-------   ttyv0 rw
root     cron         703 root /             2 drwxr-xr-x     512  r
root     cron         703   wd /         80267 drwxr-x---     512  r
root     cron         703 text /        247939 -r-xr-xr-x   57384  r
root     cron         703    0 /dev         18 crw-rw-rw-    null rw
root     sshd         698 root /             2 drwxr-xr-x     512  r
root     sshd         698   wd /             2 drwxr-xr-x     512  r
root     sshd         698 text /        247926 -r-xr-xr-x  312984  r
root     sshd         698    0 /dev         18 crw-rw-rw-    null rw
root     syslogd      502 root /             2 drwxr-xr-x     512  r
root     syslogd      502   wd /             2 drwxr-xr-x     512  r
root     syslogd      502 text /        248017 -r-xr-xr-x   57320  r
root     syslogd      502    0 /dev         18 crw-rw-rw-    null rw
root     syslogd      502    6 /dev         18 crw-rw-rw-    null rw
root     syslogd      502   12 /dev         18 crw-rw-rw-    null rw
root     syslogd      502   18* pipe fffff800036522f8 <-> fffff80003652460      0 rw
root     devd         431 root /             2 drwxr-xr-x     512  r
root     devd         431   wd /             2 drwxr-xr-x     512  r
root     devd         431 text /         82977 -r-xr-xr-x  967992  r
root     devd         431    0 /dev         18 crw-rw-rw-    null rw
root     devd         431    6 /dev         18 crw-rw-rw-    null rw
_dhcp    dhclient     430 root /             2 drwxr-xr-x     512  r
_dhcp    dhclient     430   wd /             2 drwxr-xr-x     512  r
_dhcp    dhclient     430 text /         82914 -r-xr-xr-x  108072  r
_dhcp    dhclient     430    0 /dev         18 crw-rw-rw-    null rw
_dhcp    dhclient     430    6 /dev         18 crw-rw-rw-    null rw
root     dhclient     382 root /             2 drwxr-xr-x     512  r
root     dhclient     382   wd /             2 drwxr-xr-x     512  r
root     dhclient     382 text /         82914 -r-xr-xr-x  108072  r
root     dhclient     382    0 /dev         18 crw-rw-rw-    null rw
root     dhclient     382    6 /dev         18 crw-rw-rw-    null rw
root     dhclient     379 root /             2 drwxr-xr-x     512  r
root     dhclient     379   wd /             2 drwxr-xr-x     512  r
root     dhclient     379 text /         82914 -r-xr-xr-x  108072  r
root     dhclient     379    0 /dev         18 crw-rw-rw-    null rw
root     dhclient     379    6 /dev         18 crw-rw-rw-    null rw
root     init           1 root /             2 drwxr-xr-x     512  r
root     init           1   wd /             2 drwxr-xr-x     512  r
root     init           1 text /         82935 -r-xr-xr-x  1240552  r
root     kernel         0 root /             2 drwxr-xr-x     512  r
root     kernel         0   wd /             2 drwxr-xr-x     512  r

------------------------------------------------------------------------
dmesg

---<<BOOT>>---
Copyright (c) 1992-2020 The FreeBSD Project.
Copyright (c) 1979, 1980, 1983, 1986, 1988, 1989, 1991, 1992, 1993, 1994
	The Regents of the University of California. All rights reserved.
FreeBSD is a registered trademark of The FreeBSD Foundation.
FreeBSD 12.1-STABLE r358121 GENERIC amd64
FreeBSD clang version 9.0.1 (git@github.com:llvm/llvm-project.git c1a0a213378a458fbea1a5c77b315c7dce08fd05) (based on LLVM 9.0.1)
VT(vga): text 80x25
CPU: Intel Core Processor (Skylake, IBRS) (2904.34-MHz K8-class CPU)
  Origin="GenuineIntel"  Id=0x506e3  Family=0x6  Model=0x5e  Stepping=3
  Features=0xf83fbff<FPU,VME,DE,PSE,TSC,MSR,PAE,MCE,CX8,APIC,SEP,MTRR,PGE,MCA,CMOV,PAT,PSE36,MMX,FXSR,SSE,SSE2,SS>
  Features2=0xfffa3223<SSE3,PCLMULQDQ,VMX,SSSE3,FMA,CX16,PCID,SSE4.1,SSE4.2,x2APIC,MOVBE,POPCNT,TSCDLT,AESNI,XSAVE,OSXSAVE,AVX,F16C,RDRAND,HV>
  AMD Features=0x2c100800<SYSCALL,NX,Page1GB,RDTSCP,LM>
  AMD Features2=0x121<LAHF,ABM,Prefetch>
  Structured Extended Features=0x9c0fbb<FSGSBASE,TSCADJ,BMI1,HLE,AVX2,SMEP,BMI2,ERMS,INVPCID,RTM,RDSEED,ADX,SMAP,CLFLUSHOPT>
  Structured Extended Features2=0x4<UMIP>
  Structured Extended Features3=0xac000400<MD_CLEAR,IBPB,STIBP,ARCH_CAP,SSBD>
  XSAVE Features=0xf<XSAVEOPT,XSAVEC,XINUSE,XSAVES>
  IA32_ARCH_CAPS=0x8<SKIP_L1DFL_VME>
  AMD Extended Feature Extensions ID EBX=0x1001000
  VT-x: PAT,HLT,MTF,PAUSE,EPT,UG,VPID
Hypervisor: Origin = "KVMKVMKVM"
real memory  = 1073741824 (1024 MB)
avail memory = 1001181184 (954 MB)
Event timer "LAPIC" quality 600
ACPI APIC Table: <BOCHS  BXPCAPIC>
random: unblocking device.
ioapic0 <Version 1.1> irqs 0-23 on motherboard
Timecounter "TSC-low" frequency 1452168789 Hz quality 800
random: entropy device external interface
kbd1 at kbdmux0
000.000022 [4336] netmap_init               netmap: loaded module
[ath_hal] loaded
module_register_init: MOD_LOAD (vesa, 0xffffffff81118130, 0) error 19
random: registering fast source Intel Secure Key RNG
random: fast provider: "Intel Secure Key RNG"
nexus0
vtvga0: <VT VGA driver> on motherboard
cryptosoft0: <software crypto> on motherboard
acpi0: <BOCHS BXPCRSDT> on motherboard
acpi0: Power Button (fixed)
cpu0: <ACPI CPU> on acpi0
atrtc0: <AT realtime clock> port 0x70-0x71,0x72-0x77 irq 8 on acpi0
atrtc0: registered as a time-of-day clock, resolution 1.000000s
Event timer "RTC" frequency 32768 Hz quality 0
Timecounter "ACPI-fast" frequency 3579545 Hz quality 900
acpi_timer0: <24-bit timer at 3.579545MHz> port 0x608-0x60b on acpi0
pcib0: <ACPI Host-PCI bridge> port 0xcf8-0xcff on acpi0
pci0: <ACPI PCI bus> on pcib0
isab0: <PCI-ISA bridge> at device 1.0 on pci0
isa0: <ISA bus> on isab0
atapci0: <Intel PIIX3 WDMA2 controller> port 0x1f0-0x1f7,0x3f6,0x170-0x177,0x376,0xc1a0-0xc1af at device 1.1 on pci0
ata0: <ATA channel> at channel 0 on atapci0
ata1: <ATA channel> at channel 1 on atapci0
pci0: <bridge> at device 1.3 (no driver attached)
vgapci0: <VGA-compatible display> port 0xc100-0xc11f mem 0xf4000000-0xf7ffffff,0xf8000000-0xfbffffff,0xfc094000-0xfc095fff irq 10 at device 2.0 on pci0
vgapci0: Boot video device
virtio_pci0: <VirtIO PCI Network adapter> port 0xc120-0xc13f mem 0xfc096000-0xfc096fff,0xfebf0000-0xfebf3fff irq 11 at device 3.0 on pci0
vtnet0: <VirtIO Networking Adapter> on virtio_pci0
vtnet0: Ethernet address: 52:54:00:f7:01:cb
vtnet0: netmap queues/slots: TX 1/256, RX 1/128
000.000757 [ 503] vtnet_netmap_attach       vtnet attached txq=1, txd=256 rxq=1, rxd=128
hdac0: <Intel 82801F HDA Controller> mem 0xfc090000-0xfc093fff irq 11 at device 4.0 on pci0
uhci0: <Intel 82801I (ICH9) USB controller> port 0xc140-0xc15f irq 10 at device 5.0 on pci0
usbus0 on uhci0
uhci1: <Intel 82801I (ICH9) USB controller> port 0xc160-0xc17f irq 10 at device 5.1 on pci0
usbus1 on uhci1
uhci2: <Intel 82801I (ICH9) USB controller> port 0xc180-0xc19f irq 11 at device 5.2 on pci0
usbus2 on uhci2
ehci0: <Intel 82801I (ICH9) USB 2.0 controller> mem 0xfc097000-0xfc097fff irq 11 at device 5.7 on pci0
usbus3: EHCI version 1.0
usbus3 on ehci0
virtio_pci1: <VirtIO PCI Console adapter> port 0xc080-0xc0bf mem 0xfc098000-0xfc098fff,0xfebf4000-0xfebf7fff irq 10 at device 6.0 on pci0
virtio_pci2: <VirtIO PCI Block adapter> port 0xc000-0xc07f mem 0xfc099000-0xfc099fff,0xfebf8000-0xfebfbfff irq 11 at device 7.0 on pci0
vtblk0: <VirtIO Block Adapter> on virtio_pci2
vtblk0: 25600MB (52428928 512 byte sectors)
virtio_pci3: <VirtIO PCI Balloon adapter> port 0xc0c0-0xc0ff mem 0xfebfc000-0xfebfffff irq 11 at device 8.0 on pci0
vtballoon0: <VirtIO Balloon Adapter> on virtio_pci3
acpi_syscontainer0: <System Container> on acpi0
acpi_syscontainer1: <System Container> port 0xaf00-0xaf0b on acpi0
acpi_syscontainer2: <System Container> port 0xafe0-0xafe3 on acpi0
acpi_syscontainer3: <System Container> port 0xae00-0xae13 on acpi0
atkbdc0: <Keyboard controller (i8042)> port 0x60,0x64 irq 1 on acpi0
atkbd0: <AT Keyboard> irq 1 on atkbdc0
kbd0 at atkbd0
atkbd0: [GIANT-LOCKED]
psm0: <PS/2 Mouse> irq 12 on atkbdc0
psm0: [GIANT-LOCKED]
psm0: model IntelliMouse Explorer, device ID 4
fdc0: <floppy drive controller (FDE)> port 0x3f2-0x3f5,0x3f7 irq 6 drq 2 on acpi0
fdc0: does not respond
device_attach: fdc0 attach returned 6
uart0: <16550 or compatible> port 0x3f8-0x3ff irq 4 flags 0x10 on acpi0
orm0: <ISA Option ROM> at iomem 0xeb800-0xeffff pnpid ORM0000 on isa0
vga0: <Generic ISA VGA> at port 0x3c0-0x3df iomem 0xa0000-0xbffff pnpid PNP0900 on isa0
attimer0: <AT timer> at port 0x40 on isa0
Timecounter "i8254" frequency 1193182 Hz quality 0
Event timer "i8254" frequency 1193182 Hz quality 100
attimer0: non-PNP ISA device will be removed from GENERIC in FreeBSD 12.
fdc0: No FDOUT register!
Timecounters tick every 10.000 msec
hdacc0: <Generic (0x1af40022) HDA CODEC> at cad 0 on hdac0
hdaa0: <Generic (0x1af40022) Audio Function Group> at nid 1 on hdacc0
pcm0: <Generic (0x1af40022) (Analog)> at nid 3 and 5 on hdaa0
usbus0: 12Mbps Full Speed USB v1.0
usbus1: 12Mbps Full Speed USB v1.0
usbus2: 12Mbps Full Speed USB v1.0
usbus3: 480Mbps High Speed USB v2.0
ugen3.1: <Intel EHCI root HUB> at usbus3
uhub0: <Intel EHCI root HUB, class 9/0, rev 2.00/1.00, addr 1> on usbus3
ugen2.1: <Intel UHCI root HUB> at usbus2
uhub1: <Intel UHCI root HUB, class 9/0, rev 1.00/1.00, addr 1> on usbus2
ugen1.1: <Intel UHCI root HUB> at usbus1
uhub2: <Intel UHCI root HUB, class 9/0, rev 1.00/1.00, addr 1> on usbus1
ugen0.1: <Intel UHCI root HUB> at usbus0
uhub3: <Intel UHCI root HUB, class 9/0, rev 1.00/1.00, addr 1> on usbus0
Trying to mount root from ufs:/dev/gpt/rootfs [rw]...
GEOM: vtbd0: the secondary GPT header is not in the last LBA.
Setting hostuuid: 6c201b51-0797-4b8b-8beb-543595a51060.
Setting hostid: 0x81d6ff07.
Starting file system checks:
/dev/gpt/rootfs: FILE SYSTEM CLEAN; SKIPPING CHECKS
/dev/gpt/rootfs: clean, 218406 free (10030 frags, 26047 blocks, 1.0% fragmentation)
Mounting local filesystems:.
ELF ldconfig path: /lib /usr/lib /usr/lib/compat
32-bit compatibility ldconfig path: /usr/lib32
uhub3: 2 ports with 2 removable, self powered
uhub2: 2 ports with 2 removable, self powered
uhub1: 2 ports with 2 removable, self powered
Setting hostname: freebsd.
Setting up harvesting: PURE_RDRAND,[UMA],[FS_ATIME],SWI,INTERRUPT,NET_NG,NET_ETHER,NET_TUN,MOUSE,KEYBOARD,ATTACH,CACHED
Feeding entropy: .
lo0: link state changed to UP
vtnet0: link state changed to UP
uhub0: 6 ports with 6 removable, self powered
Starting Network: lo0 vtnet0.
lo0: flags=8049<UP,LOOPBACK,RUNNING,MULTICAST> metric 0 mtu 16384
	options=680003<RXCSUM,TXCSUM,LINKSTATE,RXCSUM_IPV6,TXCSUM_IPV6>
	inet6 ::1 prefixlen 128
	inet6 fe80::1%lo0 prefixlen 64 scopeid 0x2
	inet 127.0.0.1 netmask 0xff000000
	groups: lo
	nd6 options=23<PERFORMNUD,ACCEPT_RTADV,AUTO_LINKLOCAL>
vtnet0: flags=8843<UP,BROADCAST,RUNNING,SIMPLEX,MULTICAST> metric 0 mtu 1500
	options=6c07bb<RXCSUM,TXCSUM,VLAN_MTU,VLAN_HWTAGGING,JUMBO_MTU,VLAN_HWCSUM,TSO4,TSO6,LRO,VLAN_HWTSO,LINKSTATE,RXCSUM_IPV6,TXCSUM_IPV6>
	ether 52:54:00:f7:01:cb
	inet6 fe80::5054:ff:fef7:1cb%vtnet0 prefixlen 64 scopeid 0x1
	media: Ethernet 10Gbase-T <full-duplex>
	status: active
	nd6 options=23<PERFORMNUD,ACCEPT_RTADV,AUTO_LINKLOCAL>
Starting devd.
Autoloading module: intpm.ko
intsmb0: <Intel PIIX4 SMBUS Interface> irq 9 at device 1.3 on pci0
intsmb0: intr IRQ 9 enabled revision 0
smbus0: <System Management Bus> on intsmb0
Starting dhclient.
DHCPREQUEST on vtnet0 to 255.255.255.255 port 67
DHCPACK from 192.168.122.1
bound to 192.168.122.43 -- renewal in 1800 seconds.
add host 127.0.0.1: gateway lo0 fib 0: route already in table
add host ::1: gateway lo0 fib 0: route already in table
add net fe80::: gateway ::1
add net ff02::: gateway ::1
add net ::ffff:0.0.0.0: gateway ::1
add net ::0.0.0.0: gateway ::1
Creating and/or trimming log files.
Starting syslogd.
Clearing /tmp (X related).
Updating motd:.
Mounting late filesystems:.
Updating /var/run/os-release done.
Configuring vt: blanktime.
Starting sendmail_submit.
Feb 22 19:14:01 freebsd sm-mta[678]: My unqualified host name (freebsd) unknown; sleeping for retry
Script /etc/rc.d/sendmail interrupted
Starting cron.
Starting background file system checks in 60 seconds.

Sat Feb 22 19:14:06 UTC 2020
Feb 22 19:14:08 freebsd login[731]: ROOT LOGIN (root) ON ttyv0
Feb 22 19:19:40 freebsd sshd[975]: error: PAM: Authentication error for root from 192.168.122.1
Feb 22 19:20:19 freebsd syslogd: last message repeated 1 times
panic: vm_fault: fault on nofault entry, addr: 0xfffffe0000f04000
cpuid = 0
time = 1582399325
KDB: stack backtrace:
#0 0xffffffff80c0ad55 at kdb_backtrace+0x65
#1 0xffffffff80bbf0ce at vpanic+0x17e
#2 0xffffffff80bbef43 at panic+0x43
#3 0xffffffff80ef615c at vm_fault+0x248c
#4 0xffffffff80ef3bb0 at vm_fault_trap+0x60
#5 0xffffffff810914af at trap_pfault+0x19f
#6 0xffffffff810909b8 at trap+0x288
#7 0xffffffff8106a1bc at calltrap+0x8
#8 0xffffffff80ecc370 at ffs_sbget+0x2f0
#9 0xffffffff80b116b7 at g_label_ufs_taste_common+0x57
#10 0xffffffff80b0fa50 at g_label_taste+0x340
#11 0xffffffff80b0e0ba at g_new_provider_event+0x8a
#12 0xffffffff80b08ff3 at g_run_events+0x173
#13 0xffffffff80b8039e at fork_exit+0x7e
#14 0xffffffff8106b20e at fork_trampoline+0xe
Uptime: 8m23s
Automatic reboot in 15 seconds - press a key on the console to abort
--> Press a key on the console to reboot,
--> or switch off the system now.
Rebooting...
---<<BOOT>>---
Copyright (c) 1992-2020 The FreeBSD Project.
Copyright (c) 1979, 1980, 1983, 1986, 1988, 1989, 1991, 1992, 1993, 1994
	The Regents of the University of California. All rights reserved.
FreeBSD is a registered trademark of The FreeBSD Foundation.
FreeBSD 12.1-STABLE r358121 GENERIC amd64
FreeBSD clang version 9.0.1 (git@github.com:llvm/llvm-project.git c1a0a213378a458fbea1a5c77b315c7dce08fd05) (based on LLVM 9.0.1)
VT(vga): text 80x25
CPU: Intel Core Processor (Skylake, IBRS) (2904.12-MHz K8-class CPU)
  Origin="GenuineIntel"  Id=0x506e3  Family=0x6  Model=0x5e  Stepping=3
  Features=0xf83fbff<FPU,VME,DE,PSE,TSC,MSR,PAE,MCE,CX8,APIC,SEP,MTRR,PGE,MCA,CMOV,PAT,PSE36,MMX,FXSR,SSE,SSE2,SS>
  Features2=0xfffa3223<SSE3,PCLMULQDQ,VMX,SSSE3,FMA,CX16,PCID,SSE4.1,SSE4.2,x2APIC,MOVBE,POPCNT,TSCDLT,AESNI,XSAVE,OSXSAVE,AVX,F16C,RDRAND,HV>
  AMD Features=0x2c100800<SYSCALL,NX,Page1GB,RDTSCP,LM>
  AMD Features2=0x121<LAHF,ABM,Prefetch>
  Structured Extended Features=0x9c0fbb<FSGSBASE,TSCADJ,BMI1,HLE,AVX2,SMEP,BMI2,ERMS,INVPCID,RTM,RDSEED,ADX,SMAP,CLFLUSHOPT>
  Structured Extended Features2=0x4<UMIP>
  Structured Extended Features3=0xac000400<MD_CLEAR,IBPB,STIBP,ARCH_CAP,SSBD>
  XSAVE Features=0xf<XSAVEOPT,XSAVEC,XINUSE,XSAVES>
  IA32_ARCH_CAPS=0x8<SKIP_L1DFL_VME>
  AMD Extended Feature Extensions ID EBX=0x1001000
  VT-x: PAT,HLT,MTF,PAUSE,EPT,UG,VPID
Hypervisor: Origin = "KVMKVMKVM"
real memory  = 1073741824 (1024 MB)
avail memory = 1001181184 (954 MB)
Event timer "LAPIC" quality 600
ACPI APIC Table: <BOCHS  BXPCAPIC>
random: unblocking device.
ioapic0 <Version 1.1> irqs 0-23 on motherboard
Timecounter "TSC-low" frequency 1452062298 Hz quality 800
random: entropy device external interface
kbd1 at kbdmux0
000.000022 [4336] netmap_init               netmap: loaded module
[ath_hal] loaded
module_register_init: MOD_LOAD (vesa, 0xffffffff81118130, 0) error 19
random: registering fast source Intel Secure Key RNG
random: fast provider: "Intel Secure Key RNG"
nexus0
vtvga0: <VT VGA driver> on motherboard
cryptosoft0: <software crypto> on motherboard
acpi0: <BOCHS BXPCRSDT> on motherboard
acpi0: Power Button (fixed)
cpu0: <ACPI CPU> on acpi0
atrtc0: <AT realtime clock> port 0x70-0x71,0x72-0x77 irq 8 on acpi0
atrtc0: registered as a time-of-day clock, resolution 1.000000s
Event timer "RTC" frequency 32768 Hz quality 0
Timecounter "ACPI-fast" frequency 3579545 Hz quality 900
acpi_timer0: <24-bit timer at 3.579545MHz> port 0x608-0x60b on acpi0
pcib0: <ACPI Host-PCI bridge> port 0xcf8-0xcff on acpi0
pci0: <ACPI PCI bus> on pcib0
isab0: <PCI-ISA bridge> at device 1.0 on pci0
isa0: <ISA bus> on isab0
atapci0: <Intel PIIX3 WDMA2 controller> port 0x1f0-0x1f7,0x3f6,0x170-0x177,0x376,0xc1a0-0xc1af at device 1.1 on pci0
ata0: <ATA channel> at channel 0 on atapci0
ata1: <ATA channel> at channel 1 on atapci0
pci0: <bridge> at device 1.3 (no driver attached)
vgapci0: <VGA-compatible display> port 0xc100-0xc11f mem 0xf4000000-0xf7ffffff,0xf8000000-0xfbffffff,0xfc094000-0xfc095fff irq 10 at device 2.0 on pci0
vgapci0: Boot video device
virtio_pci0: <VirtIO PCI Network adapter> port 0xc120-0xc13f mem 0xfc096000-0xfc096fff,0xfebf0000-0xfebf3fff irq 11 at device 3.0 on pci0
vtnet0: <VirtIO Networking Adapter> on virtio_pci0
vtnet0: Ethernet address: 52:54:00:f7:01:cb
vtnet0: netmap queues/slots: TX 1/256, RX 1/128
000.000757 [ 503] vtnet_netmap_attach       vtnet attached txq=1, txd=256 rxq=1, rxd=128
hdac0: <Intel 82801F HDA Controller> mem 0xfc090000-0xfc093fff irq 11 at device 4.0 on pci0
uhci0: <Intel 82801I (ICH9) USB controller> port 0xc140-0xc15f irq 10 at device 5.0 on pci0
usbus0 on uhci0
uhci1: <Intel 82801I (ICH9) USB controller> port 0xc160-0xc17f irq 10 at device 5.1 on pci0
usbus1 on uhci1
uhci2: <Intel 82801I (ICH9) USB controller> port 0xc180-0xc19f irq 11 at device 5.2 on pci0
usbus2 on uhci2
ehci0: <Intel 82801I (ICH9) USB 2.0 controller> mem 0xfc097000-0xfc097fff irq 11 at device 5.7 on pci0
usbus3: EHCI version 1.0
usbus3 on ehci0
virtio_pci1: <VirtIO PCI Console adapter> port 0xc080-0xc0bf mem 0xfc098000-0xfc098fff,0xfebf4000-0xfebf7fff irq 10 at device 6.0 on pci0
virtio_pci2: <VirtIO PCI Block adapter> port 0xc000-0xc07f mem 0xfc099000-0xfc099fff,0xfebf8000-0xfebfbfff irq 11 at device 7.0 on pci0
vtblk0: <VirtIO Block Adapter> on virtio_pci2
vtblk0: 25600MB (52428928 512 byte sectors)
virtio_pci3: <VirtIO PCI Balloon adapter> port 0xc0c0-0xc0ff mem 0xfebfc000-0xfebfffff irq 11 at device 8.0 on pci0
vtballoon0: <VirtIO Balloon Adapter> on virtio_pci3
acpi_syscontainer0: <System Container> on acpi0
acpi_syscontainer1: <System Container> port 0xaf00-0xaf0b on acpi0
acpi_syscontainer2: <System Container> port 0xafe0-0xafe3 on acpi0
acpi_syscontainer3: <System Container> port 0xae00-0xae13 on acpi0
atkbdc0: <Keyboard controller (i8042)> port 0x60,0x64 irq 1 on acpi0
atkbd0: <AT Keyboard> irq 1 on atkbdc0
kbd0 at atkbd0
atkbd0: [GIANT-LOCKED]
psm0: <PS/2 Mouse> irq 12 on atkbdc0
psm0: [GIANT-LOCKED]
psm0: model IntelliMouse Explorer, device ID 4
fdc0: <floppy drive controller (FDE)> port 0x3f2-0x3f5,0x3f7 irq 6 drq 2 on acpi0
fdc0: does not respond
device_attach: fdc0 attach returned 6
uart0: <16550 or compatible> port 0x3f8-0x3ff irq 4 flags 0x10 on acpi0
orm0: <ISA Option ROM> at iomem 0xeb800-0xeffff pnpid ORM0000 on isa0
vga0: <Generic ISA VGA> at port 0x3c0-0x3df iomem 0xa0000-0xbffff pnpid PNP0900 on isa0
attimer0: <AT timer> at port 0x40 on isa0
Timecounter "i8254" frequency 1193182 Hz quality 0
Event timer "i8254" frequency 1193182 Hz quality 100
attimer0: non-PNP ISA device will be removed from GENERIC in FreeBSD 12.
fdc0: No FDOUT register!
Timecounters tick every 10.000 msec
hdacc0: <Generic (0x1af40022) HDA CODEC> at cad 0 on hdac0
hdaa0: <Generic (0x1af40022) Audio Function Group> at nid 1 on hdacc0
pcm0: <Generic (0x1af40022) (Analog)> at nid 3 and 5 on hdaa0
usbus0: 12Mbps Full Speed USB v1.0
usbus1: 12Mbps Full Speed USB v1.0
usbus2: 12Mbps Full Speed USB v1.0
usbus3: 480Mbps High Speed USB v2.0
ugen3.1: <Intel EHCI root HUB> at usbus3
uhub0: <Intel EHCI root HUB, class 9/0, rev 2.00/1.00, addr 1> on usbus3
ugen2.1: <Intel UHCI root HUB> at usbus2
uhub1: <Intel UHCI root HUB, class 9/0, rev 1.00/1.00, addr 1> on usbus2
ugen1.1: <Intel UHCI root HUB> at usbus1
uhub2: <Intel UHCI root HUB, class 9/0, rev 1.00/1.00, addr 1> on usbus1
ugen0.1: <Intel UHCI root HUB> at usbus0
uhub3: <Intel UHCI root HUB, class 9/0, rev 1.00/1.00, addr 1> on usbus0
Trying to mount root from ufs:/dev/gpt/rootfs [rw]...
Setting hostuuid: 6c201b51-0797-4b8b-8beb-543595a51060.
Setting hostid: 0x81d6ff07.
Starting file system checks:
/dev/gpt/rootfs: FILE SYSTEM CLEAN; SKIPPING CHECKS
/dev/gpt/rootfs: clean, 5293157 free (10029 frags, 660391 blocks, 0.2% fragmentation)
Mounting local filesystems:.
ELF ldconfig path: /lib /usr/lib /usr/lib/compat
32-bit compatibility ldconfig path: /usr/lib32
Setting hostname: freebsd.
uhub3: 2 ports with 2 removable, self powered
uhub2: 2 ports with 2 removable, self powered
uhub1: 2 ports with 2 removable, self powered
Setting up harvesting: PURE_RDRAND,[UMA],[FS_ATIME],SWI,INTERRUPT,NET_NG,NET_ETHER,NET_TUN,MOUSE,KEYBOARD,ATTACH,CACHED
Feeding entropy: .
lo0: link state changed to UP
vtnet0: link state changed to UP
uhub0: 6 ports with 6 removable, self powered
Starting Network: lo0 vtnet0.
lo0: flags=8049<UP,LOOPBACK,RUNNING,MULTICAST> metric 0 mtu 16384
	options=680003<RXCSUM,TXCSUM,LINKSTATE,RXCSUM_IPV6,TXCSUM_IPV6>
	inet6 ::1 prefixlen 128
	inet6 fe80::1%lo0 prefixlen 64 scopeid 0x2
	inet 127.0.0.1 netmask 0xff000000
	groups: lo
	nd6 options=23<PERFORMNUD,ACCEPT_RTADV,AUTO_LINKLOCAL>
vtnet0: flags=8843<UP,BROADCAST,RUNNING,SIMPLEX,MULTICAST> metric 0 mtu 1500
	options=6c07bb<RXCSUM,TXCSUM,VLAN_MTU,VLAN_HWTAGGING,JUMBO_MTU,VLAN_HWCSUM,TSO4,TSO6,LRO,VLAN_HWTSO,LINKSTATE,RXCSUM_IPV6,TXCSUM_IPV6>
	ether 52:54:00:f7:01:cb
	inet6 fe80::5054:ff:fef7:1cb%vtnet0 prefixlen 64 scopeid 0x1
	media: Ethernet 10Gbase-T <full-duplex>
	status: active
	nd6 options=23<PERFORMNUD,ACCEPT_RTADV,AUTO_LINKLOCAL>
Starting devd.
Autoloading module: intpm.ko
intsmb0: <Intel PIIX4 SMBUS Interface> irq 9 at device 1.3 on pci0
intsmb0: intr IRQ 9 enabled revision 0
smbus0: <System Management Bus> on intsmb0
Starting dhclient.
DHCPREQUEST on vtnet0 to 255.255.255.255 port 67
DHCPACK from 192.168.122.1
bound to 192.168.122.43 -- renewal in 1800 seconds.
add host 127.0.0.1: gateway lo0 fib 0: route already in table
add host ::1: gateway lo0 fib 0: route already in table
add net fe80::: gateway ::1
add net ff02::: gateway ::1
add net ::ffff:0.0.0.0: gateway ::1
add net ::0.0.0.0: gateway ::1
Creating and/or trimming log files.
Starting syslogd.
No core dumps found.
Clearing /tmp (X related).
Updating motd:.
Mounting late filesystems:.
Updating /var/run/os-release done.
Configuring vt: blanktime.
Performing sanity check on sshd configuration.
Starting sshd.
Starting sendmail_submit.
Feb 22 19:22:44 freebsd sm-mta[700]: My unqualified host name (freebsd) unknown; sleeping for retry
Script /etc/rc.d/sendmail interrupted
Starting cron.
Starting background file system checks in 60 seconds.

Sat Feb 22 19:23:05 UTC 2020
Feb 22 19:26:28 freebsd login[753]: ROOT LOGIN (root) ON ttyv0
panic: vm_fault: fault on nofault entry, addr: 0xfffffe0000f04000
cpuid = 0
time = 1582399731
KDB: stack backtrace:
#0 0xffffffff80c0ad55 at kdb_backtrace+0x65
#1 0xffffffff80bbf0ce at vpanic+0x17e
#2 0xffffffff80bbef43 at panic+0x43
#3 0xffffffff80ef615c at vm_fault+0x248c
#4 0xffffffff80ef3bb0 at vm_fault_trap+0x60
#5 0xffffffff810914af at trap_pfault+0x19f
#6 0xffffffff810909b8 at trap+0x288
#7 0xffffffff8106a1bc at calltrap+0x8
#8 0xffffffff80ecc370 at ffs_sbget+0x2f0
#9 0xffffffff80b116b7 at g_label_ufs_taste_common+0x57
#10 0xffffffff80b0fa50 at g_label_taste+0x340
#11 0xffffffff80b0e0ba at g_new_provider_event+0x8a
#12 0xffffffff80b08ff3 at g_run_events+0x173
#13 0xffffffff80b8039e at fork_exit+0x7e
#14 0xffffffff8106b20e at fork_trampoline+0xe
Uptime: 6m24s
Dumping 109 out of 986 MB:..15%..30%..44%..59%..74%..88%

------------------------------------------------------------------------
kernel config

options	CONFIG_AUTOGENERATED
ident	GENERIC
machine	amd64
cpu	HAMMER
makeoptions	WITH_CTF=1
makeoptions	DEBUG=-g
options	EVDEV_SUPPORT
options	XENHVM
options	USB_DEBUG
options	ATH_ENABLE_11N
options	AH_AR5416_INTERRUPT_MITIGATION
options	AH_SUPPORT_AR5416
options	IEEE80211_SUPPORT_MESH
options	IEEE80211_AMPDU_AGE
options	IEEE80211_DEBUG
options	SC_PIXEL_MODE
options	VESA
options	PCI_IOV
options	PCI_HP
options	ACPI_DMAR
options	EARLY_AP_STARTUP
options	SMP
options	NETDUMP
options	ZSTDIO
options	GZIO
options	EKCD
options	KDB_TRACE
options	KDB
options	RCTL
options	RACCT_DEFAULT_TO_DISABLED
options	RACCT
options	INCLUDE_CONFIG_FILE
options	DDB_CTF
options	KDTRACE_HOOKS
options	KDTRACE_FRAME
options	MAC
options	CAPABILITIES
options	CAPABILITY_MODE
options	AUDIT
options	HWPMC_HOOKS
options	KBD_INSTALL_CDEV
options	PRINTF_BUFR_SIZE=128
options	_KPOSIX_PRIORITY_SCHEDULING
options	SYSVSEM
options	SYSVMSG
options	SYSVSHM
options	STACK
options	KTRACE
options	SCSI_DELAY=5000
options	COMPAT_FREEBSD11
options	COMPAT_FREEBSD10
options	COMPAT_FREEBSD9
options	COMPAT_FREEBSD7
options	COMPAT_FREEBSD6
options	COMPAT_FREEBSD5
options	COMPAT_FREEBSD4
options	COMPAT_FREEBSD32
options	EFIRT
options	GEOM_LABEL
options	GEOM_RAID
options	PSEUDOFS
options	PROCFS
options	CD9660
options	MSDOSFS
options	NFS_ROOT
options	NFSLOCKD
options	NFSD
options	NFSCL
options	MD_ROOT
options	QUOTA
options	UFS_GJOURNAL
options	UFS_DIRHASH
options	UFS_ACL
options	SOFTUPDATES
options	FFS
options	SCTP
options	TCP_RFC7413
options	TCP_HHOOK
options	TCP_BLACKBOX
options	TCP_OFFLOAD
options	IPSEC_SUPPORT
options	IPSEC
options	INET6
options	INET
options	VIMAGE
options	PREEMPTION
options	NUMA
options	SCHED_ULE
options	NEW_PCIB
options	GEOM_PART_GPT
options	GEOM_PART_MBR
options	GEOM_PART_EBR_COMPAT
options	GEOM_PART_EBR
options	GEOM_PART_BSD
device	isa
device	mem
device	io
device	uart_ns8250
device	cpufreq
device	acpi
device	pci
device	fdc
device	ahci
device	ata
device	mvs
device	siis
device	ahc
device	ahd
device	esp
device	hptiop
device	isp
device	mpt
device	mps
device	mpr
device	sym
device	trm
device	isci
device	ocs_fc
device	scbus
device	ch
device	da
device	sa
device	cd
device	pass
device	ses
device	amr
device	arcmsr
device	ciss
device	dpt
device	hptmv
device	hptnr
device	hptrr
device	hpt27xx
device	iir
device	ips
device	mly
device	twa
device	smartpqi
device	tws
device	aac
device	aacp
device	aacraid
device	ida
device	mfi
device	mlx
device	mrsas
device	pmspcv
device	twe
device	nvme
device	nvd
device	atkbdc
device	atkbd
device	psm
device	kbdmux
device	vga
device	splash
device	sc
device	vt
device	vt_vga
device	vt_efifb
device	agp
device	cbb
device	pccard
device	cardbus
device	uart
device	ppc
device	ppbus
device	lpt
device	ppi
device	puc
device	iflib
device	em
device	ix
device	ixv
device	ixl
device	iavf
device	vmx
device	bxe
device	de
device	le
device	ti
device	txp
device	vx
device	miibus
device	ae
device	age
device	alc
device	ale
device	bce
device	bfe
device	bge
device	cas
device	dc
device	et
device	fxp
device	gem
device	hme
device	jme
device	lge
device	msk
device	nfe
device	nge
device	pcn
device	re
device	rl
device	sf
device	sge
device	sis
device	sk
device	ste
device	stge
device	tl
device	tx
device	vge
device	vr
device	wb
device	xl
device	wlan
device	wlan_wep
device	wlan_ccmp
device	wlan_tkip
device	wlan_amrr
device	an
device	ath
device	ath_pci
device	ath_hal
device	ath_rate_sample
device	ipw
device	iwi
device	iwn
device	malo
device	mwl
device	ral
device	wi
device	wpi
device	crypto
device	loop
device	random
device	padlock_rng
device	rdrand_rng
device	ether
device	vlan
device	tuntap
device	md
device	gif
device	firmware
device	bpf
device	uhci
device	ohci
device	ehci
device	xhci
device	usb
device	ukbd
device	umass
device	sound
device	snd_cmi
device	snd_csa
device	snd_emu10kx
device	snd_es137x
device	snd_hda
device	snd_ich
device	snd_via8233
device	mmc
device	mmcsd
device	sdhci
device	virtio
device	virtio_pci
device	vtnet
device	virtio_blk
device	virtio_scsi
device	virtio_balloon
device	hyperv
device	xenpci
device	netmap
device	evdev
device	uinput

------------------------------------------------------------------------
ddb capture buffer

ddb: ddb_capture: kvm_nlist
