freebsd dumped core - see /var/crash/vmcore.5

Sat Feb 22 20:36:22 UTC 2020

FreeBSD freebsd 12.1-STABLE FreeBSD 12.1-STABLE r358121 GENERIC  amd64

panic: page fault

GNU gdb 6.1.1 [FreeBSD]
Copyright 2004 Free Software Foundation, Inc.
GDB is free software, covered by the GNU General Public License, and you are
welcome to change it and/or distribute copies of it under certain conditions.
Type "show copying" to see the conditions.
There is absolutely no warranty for GDB.  Type "show warranty" for details.
This GDB was configured as "amd64-marcel-freebsd"...

Unread portion of the kernel message buffer:


Fatal trap 12: page fault while in kernel mode
cpuid = 0; apic id = 00
fault virtual address	= 0xffff807effd52098
fault code		= supervisor write data, page not present
instruction pointer	= 0x20:0xffffffff8107acda
stack pointer	        = 0x28:0xfffffe00004dd4c0
frame pointer	        = 0x28:0xfffffe00004dd4c0
code segment		= base 0x0, limit 0xfffff, type 0x1b
			= DPL 0, pres 1, long 1, def32 0, gran 1
processor eflags	= interrupt enabled, resume, IOPL = 0
current process		= 847 (mount)
trap number		= 12
panic: page fault
cpuid = 0
time = 1582403729
KDB: stack backtrace:
#0 0xffffffff80c0ad55 at kdb_backtrace+0x65
#1 0xffffffff80bbf0ce at vpanic+0x17e
#2 0xffffffff80bbef43 at panic+0x43
#3 0xffffffff81091310 at trap_pfault+0
#4 0xffffffff8109135f at trap_pfault+0x4f
#5 0xffffffff810909b8 at trap+0x288
#6 0xffffffff8106a1bc at calltrap+0x8
#7 0xffffffff80c6ed0f at allocbuf+0x20f
#8 0xffffffff80c6cf9e at getblkx+0x5be
#9 0xffffffff80c6f535 at getblk+0x15
#10 0xffffffff80ecfd56 at ffs_mount+0x1de6
#11 0xffffffff80c84a07 at vfs_domount+0xb57
#12 0xffffffff80c83802 at vfs_donmount+0x992
#13 0xffffffff80c82e41 at sys_nmount+0x71
#14 0xffffffff81091e87 at amd64_syscall+0x357
#15 0xffffffff8106aaf0 at fast_syscall_common+0x101
Uptime: 5m32s
Dumping 99 out of 986 MB:..17%..33%..49%..65%..81%..97%

Reading symbols from /boot/kernel/intpm.ko...Reading symbols from /usr/lib/debug//boot/kernel/intpm.ko.debug...done.
done.
Loaded symbols for /boot/kernel/intpm.ko
Reading symbols from /boot/kernel/smbus.ko...Reading symbols from /usr/lib/debug//boot/kernel/smbus.ko.debug...done.
done.
Loaded symbols for /boot/kernel/smbus.ko
#0  doadump () at src/sys/amd64/include/pcpu_aux.h:55
55	src/sys/amd64/include/pcpu_aux.h: No such file or directory.
	in src/sys/amd64/include/pcpu_aux.h
(kgdb) #0  doadump () at src/sys/amd64/include/pcpu_aux.h:55
#1  0xffffffff80bbece5 in kern_reboot (howto=260)
    at /usr/src/sys/kern/kern_shutdown.c:451
#2  0xffffffff80bbf126 in vpanic (fmt=<value optimized out>, 
    ap=<value optimized out>) at /usr/src/sys/kern/kern_shutdown.c:880
#3  0xffffffff80bbef43 in panic (fmt=<value optimized out>)
    at /usr/src/sys/kern/kern_shutdown.c:807
#4  0xffffffff81091310 in trap_fatal (frame=<value optimized out>, 
    eva=<value optimized out>) at /usr/src/sys/amd64/amd64/trap.c:925
#5  0xffffffff8109135f in trap_pfault (frame=0xfffffe00004dd400, 
    usermode=<value optimized out>, signo=<value optimized out>, 
    ucode=<value optimized out>) at src/sys/amd64/include/pcpu_aux.h:55
#6  0xffffffff810909b8 in trap (frame=0xfffffe00004dd400)
    at /usr/src/sys/amd64/amd64/trap.c:407
#7  0xffffffff8106a1bc in calltrap ()
    at /usr/src/sys/amd64/amd64/exception.S:289
#8  0xffffffff8107acda in pmap_qremove (sva=18446741873247727616, 
    count=<value optimized out>) at /usr/src/sys/amd64/amd64/pmap.c:1316
#9  0xffffffff80c6ed0f in allocbuf (bp=0xfffffe00008b7768, 
    size=<value optimized out>) at /usr/src/sys/kern/vfs_bio.c:2979
#10 0xffffffff80c6cf9e in getblkx (vp=0xfffff80003c441e0, 
    blkno=<value optimized out>, size=<value optimized out>, slpflag=0, 
    slptimeo=<value optimized out>, flags=0, bpp=0xfffffe00004dd608)
    at /usr/src/sys/kern/vfs_bio.c:4097
#11 0xffffffff80c6f535 in getblk (vp=<value optimized out>, 
    blkno=<value optimized out>, size=<value optimized out>, 
    slpflag=<value optimized out>, slptimeo=<value optimized out>, 
    flags=<value optimized out>) at /usr/src/sys/kern/vfs_bio.c:3802
#12 0xffffffff80ecfd56 in ffs_mount (mp=<value optimized out>)
    at /usr/src/sys/ufs/ffs/ffs_vfsops.c:1927
#13 0xffffffff80c84a07 in vfs_domount (td=0xfffff800036d4720, 
    fstype=<value optimized out>, fspath=<value optimized out>, 
    fsflags=<value optimized out>, optlist=0xfffffe00004dda00)
    at /usr/src/sys/kern/vfs_mount.c:893
#14 0xffffffff80c83802 in vfs_donmount (td=0xfffff800036d4720, fsflags=0, 
    fsoptions=0xfffff80003887800) at /usr/src/sys/kern/vfs_mount.c:726
#15 0xffffffff80c82e41 in sys_nmount (td=0xfffff800036d4720, 
    uap=0xfffff800036d4ae0) at /usr/src/sys/kern/vfs_mount.c:431
#16 0xffffffff81091e87 in amd64_syscall (td=0xfffff800036d4720, traced=0)
    at src/sys/amd64/amd64/../../kern/subr_syscall.c:135
#17 0xffffffff8106aaf0 in fast_syscall_common ()
    at /usr/src/sys/amd64/amd64/exception.S:583
#18 0x00000008002f576a in ?? ()
Previous frame inner to this frame (corrupt stack?)
Current language:  auto; currently minimal
(kgdb) 

------------------------------------------------------------------------
ps -axlww

UID PID PPID CPU PRI NI   VSZ  RSS MWCHAN   STAT TT     TIME COMMAND
  0   0    0   0 -16  0     0    0 swapin   DLs   -  0:00.00 [kernel]
  0   1    0   0  20  0  9948  908 wait     DLs   -  0:00.00 [init]
  0   2    0   0 -16  0     0    0 crypto_w DL    -  0:00.00 [crypto]
  0   3    0   0 -16  0     0    0 crypto_r DL    -  0:00.00 [crypto returns 0]
  0   4    0   0 -16  0     0    0 -        DL    -  0:00.21 [cam]
  0   5    0   0 -16  0     0    0 waiting_ DL    -  0:00.00 [sctp_iterator]
  0   6    0   0 -16  0     0    0 -        DL    -  0:00.07 [rand_harvestq]
  0   7    0   0 -16  0     0    0 psleep   DL    -  0:00.04 [pagedaemon]
  0   8    0   0 -16  0     0    0 psleep   DL    -  0:00.00 [vmdaemon]
  0   9    0   0 -16  0     0    0 qsleep   DL    -  0:00.05 [bufdaemon]
  0  10    0   0 -16  0     0    0 audit_wo DL    -  0:00.00 [audit]
  0  11    0   0 155  0     0    0 -        RL    -  2:15.97 [idle]
  0  12    0   0 -56  0     0    0 -        WL    -  0:00.37 [intr]
  0  13    0   0  -8  0     0    0 -        DL    -  0:00.01 [geom]
  0  14    0   0 -16  0     0    0 seqstate DL    -  0:00.00 [sequencer 00]
  0  15    0   0 -68  0     0    0 -        DL    -  0:00.02 [usb]
  0  16    0   0  16  0     0    0 syncer   DL    -  0:00.02 [syncer]
  0  17    0   0 -16  0     0    0 vlruwt   DL    -  0:00.00 [vnlru]
  0  18    0   0 -16  0     0    0 -        DL    -  0:00.00 [soaiod1]
  0  19    0   0 -16  0     0    0 -        DL    -  0:00.00 [soaiod2]
  0  20    0   0 -16  0     0    0 -        DL    -  0:00.00 [soaiod3]
  0  21    0   0 -16  0     0    0 -        DL    -  0:00.00 [soaiod4]
  0 381    1   0  52  0 11380 2528 select   Ds    -  0:00.00 [dhclient]
  0 384    1   0  52  0 11564 2656 select   Ds    -  0:00.00 [dhclient]
 65 432    1   0  52  0 11732 2772 select   DCs   -  0:00.00 [dhclient]
  0 433    1   0  20  0 10452 1452 select   Ds    -  0:00.00 [devd]
  0 504    1   0  20  0 11384 2580 select   Ds    -  0:00.01 [syslogd]
  0 757    1   0  25  0 19584 7744 select   Ds    -  0:00.00 [sshd]
  0 760    1   0  20  0 16936 6844 select   Ds    -  0:00.01 [sendmail]
 25 763    1   0  21  0 16756 6516 pause    Ds    -  0:00.00 [sendmail]
  0 767    1   0  20  0 11404 2616 nanslp   Ds    -  0:00.00 [cron]
  0 817    1   0  20  0 12088 3152 wait     Ds    -  0:00.00 [login]
  0 818    1   0  52  0 10868 2264 ttyin    Ds+   -  0:00.00 [getty]
  0 819    1   0  52  0 10868 2264 ttyin    Ds+   -  0:00.00 [getty]
  0 820    1   0  52  0 10868 2264 ttyin    Ds+   -  0:00.00 [getty]
  0 821    1   0  52  0 10868 2264 ttyin    Ds+   -  0:00.00 [getty]
  0 822    1   0  52  0 10868 2264 ttyin    Ds+   -  0:00.00 [getty]
  0 823    1   0  52  0 10868 2264 ttyin    Ds+   -  0:00.00 [getty]
  0 824    1   0  52  0 10868 2264 ttyin    Ds+   -  0:00.00 [getty]
  0 841  817   0  20  0 13168 3800 pause    D     -  0:00.01 [csh]
  0 846    0   0  -8  0     0    0 mdwait   DL    -  0:00.00 [md0]
  0 847  841   0  20  0 10804 2244 -        R+    -  0:00.00 [mount]

------------------------------------------------------------------------
vmstat -s

    48513 cpu context switches
     7886 device interrupts
     3802 software interrupts
   355876 traps
   502828 system calls
       22 kernel threads created
      592  fork() calls
      231 vfork() calls
        2 rfork() calls
        0 swap pager pageins
        0 swap pager pages paged in
        0 swap pager pageouts
        0 swap pager pages paged out
      835 vnode pager pageins
     6229 vnode pager pages paged in
        0 vnode pager pageouts
        0 vnode pager pages paged out
        0 page daemon wakeups
        0 pages examined by the page daemon
        0 clean page reclamation shortfalls
        0 pages reactivated by the page daemon
    25565 copy-on-write faults
       90 copy-on-write optimized faults
   352616 zero fill pages zeroed
        0 zero fill pages prezeroed
        2 intransit blocking page faults
   394505 total VM faults taken
      699 page faults requiring I/O
        0 pages affected by kernel thread creation
    34645 pages affected by  fork()
     7849 pages affected by vfork()
      110 pages affected by rfork()
   430639 pages freed
        0 pages freed by daemon
        0 pages freed by exiting processes
        0 pages active
        0 pages inactive
        0 pages in the laundry queue
        0 pages wired down
        0 pages free
        0 bytes per page
        0 total name lookups
          cache hits (0% pos + 0% neg) system 0% per-directory
          deletions 0%, falsehits 0%, toolong 0%

------------------------------------------------------------------------
vmstat -m

         Type InUse MemUse HighUse Requests  Size(s)
      CAM DEV     3     6K       -       14  2048
      entropy     1     1K       -       27  32,4096
      CAM CCB     0     0K       -       26  2048
     CAM path     3     1K       -       42  32
   CAM periph     2     1K       -       18  16,32,64,128,256
         hdaa     5     5K       -        5  512,1024,2048
         hdac     1     1K       -        1  1024
        hdacc     1     1K       -        1  32
       feeder    12     1K       -       14  32,128
        mixer     1     4K       -        1  4096
    CAM queue     6     2K       -       39  16,32,512
         UART     3     3K       -        3  16,1024
          USB    24    19K       -       24  16,128,512,4096
       USBdev    20     3K       -       20  32,64,128,256
CAM dev queue     3     1K       -        3  64
      ata_pci     1     1K       -        1  64
        vtbuf    24  1968K       -       46  4096
           vt    11     6K       -       11  512
       DEVFS3   127    32K       -      138  256
       DEVFS1    98    49K       -      108  512
   DEVFS_RULE    56    27K       -       56  64,512
        DEVFS    14     1K       -       15  16,128
       DEVFSP     2     1K       -        2  64
NFSD V4client     1     1K       -        1  256
 NFSD lckfile     1     1K       -        1  256
 NFSD session     1     1K       -        1  1024
    pfs_nodes    20    10K       -       20  512
         GEOM    90    14K       -      639  16,32,64,128,256,512,1024,2048,4096,8192
    raid_data     0     0K       -      102  32,128,256
       isadev     7     1K       -        7  128
         cdev     4     1K       -        4  256
     filedesc     1     4K       -        1  4096
        sigio     0     0K       -        1  64
     filecaps     1     1K       -       71  16,32,64
      kdtrace   146    29K       -     1758  64,256
         kenv    90    12K       -       94  16,32,64,128,8192
       kqueue    42     3K       -      848  64
    proc-args    28     2K       -      548  16,32,64,128,256
        hhook    13     4K       -       13  256
      ithread    83    13K       -       83  32,128,256
       prison     4     1K       -        4  32
       KTRACE   100    13K       -      100  128
       linker   207    48K       -      219  16,32,64,128,256,512,1024,2048,4096,8192
        lockf    24     3K       -       40  64,128
   loginclass     3     1K       -        3  64
       devbuf  2423  1360K       -     5791  16,32,64,128,256,512,1024,2048,4096,8192,16384,32768,65536
         temp    18    18K       -     1765  16,32,64,128,256,512,1024,2048,4096,8192,65536
        evdev     4     4K       -        4  1024
       module   506    64K       -      507  128
     mtx_pool     2    72K       -        2  8192,65536
          osd     3     1K       -        9  16,32,64,128,256
     pmchooks     1     1K       -        1  128
          pmc     1     1K       -        1  64
         pgrp    20     3K       -       32  128
      session    18     3K       -       23  128
         proc     2    16K       -        2  8192
      subproc    88   191K       -      894  512,4096
         cred    33     9K       -      148  256
     acpiintr     1     1K       -        1  64
       plimit    17     5K       -      321  256
      uidinfo     6     3K       -        7  128,2048
       dumper     1     1K       -        1  512
       acpica   809    88K       -    57933  16,32,64,128,256,512,2048,8192
       sysctl     0     0K       -        1  64
    sysctloid  2824   145K       -     2909  16,32,64,128
    sysctltmp     0     0K       -      777  16,32,64,256,1024
     acpitask     1    64K       -        1  65536
      tidhash     1    16K       -        1  16384
      callout     2  1416K       -        2  
         umtx   220    28K       -      220  128
     p1003.1b     1     1K       -        1  16
         SWAP     1    68K       -        1  
          bus  1088    89K       -     5066  16,32,64,128,256,1024,4096
       bus-sc    46   278K       -     2457  16,32,128,256,512,1024,2048,4096,8192,16384,32768,65536
      acpisem    23     3K       -       23  128
      devstat     6    13K       -        6  32,4096
        epoch     4     1K       -        4  128
 eventhandler   129    11K       -      129  64,128
   gtaskqueue    16    34K       -       16  16,32,256,8192
         kobj   346  1384K       -      555  4096
      Per-cpu     1     1K       -        1  32
       kbdmux     6    22K       -        6  16,512,1024,2048,16384
         rman   112    14K       -      443  16,32,128
         sbuf     0     0K       -      568  16,32,64,128,256,4096,16384,32768
       sglist     3     4K       -        3  32,1024,2048
    taskqueue    36     4K       -       36  16,32,256
     terminal    11     3K       -       11  256
       Unitno    24     2K       -       40  32,64
         vmem     3     5K       -        4  1024,2048
     ioctlops     0     0K       -       83  256,512,1024
       select    16     2K       -       16  128
          iov     1     1K       -   128235  16,64,128,256,512
          msg     4    30K       -        4  2048,4096,8192,16384
          sem     4   106K       -        4  2048,4096
          shm     1    32K       -        1  32768
          tty    13    13K       -       13  1024
     mbuf_tag     0     0K       -       16  32
        shmfd     1     8K       -        1  8192
       soname     4     1K       -     7844  16,32,128
          pcb    22   345K       -       56  16,32,64,128,1024,2048,8192,65536
     vfscache     4   525K       -        4  256,4096,8192
     vfs_hash     1   256K       -        1  
       vnodes     1     1K       -        1  256
        mount    29     2K       -      132  16,32,64,128,256
       statfs     0     0K       -      156  4096
      md_disk     1     4K       -        1  4096
  vnodemarker     0     0K       -       33  512
chacha20random     1     1K       -        1  256
          BPF    10    18K       -       10  128,512,4096
        ifnet     3     5K       -        3  128,2048
       ifaddr    30    12K       -       31  16,32,64,128,256,512,2048,4096
  ether_multi    40     4K       -       45  16,32,64,128
        clone     9     2K       -        9  128
        ipsec     3     1K       -        3  256
      lltable    11     4K       -       11  256,512
          tun     3     1K       -        3  32
     routetbl    28     4K       -       33  32,64,128,512
         vnet     1     1K       -        1  64
    vnet_data     1   168K       -        1  
vnet_data_free     1     1K       -        1  32
         igmp     2     1K       -        2  128
     in_multi     2     1K       -        3  256
encap_export_host    12     1K       -       12  32,64
    sctp_a_it     0     0K       -        3  16
     sctp_vrf     1     1K       -        1  64
     sctp_ifa     5     1K       -        5  128
     sctp_ifn     2     1K       -        2  128
    sctp_iter     0     0K       -        3  256
   tfo_ccache     1   128K       -        1  
    hostcache     1    32K       -        1  32768
      tcpfunc     1     1K       -        1  64
     syncache     1    68K       -        1  
    in6_multi    25     3K       -       25  32,256
       ip6opt     0     0K       -        3  32
          mld     2     1K       -        2  128
       ip6ndp     4     1K       -        5  64,256
  inpcbpolicy     6     1K       -      102  32
     secasvar     1     1K       -        1  1024
       sahead     1     1K       -        1  1024
  ipsecpolicy     2     2K       -        2  256,1024
    ipsec-saq     2     2K       -        2  1024
       crypto     2     2K       -        2  128,1024
          rpc     2     8K       -        2  4096
audit_evclass   230     8K       -      285  32
      pagedep     2    65K       -       20  256,65536
     inodedep     2   257K       -       90  512
    bmsafemap     1     8K       -       50  256,8192
       newblk   258   577K       -     2804  256
     indirdep     1     1K       -        2  128
     freefrag     0     0K       -        4  128
     freeblks     0     0K       -       32  256
     freefile     0     0K       -       37  64
       diradd     1     1K       -       42  128
        mkdir     0     0K       -       14  128
       dirrem     0     0K       -       39  128
    newdirblk     0     0K       -        7  64
     freework     1     1K       -       34  16,128
        sbdep     0     0K       -       10  64
     savedino     0     0K       -       39  256
      softdep     1     1K       -        1  512
  ufs_dirhash    33     7K       -       33  16,32,64,128,512
    ufs_quota     1   256K       -        1  
    ufs_mount     6    33K       -        9  512,4096,8192
    vm_pgdata     1     1K       -        1  128
      UMAHash     1     2K       -        1  2048
      memdesc     1     4K       -        1  4096
     pci_link    10     1K       -       10  16,128
     atkbddev     2     1K       -        2  64
      acpidev    21     2K       -       21  64
      CAM SIM     3     1K       -        3  256
      CAM XPT    15     2K       -       28  32,128,512,1024
       apmdev     1     1K       -        1  128
   madt_table     0     0K       -        2  16,4096
         intr     4   400K       -        4  65536
      io_apic     1     2K       -        1  2048
   local_apic     1     1K       -        1  1024
          MCA    10     2K       -       10  128
         cpus     2     1K       -        2  16
          msi     6     1K       -        6  128
     nexusdev     5     1K       -        5  16

------------------------------------------------------------------------
vmstat -z

ITEM                   SIZE  LIMIT     USED     FREE      REQ FAIL SLEEP

UMA Kegs:               224,      0,     124,      12,     124,   0,   0
UMA Zones:              552,      0,     125,       1,     125,   0,   0
UMA Slabs:               80,      0,    1048,       2,    1195,   0,   0
UMA Hash:               256,      0,      11,       4,      12,   0,   0
4 Bucket:                32,      0,      12,     363,     642,   0,   0
6 Bucket:                48,      0,       3,     329,      19,   0,   0
8 Bucket:                64,      0,       7,     303,     138,  21,   0
12 Bucket:               96,      0,       4,     160,      12,   0,   0
16 Bucket:              128,      0,      23,     132,     672,   1,   0
32 Bucket:              256,      0,      16,      59,   12639,   6,   0
64 Bucket:              512,      0,      61,      35,     582,25138,   0
128 Bucket:            1024,      0,      16,      12,      68,   1,   0
256 Bucket:            2048,      0,      19,       3,      54,  21,   0
vmem:                  1856,      0,       3,       1,       3,   0,   0
vmem btag:               56,      0,     458,     181,     473,   5,   0
VM OBJECT:              256,      0,    1013,      97,   11613,   0,   0
RADIX NODE:             144,      0,    4715,    2386,   44616,   0,   0
MAP:                    240,      0,       3,      61,       3,   0,   0
KMAP ENTRY:             120,      0,       8,     124,       9,   0,   0
MAP ENTRY:              120,      0,     709,     446,   41879,   0,   0
VMSPACE:               2560,      0,      20,       4,     827,   0,   0
fakepg:                 104,      0,       0,       0,       0,   0,   0
64 pcpu:                  8,      0,    2477,      83,    2481,   0,   0
mt_stats_zone:           64,      0,     422,      90,     422,   0,   0
mt_zone:                 24,      0,     422,     246,     422,   0,   0
16:                      16,      0,    1372,     385,   30784,   0,   0
32:                      32,      0,    1545,     330,    5969,   0,   0
64:                      64,      0,    1689,     171,  132963,   0,   0
128:                    128,      0,    3903,      34,   41644,   0,   0
256:                    256,      0,    1206,    2244,    7651,   0,   0
512:                    512,      0,     303,      49,    1785,   0,   0
1024:                  1024,      0,     442,      70,    1420,   0,   0
2048:                  2048,      0,      26,      14,     279,   0,   0
4096:                  4096,      0,     442,       3,    2614,   0,   0
8192:                  8192,      0,      26,       0,     258,   0,   0
16384:                16384,      0,       5,       2,     297,   0,   0
32768:                32768,      0,       3,       1,     229,   0,   0
65536:                65536,      0,      15,       2,     253,   0,   0
SLEEPQUEUE:              80,      0,     111,      44,     111,   0,   0
Files:                   80,      0,      65,      85,    6770,   0,   0
filedesc0:             1104,      0,      42,       3,     848,   0,   0
rangeset pctrie nodes:    144,      0,       0,       0,       0,   0,   0
rl_entry:                40,      0,      25,     275,      25,   0,   0
TURNSTILE:              136,      0,     111,      29,     111,   0,   0
umtx pi:                 96,      0,       0,       0,       0,   0,   0
umtx_shm:                88,      0,       0,       0,       0,   0,   0
MAC labels:              40,      0,       0,       0,       0,   0,   0
PROC:                  1328,      0,      41,       4,     847,   0,   0
THREAD:                1824,      0,     107,       3,     107,   0,   0
cpuset:                 104,      0,       3,     152,       3,   0,   0
domainset:               40,      0,       0,       0,       0,   0,   0
audit_record:          1280,      0,       0,       0,       0,   0,   0
mbuf_packet:            256, 393180,     256,     256,    5132,   0,   0
mbuf:                   256, 393180,       1,     258,    1418,   0,   0
mbuf_cluster:          2048,  61434,     506,       4,     506,   0,   0
mbuf_jumbo_page:       4096,  30716,       0,       2,       2,   0,   0
mbuf_jumbo_9k:         9216,  27303,       0,       0,       0,   0,   0
mbuf_jumbo_16k:       16384,  20476,       0,       0,       0,   0,   0
epoch_record pcpu:      256,      0,       4,      60,       4,   0,   0
ttyoutq:                256,      0,      64,      71,     136,   0,   0
DMAR_MAP_ENTRY:         120,      0,       0,       0,       0,   0,   0
FPU_save_area:          832,      0,       0,       0,       0,   0,   0
ttyinq:                 160,      0,     120,       5,     255,   0,   0
g_bio:                  376,      0,       0,     180,   33074,   0,   0
nvme_request:           128,      0,       0,       0,       0,   0,   0
cryptop:                128,      0,       0,       0,       0,   0,   0
cryptodesc:             120,      0,       0,       0,       0,   0,   0
crypto_session:          24,      0,       0,       0,       0,   0,   0
vtnet_tx_hdr:            24,      0,       0,     334,     906,   0,   0
VNODE:                  480,      0,     606,      10,     645,   0,   0
VNODEPOLL:              120,      0,       0,       0,       0,   0,   0
BUF TRIE:               144,      0,     350,    6643,    2182,   0,   0
NAMEI:                 1024,      0,       0,      16,   13566,   0,   0
rentr:                   24,      0,       0,     334,       1,   0,   0
S VFS Cache:            108,      0,     607,      23,    1358,   0,   0
STS VFS Cache:          148,      0,       0,       0,       0,   0,   0
L VFS Cache:            328,      0,       0,       0,       0,   0,   0
LTS VFS Cache:          368,      0,       0,       0,       0,   0,   0
NCLNODE:                592,      0,       0,       0,       0,   0,   0
DIRHASH:               1024,      0,      59,       9,      59,   0,   0
pipe:                   760,      0,       2,      13,     299,   0,   0
Mountpoints:           2744,      0,       3,       0,       3,   0,   0
procdesc:               136,      0,       1,      86,       2,   0,   0
AIO:                    208,      0,       0,       0,       0,   0,   0
AIOP:                    32,      0,       0,       0,       0,   0,   0
AIOCB:                  752,      0,       0,       0,       0,   0,   0
AIOLIO:                 280,      0,       0,       0,       0,   0,   0
ksiginfo:               112,      0,      35,    1015,      58,   0,   0
itimer:                 352,      0,       0,       0,       0,   0,   0
KNOTE:                  160,      0,       0,       0,       0,   0,   0
socket:                 872,  31568,      17,      11,    1445,   0,   0
unpcb:                  256,  31575,      10,      65,    1331,   0,   0
ipq:                     56,   1988,       0,       0,       0,   0,   0
udp_inpcb:              488,  31568,       2,      30,      93,   0,   0
udpcb:                   32,  31625,       2,     373,      93,   0,   0
tcp_inpcb:              488,  31568,       3,      29,       6,   0,   0
tcpcb:                  976,  31568,       3,      13,       6,   0,   0
tcptw:                   88,   6345,       0,       0,       0,   0,   0
syncache:               168,  15364,       0,      69,       1,   0,   0
hostcache:               96,  15375,       1,     163,       1,   0,   0
sackhole:                32,      0,       0,       0,       0,   0,   0
tfo:                      4,      0,       0,       0,       0,   0,   0
tfo_ccache_entries:      80,      0,       0,       0,       0,   0,   0
tcpreass:                48,   3901,       0,       0,       0,   0,   0
tcp_log:                400, 1000000,       0,       0,       0,   0,   0
tcp_log_bucket:         144,      0,       0,       0,       0,   0,   0
tcp_log_node:           120,      0,       0,       0,       0,   0,   0
sctp_ep:               1280,  31569,       0,       0,       0,   0,   0
sctp_asoc:             2408,  40000,       0,       0,       0,   0,   0
sctp_laddr:              48,  80012,       0,     332,       4,   0,   0
sctp_raddr:             736,  80000,       0,       0,       0,   0,   0
sctp_chunk:             152, 400010,       0,       0,       0,   0,   0
sctp_readq:             152, 400010,       0,       0,       0,   0,   0
sctp_stream_msg_out:    112, 400015,       0,       0,       0,   0,   0
sctp_asconf:             40, 400000,       0,       0,       0,   0,   0
sctp_asconf_ack:         48, 400060,       0,       0,       0,   0,   0
udplite_inpcb:          488,  31568,       0,       0,       0,   0,   0
ripcb:                  488,  31568,       1,      31,       3,   0,   0
IPsec SA lft_c:          16,      0,       0,       0,       0,   0,   0
rtentry:                208,      0,      13,      63,      16,   0,   0
selfd:                   64,      0,      33,     277,    5393,   0,   0
swpctrie:               144, 122877,       0,       0,       0,   0,   0
swblk:                  136, 122873,       0,       0,       0,   0,   0
FFS inode:              160,      0,     573,      52,     610,   0,   0
FFS1 dinode:            128,      0,       0,       0,       0,   0,   0
FFS2 dinode:            256,      0,     573,      42,     610,   0,   0


------------------------------------------------------------------------
vmstat -i

interrupt                          total       rate
irq1: atkbd0                         119          5
cpu0:timer                          7167        285
irq257: virtio_pci0                  663         26
irq258: virtio_pci0                    1          0
irq259: hdac0                         58          2
irq261: virtio_pci2                 7045        280
Total                              15053        598

------------------------------------------------------------------------
pstat -T

 65/31566 files
0M/0M swap space

------------------------------------------------------------------------
pstat -s

Device          512-blocks     Used    Avail Capacity

------------------------------------------------------------------------
iostat

       tty           vtbd0              md0             cpu
 tin  tout  KB/t tps  MB/s   KB/t tps  MB/s  us ni sy in id
   0    15 50.26  22  1.10   0.00   0  0.00   2  0  1  0 96

------------------------------------------------------------------------
ipcs -a

Message Queues:
T           ID          KEY MODE        OWNER    GROUP    CREATOR  CGROUP                 CBYTES                 QNUM               QBYTES        LSPID        LRPID STIME    RTIME    CTIME   

Shared Memory:
T           ID          KEY MODE        OWNER    GROUP    CREATOR  CGROUP         NATTCH        SEGSZ         CPID         LPID ATIME    DTIME    CTIME   

Semaphores:
T           ID          KEY MODE        OWNER    GROUP    CREATOR  CGROUP          NSEMS OTIME    CTIME   


------------------------------------------------------------------------
ipcs -T

msginfo:
	msgmax:        16384	(max characters in a message)
	msgmni:           40	(# of message queues)
	msgmnb:         2048	(max characters in a message queue)
	msgtql:           40	(max # of messages in system)
	msgssz:            8	(size of a message segment)
	msgseg:         2048	(# of message segments in system)

shminfo:
	shmmax:    536870912	(max shared memory segment size)
	shmmin:            1	(min shared memory segment size)
	shmmni:          192	(max number of shared memory identifiers)
	shmseg:          128	(max shared memory segments per process)
	shmall:       131072	(max amount of shared memory in pages)

seminfo:
	semmni:           50	(# of semaphore identifiers)
	semmns:          340	(# of semaphores in system)
	semmnu:          150	(# of undo structures in system)
	semmsl:          340	(max # of semaphores per id)
	semopm:          100	(max # of operations per semop call)
	semume:           50	(max # of undo entries per process)
	semusz:          632	(size in bytes of undo structure)
	semvmx:        32767	(semaphore maximum value)
	semaem:        16384	(adjust on exit max value)


------------------------------------------------------------------------
nfsstat

Rpc Counts:
      Getattr      Setattr       Lookup     Readlink         Read        Write       Create       Remove
            0            0            0            0            0            0            0            0
       Rename         Link      Symlink        Mkdir        Rmdir      Readdir     RdirPlus       Access
            0            0            0            0            0            0            0            0
        Mknod       Fsstat       Fsinfo     PathConf       Commit
            0            0            0            0            0
Rpc Info:
     TimedOut      Invalid    X Replies      Retries     Requests
            0            0            0            0            0
Cache Info:
    Attr Hits  Attr Misses    Lkup Hits  Lkup Misses    BioR Hits  BioR Misses    BioW Hits  BioW Misses
            0            0            0            0            0            0            0            0
   BioRL Hits BioRL Misses    BioD Hits  BioD Misses    DirE Hits  DirE Misses    Accs Hits  Accs Misses
            0            0            0            0            0            0            0            0
Server Info:
      Getattr      Setattr       Lookup     Readlink         Read        Write       Create       Remove
            0            0            0            0            0            0            0            0
       Rename         Link      Symlink        Mkdir        Rmdir      Readdir     RdirPlus       Access
            0            0            0            0            0            0            0            0
        Mknod       Fsstat       Fsinfo     PathConf       Commit
            0            0            0            0            0
Server Re-Failed
               0
Server Faults
            0
Server Write 
     WriteOps     WriteRPC      Opsaved
            0            0            0
Server Cache 
       Inprog         Idem     Non-Idem       Misses
            0            0            0            0

------------------------------------------------------------------------
netstat -s

tcp:
	872 packets sent
		255 data packets (11414 bytes)
		0 data packets (0 bytes) retransmitted
		0 data packets unnecessarily retransmitted
		0 resends initiated by MTU discovery
		507 ack-only packets (1 delayed)
		0 URG only packets
		0 window probe packets
		109 window update packets
		1 control packet
	581 packets received
		168 acks (for 11416 bytes)
		0 duplicate acks
		0 acks for unsent data
		524 packets (8407014 bytes) received in-sequence
		0 completely duplicate packets (0 bytes)
		0 old duplicate packets
		0 packets with some dup. data (0 bytes duped)
		0 out-of-order packets (0 bytes)
		0 packets (0 bytes) of data after window
		0 window probes
		0 window update packets
		0 packets received after close
		0 discarded for bad checksums
		0 discarded for bad header offset fields
		0 discarded because packet too short
		0 discarded due to full reassembly queue
	0 connection requests
	1 connection accept
	0 bad connection attempts
	0 listen queue overflows
	0 ignored RSTs in the windows
	1 connection established (including accepts)
		0 times used RTT from hostcache
		0 times used RTT variance from hostcache
		0 times used slow-start threshold from hostcache
	3 connections closed (including 0 drops)
		1 connection updated cached RTT on close
		1 connection updated cached RTT variance on close
		0 connections updated cached ssthresh on close
	0 embryonic connections dropped
	168 segments updated rtt (of 143 attempts)
	0 retransmit timeouts
		0 connections dropped by rexmit timeout
	0 persist timeouts
		0 connections dropped by persist timeout
	0 Connections (fin_wait_2) dropped because of timeout
	0 keepalive timeouts
		0 keepalive probes sent
		0 connections dropped by keepalive
	53 correct ACK header predictions
	411 correct data packet header predictions
	1 syncache entry added
		0 retransmitted
		0 dupsyn
		0 dropped
		1 completed
		0 bucket overflow
		0 cache overflow
		0 reset
		0 stale
		0 aborted
		0 badack
		0 unreach
		0 zone failures
	1 cookie sent
	0 cookies received
	1 hostcache entry added
		0 bucket overflow
	0 SACK recovery episodes
	0 segment rexmits in SACK recovery episodes
	0 byte rexmits in SACK recovery episodes
	0 SACK options (SACK blocks) received
	0 SACK options (SACK blocks) sent
	0 SACK scoreboard overflow
	0 packets with ECN CE bit set
	0 packets with ECN ECT(0) bit set
	0 packets with ECN ECT(1) bit set
	0 successful ECN handshakes
	0 times ECN reduced the congestion window
	0 packets with matching signature received
	0 packets with bad signature received
	0 times failed to make signature due to no SA
	0 times unexpected signature received
	0 times no signature provided by segment
	0 Path MTU discovery black hole detection activations
	0 Path MTU discovery black hole detection min MSS activations
	0 Path MTU discovery black hole detection failures
TCP connection count by state:
	0 connections in CLOSED state
	3 connections in LISTEN state
	0 connections in SYN_SENT state
	0 connections in SYN_RCVD state
	0 connections in ESTABLISHED state
	0 connections in CLOSE_WAIT state
	0 connections in FIN_WAIT_1 state
	0 connections in CLOSING state
	0 connections in LAST_ACK state
	0 connections in FIN_WAIT_2 state
	0 connections in TIME_WAIT state
udp:
	22 datagrams received
	0 with incomplete header
	0 with bad data length field
	0 with bad checksum
	0 with no checksum
	0 dropped due to no socket
	1 broadcast/multicast datagram undelivered
	0 dropped due to full socket buffers
	0 not for hashed pcb
	21 delivered
	21 datagrams output
	0 times multicast source filter matched
ip:
	604 total packets received
	0 bad header checksums
	0 with size smaller than minimum
	0 with data size < data length
	0 with ip length > max ip packet size
	0 with header length < data size
	0 with data length < header length
	0 with bad options
	0 with incorrect version number
	0 fragments received
	0 fragments dropped (dup or out of space)
	0 fragments dropped after timeout
	0 packets reassembled ok
	603 packets for this host
	0 packets for unknown/unsupported protocol
	0 packets forwarded (0 packets fast forwarded)
	1 packet not forwardable
	0 packets received for unknown multicast group
	0 redirects sent
	893 packets sent from this host
	0 packets sent with fabricated ip header
	0 output packets dropped due to no bufs, etc.
	0 output packets discarded due to no route
	0 output datagrams fragmented
	0 fragments created
	0 datagrams that can't be fragmented
	0 tunneling packets that can't find gif
	0 datagrams with bad address in header
icmp:
	0 calls to icmp_error
	0 errors not generated in response to an icmp message
	0 messages with bad code fields
	0 messages less than the minimum length
	0 messages with bad checksum
	0 messages with bad length
	0 multicast echo requests ignored
	0 multicast timestamp requests ignored
	0 message responses generated
	0 invalid return addresses
	0 no return routes
ipsec:
	0 inbound packets violated process security policy
	0 inbound packets failed due to insufficient memory
	0 invalid inbound packets
	0 outbound packets violated process security policy
	0 outbound packets with no SA available
	0 outbound packets failed due to insufficient memory
	0 outbound packets with no route available
	0 invalid outbound packets
	0 outbound packets with bundled SAs
	0 spd cache hits
	0 spd cache misses
	0 clusters copied during clone
	0 mbufs inserted during makespace
ah:
	0 packets shorter than header shows
	0 packets dropped; protocol family not supported
	0 packets dropped; no TDB
	0 packets dropped; bad KCR
	0 packets dropped; queue full
	0 packets dropped; no transform
	0 replay counter wraps
	0 packets dropped; bad authentication detected
	0 packets dropped; bad authentication length
	0 possible replay packets detected
	0 packets in
	0 packets out
	0 packets dropped; invalid TDB
	0 bytes in
	0 bytes out
	0 packets dropped; larger than IP_MAXPACKET
	0 packets blocked due to policy
	0 crypto processing failures
	0 tunnel sanity check failures
esp:
	0 packets shorter than header shows
	0 packets dropped; protocol family not supported
	0 packets dropped; no TDB
	0 packets dropped; bad KCR
	0 packets dropped; queue full
	0 packets dropped; no transform
	0 packets dropped; bad ilen
	0 replay counter wraps
	0 packets dropped; bad encryption detected
	0 packets dropped; bad authentication detected
	0 possible replay packets detected
	0 packets in
	0 packets out
	0 packets dropped; invalid TDB
	0 bytes in
	0 bytes out
	0 packets dropped; larger than IP_MAXPACKET
	0 packets blocked due to policy
	0 crypto processing failures
	0 tunnel sanity check failures
ipcomp:
	0 packets shorter than header shows
	0 packets dropped; protocol family not supported
	0 packets dropped; no TDB
	0 packets dropped; bad KCR
	0 packets dropped; queue full
	0 packets dropped; no transform
	0 replay counter wraps
	0 packets in
	0 packets out
	0 packets dropped; invalid TDB
	0 bytes in
	0 bytes out
	0 packets dropped; larger than IP_MAXPACKET
	0 packets blocked due to policy
	0 crypto processing failures
	0 packets sent uncompressed; size < compr. algo. threshold
	0 packets sent uncompressed; compression was useless
arp:
	1 ARP request sent
	3 ARP replies sent
	20 ARP requests received
	0 ARP replies received
	35 ARP packets received
	0 total packets dropped due to no ARP entry
	0 ARP entrys timed out
	0 Duplicate IPs seen
ip6:
	3 total packets received
	0 with size smaller than minimum
	0 with data size < data length
	0 with bad options
	0 with incorrect version number
	0 fragments received
	0 fragments dropped (dup or out of space)
	0 fragments dropped after timeout
	0 fragments that exceeded limit
	0 atomic fragments
	0 packets reassembled ok
	3 packets for this host
	0 packets forwarded
	0 packets not forwardable
	0 redirects sent
	8 packets sent from this host
	0 packets sent with fabricated ip header
	0 output packets dropped due to no bufs, etc.
	0 output packets discarded due to no route
	0 output datagrams fragmented
	0 fragments created
	0 datagrams that can't be fragmented
	0 packets that violated scope rules
	3 multicast packets which we don't join
	Input histogram:
		ICMP6: 3
	Mbuf statistics:
		3 one mbuf
		0 one ext mbuf
		0 two or more ext mbuf
	0 packets whose headers are not contiguous
	0 tunneling packets that can't find gif
	0 packets discarded because of too many headers
	0 failures of source address selection
	source addresses on an outgoing I/F
		3 link-locals
	source addresses of a different scope
		3 link-locals
	Source addresses selection rule applied:
		3 first candidate
icmp6:
	0 calls to icmp6_error
	0 errors not generated in response to an icmp6 message
	0 errors not generated because of rate limitation
	Output histogram:
		router solicitation: 3
		neighbor solicitation: 1
		MLDv2 listener report: 4
	0 messages with bad code fields
	0 messages < minimum length
	0 bad checksums
	0 messages with bad length
	Histogram of error messages to be generated:
		0 no route
		0 administratively prohibited
		0 beyond scope
		0 address unreachable
		0 port unreachable
		0 packet too big
		0 time exceed transit
		0 time exceed reassembly
		0 erroneous header field
		0 unrecognized next header
		0 unrecognized option
		0 redirect
		0 unknown
	0 message responses generated
	0 messages with too many ND options
	0 messages with bad ND options
	0 bad neighbor solicitation messages
	0 bad neighbor advertisement messages
	0 bad router solicitation messages
	0 bad router advertisement messages
	0 bad redirect messages
	0 path MTU changes
ipsec6:
	0 inbound packets violated process security policy
	0 inbound packets failed due to insufficient memory
	0 invalid inbound packets
	0 outbound packets violated process security policy
	0 outbound packets with no SA available
	0 outbound packets failed due to insufficient memory
	0 outbound packets with no route available
	0 invalid outbound packets
	0 outbound packets with bundled SAs
	0 spd cache hits
	0 spd cache misses
	0 clusters copied during clone
	0 mbufs inserted during makespace
rip6:
	0 messages received
	0 checksum calculations on inbound
	0 messages with bad checksum
	0 messages dropped due to no socket
	0 multicast messages dropped due to no socket
	0 messages dropped due to full socket buffers
	0 delivered
	0 datagrams output
pfkey:
	0 requests sent from userland
	0 bytes sent from userland
	0 messages with invalid length field
	0 messages with invalid version field
	0 messages with invalid message type field
	0 messages too short
	0 messages with memory allocation failure
	0 messages with duplicate extension
	0 messages with invalid extension type
	0 messages with invalid sa type
	0 messages with invalid address extension
	0 requests sent to userland
	0 bytes sent to userland
	0 messages toward single socket
	0 messages toward all sockets
	0 messages toward registered sockets
	0 messages with memory allocation failure

------------------------------------------------------------------------
netstat -m

257/514/771 mbufs in use (current/cache/total)
250/260/510/61434 mbuf clusters in use (current/cache/total/max)
256/256 mbuf+clusters out of packet secondary zone in use (current/cache)
0/2/2/30716 4k (page size) jumbo clusters in use (current/cache/total/max)
0/0/0/27303 9k jumbo clusters in use (current/cache/total/max)
0/0/0/20476 16k jumbo clusters in use (current/cache/total/max)
564K/656K/1220K bytes allocated to network (current/cache/total)
0/0/0 requests for mbufs denied (mbufs/clusters/mbuf+clusters)
0/0/0 requests for mbufs delayed (mbufs/clusters/mbuf+clusters)
0/0/0 requests for jumbo clusters delayed (4k/9k/16k)
0/0/0 requests for jumbo clusters denied (4k/9k/16k)
0 sendfile syscalls
0 sendfile syscalls completed without I/O request
0 requests for I/O initiated by sendfile
0 pages read by sendfile as part of a request
0 pages were valid at time of a sendfile request
0 pages were valid and substituted to bogus page
0 pages were requested for read ahead by applications
0 pages were read ahead by sendfile
0 times sendfile encountered an already busy page
0 requests for sfbufs denied
0 requests for sfbufs delayed

------------------------------------------------------------------------
netstat -anA

Active Internet connections (including servers)
Tcpcb            Proto Recv-Q Send-Q Local Address      Foreign Address    (state)    
fffff80003711000 udp4       0      0 *.514              *.*                
fffff80003710988 udp6       0      0 *.514              *.*                

------------------------------------------------------------------------
netstat -aL

Current listen queue sizes (qlen/incqlen/maxqlen)
Proto Listen                           Local Address         

------------------------------------------------------------------------
fstat

fstat: can't read file 1 at 0x20007ffffffffff
fstat: can't read file 2 at 0x4000000001fffff
fstat: can't read file 5 at 0xe400000001
fstat: can't read file 11 at 0x8800000000
fstat: can't read file 17 at 0x8800000000
fstat: can't read file 1 at 0x20007ffffffffff
fstat: can't read file 2 at 0x4000000001fffff
fstat: can't read file 1 at 0x20007ffffffffff
fstat: can't read file 2 at 0x4000000001fffff
fstat: can't read file 1 at 0x20007ffffffffff
fstat: can't read file 2 at 0x4000000001fffff
fstat: can't read file 1 at 0x20007ffffffffff
fstat: can't read file 2 at 0x4000000001fffff
fstat: can't read file 1 at 0x20007ffffffffff
fstat: can't read file 2 at 0x4000000001fffff
fstat: can't read file 1 at 0x20007ffffffffff
fstat: can't read file 2 at 0x4000000001fffff
fstat: can't read file 1 at 0x20007ffffffffff
fstat: can't read file 2 at 0x4000000001fffff
fstat: can't read file 1 at 0x20007ffffffffff
fstat: can't read file 2 at 0x4000000001fffff
fstat: can't read file 1 at 0x20007ffffffffff
fstat: can't read file 2 at 0x4000000001fffff
fstat: can't read file 4 at 0x780000ffff
fstat: can't read file 1 at 0x20007ffffffffff
fstat: can't read file 2 at 0x4000000001fffff
fstat: can't read file 4 at 0x780000ffff
fstat: can't read file 1 at 0x20007ffffffffff
fstat: can't read file 2 at 0x4000000001fffff
fstat: can't read file 4 at 0x780000ffff
fstat: can't read file 5 at 0x600000000
fstat: can't read file 1 at 0x20007ffffffffff
fstat: can't read file 2 at 0x4000000001fffff
fstat: can't read file 4 at 0x780000ffff
fstat: can't read file 1 at 0x20007ffffffffff
fstat: can't read file 2 at 0x4000000001fffff
fstat: can't read file 4 at 0x780000ffff
fstat: can't read file 5 at 0x400000000
fstat: can't read file 7 at 0x20007ffffffffff
fstat: can't read file 8 at 0x4000000001fffff
fstat: can't read file 10 at 0x780000ffff
fstat: can't read file 11 at 0x400000000
fstat: can't read file 13 at 0x20007ffffffffff
fstat: can't read file 14 at 0x4000000001fffff
fstat: can't read file 16 at 0x780000ffff
fstat: can't read file 17 at 0x400000000
fstat: can't read file 19 at 0x20007ffffffffff
fstat: can't read file 20 at 0x4000000001fffff
fstat: can't read file 22 at 0x780000ffff
fstat: can't read file 23 at 0x2600000001
fstat: can't read file 1 at 0x20007ffffffffff
fstat: can't read file 2 at 0x4000000001fffff
fstat: can't read file 4 at 0x780000ffff
fstat: can't read file 5 at 0x800000000
fstat: can't read file 7 at 0x20007ffffffffff
fstat: can't read file 8 at 0x4000000001fffff
fstat: can't read file 1 at 0x200000000000000
fstat: can't read file 2 at 0x400000000000000
fstat: can't read file 5 at 0x800000000
fstat: can't read file 7 at 0x200000000000002
fstat: can't read file 8 at 0x400000000000000
fstat: can't read file 11 at 0x400000000
fstat: can't read file 1 at 0x20007ffffffffff
fstat: can't read file 2 at 0x4000000001fffff
fstat: can't read file 4 at 0x780000ffff
fstat: can't read file 5 at 0x800000000
fstat: can't read file 7 at 0x20007ffffffffff
fstat: can't read file 8 at 0x4000000001fffff
fstat: can't read file 10 at 0x780000ffff
fstat: can't read file 1 at 0x20007ffffffffff
fstat: can't read file 2 at 0x4000000001fffff
fstat: can't read file 4 at 0x780000ffff
fstat: can't read file 5 at 0x800000000
USER     CMD          PID   FD MOUNT      INUM MODE         SZ|DV R/W
root     mount        847 root /             2 drwxr-xr-x     512  r
root     mount        847   wd /        561792 drwxr-xr-x     512  r
root     mount        847 text /         82946 -r-xr-xr-x   36960  r
root     mount        847 ctty /dev         67 crw-------   ttyv0 rw
root     mount        847    0 /dev         67 crw-------   ttyv0 rw
root     md0          846 root /             2 drwxr-xr-x     512  r
root     md0          846   wd /             2 drwxr-xr-x     512  r
root     csh          841 root /             2 drwxr-xr-x     512  r
root     csh          841   wd /        561792 drwxr-xr-x     512  r
root     csh          841 text /         84326 -r-xr-xr-x  435840  r
root     csh          841 ctty /dev         67 crw-------   ttyv0 rw
root     getty        824 root /             2 drwxr-xr-x     512  r
root     getty        824   wd /             2 drwxr-xr-x     512  r
root     getty        824 text /        248213 -r-xr-xr-x   38752  r
root     getty        824 ctty /dev         74 crw-------   ttyv7 rw
root     getty        824    0 /dev         74 crw-------   ttyv7 rw
root     getty        823 root /             2 drwxr-xr-x     512  r
root     getty        823   wd /             2 drwxr-xr-x     512  r
root     getty        823 text /        248213 -r-xr-xr-x   38752  r
root     getty        823 ctty /dev         73 crw-------   ttyv6 rw
root     getty        823    0 /dev         73 crw-------   ttyv6 rw
root     getty        822 root /             2 drwxr-xr-x     512  r
root     getty        822   wd /             2 drwxr-xr-x     512  r
root     getty        822 text /        248213 -r-xr-xr-x   38752  r
root     getty        822 ctty /dev         72 crw-------   ttyv5 rw
root     getty        822    0 /dev         72 crw-------   ttyv5 rw
root     getty        821 root /             2 drwxr-xr-x     512  r
root     getty        821   wd /             2 drwxr-xr-x     512  r
root     getty        821 text /        248213 -r-xr-xr-x   38752  r
root     getty        821 ctty /dev         71 crw-------   ttyv4 rw
root     getty        821    0 /dev         71 crw-------   ttyv4 rw
root     getty        820 root /             2 drwxr-xr-x     512  r
root     getty        820   wd /             2 drwxr-xr-x     512  r
root     getty        820 text /        248213 -r-xr-xr-x   38752  r
root     getty        820 ctty /dev         70 crw-------   ttyv3 rw
root     getty        820    0 /dev         70 crw-------   ttyv3 rw
root     getty        819 root /             2 drwxr-xr-x     512  r
root     getty        819   wd /             2 drwxr-xr-x     512  r
root     getty        819 text /        248213 -r-xr-xr-x   38752  r
root     getty        819 ctty /dev         69 crw-------   ttyv2 rw
root     getty        819    0 /dev         69 crw-------   ttyv2 rw
root     getty        818 root /             2 drwxr-xr-x     512  r
root     getty        818   wd /             2 drwxr-xr-x     512  r
root     getty        818 text /        248213 -r-xr-xr-x   38752  r
root     getty        818 ctty /dev         68 crw-------   ttyv1 rw
root     getty        818    0 /dev         68 crw-------   ttyv1 rw
root     login        817 root /             2 drwxr-xr-x     512  r
root     login        817   wd /        321026 drwxr-xr-x     512  r
root     login        817 text /        249385 -r-sr-xr-x   32656  r
root     login        817 ctty /dev         67 crw-------   ttyv0 rw
root     login        817    0 /dev         67 crw-------   ttyv0 rw
root     cron         767 root /             2 drwxr-xr-x     512  r
root     cron         767   wd /         80267 drwxr-x---     512  r
root     cron         767 text /        247939 -r-xr-xr-x   57384  r
root     cron         767    0 /dev         18 crw-rw-rw-    null rw
smmsp    sendmail     763 root /             2 drwxr-xr-x     512  r
smmsp    sendmail     763   wd /         80292 drwxrwx---     512  r
smmsp    sendmail     763 text /        329831 -r-xr-sr-x  741880  r
smmsp    sendmail     763    0 /dev         18 crw-rw-rw-    null  r
root     sendmail     760 root /             2 drwxr-xr-x     512  r
root     sendmail     760   wd /         80289 drwxr-xr-x     512  r
root     sendmail     760 text /        329831 -r-xr-sr-x  741880  r
root     sendmail     760    0 /dev         18 crw-rw-rw-    null  r
root     sshd         757 root /             2 drwxr-xr-x     512  r
root     sshd         757   wd /             2 drwxr-xr-x     512  r
root     sshd         757 text /        247926 -r-xr-xr-x  312984  r
root     sshd         757    0 /dev         18 crw-rw-rw-    null rw
root     syslogd      504 root /             2 drwxr-xr-x     512  r
root     syslogd      504   wd /             2 drwxr-xr-x     512  r
root     syslogd      504 text /        248017 -r-xr-xr-x   57320  r
root     syslogd      504    0 /dev         18 crw-rw-rw-    null rw
root     syslogd      504    6 /dev         18 crw-rw-rw-    null rw
root     syslogd      504   12 /dev         18 crw-rw-rw-    null rw
root     syslogd      504   18* pipe fffff800036525f0 <-> fffff80003652758      0 rw
root     devd         433 root /             2 drwxr-xr-x     512  r
root     devd         433   wd /             2 drwxr-xr-x     512  r
root     devd         433 text /         82977 -r-xr-xr-x  967992  r
root     devd         433    0 /dev         18 crw-rw-rw-    null rw
root     devd         433    6 /dev         18 crw-rw-rw-    null rw
_dhcp    dhclient     432 root /             2 drwxr-xr-x     512  r
_dhcp    dhclient     432   wd /             2 drwxr-xr-x     512  r
_dhcp    dhclient     432 text /         82914 -r-xr-xr-x  108072  r
_dhcp    dhclient     432    0 /dev         18 crw-rw-rw-    null rw
_dhcp    dhclient     432    6 /dev         18 crw-rw-rw-    null rw
root     dhclient     384 root /             2 drwxr-xr-x     512  r
root     dhclient     384   wd /             2 drwxr-xr-x     512  r
root     dhclient     384 text /         82914 -r-xr-xr-x  108072  r
root     dhclient     384    0 /dev         18 crw-rw-rw-    null rw
root     dhclient     384    6 /dev         18 crw-rw-rw-    null rw
root     dhclient     381 root /             2 drwxr-xr-x     512  r
root     dhclient     381   wd /             2 drwxr-xr-x     512  r
root     dhclient     381 text /         82914 -r-xr-xr-x  108072  r
root     dhclient     381    0 /dev         18 crw-rw-rw-    null rw
root     dhclient     381    6 /dev         18 crw-rw-rw-    null rw
root     init           1 root /             2 drwxr-xr-x     512  r
root     init           1   wd /             2 drwxr-xr-x     512  r
root     init           1 text /         82935 -r-xr-xr-x  1240552  r
root     kernel         0 root /             2 drwxr-xr-x     512  r
root     kernel         0   wd /             2 drwxr-xr-x     512  r

------------------------------------------------------------------------
dmesg

---<<BOOT>>---
Copyright (c) 1992-2020 The FreeBSD Project.
Copyright (c) 1979, 1980, 1983, 1986, 1988, 1989, 1991, 1992, 1993, 1994
	The Regents of the University of California. All rights reserved.
FreeBSD is a registered trademark of The FreeBSD Foundation.
FreeBSD 12.1-STABLE r358121 GENERIC amd64
FreeBSD clang version 9.0.1 (git@github.com:llvm/llvm-project.git c1a0a213378a458fbea1a5c77b315c7dce08fd05) (based on LLVM 9.0.1)
VT(vga): text 80x25
CPU: Intel Core Processor (Skylake, IBRS) (2904.34-MHz K8-class CPU)
  Origin="GenuineIntel"  Id=0x506e3  Family=0x6  Model=0x5e  Stepping=3
  Features=0xf83fbff<FPU,VME,DE,PSE,TSC,MSR,PAE,MCE,CX8,APIC,SEP,MTRR,PGE,MCA,CMOV,PAT,PSE36,MMX,FXSR,SSE,SSE2,SS>
  Features2=0xfffa3223<SSE3,PCLMULQDQ,VMX,SSSE3,FMA,CX16,PCID,SSE4.1,SSE4.2,x2APIC,MOVBE,POPCNT,TSCDLT,AESNI,XSAVE,OSXSAVE,AVX,F16C,RDRAND,HV>
  AMD Features=0x2c100800<SYSCALL,NX,Page1GB,RDTSCP,LM>
  AMD Features2=0x121<LAHF,ABM,Prefetch>
  Structured Extended Features=0x9c0fbb<FSGSBASE,TSCADJ,BMI1,HLE,AVX2,SMEP,BMI2,ERMS,INVPCID,RTM,RDSEED,ADX,SMAP,CLFLUSHOPT>
  Structured Extended Features2=0x4<UMIP>
  Structured Extended Features3=0xac000400<MD_CLEAR,IBPB,STIBP,ARCH_CAP,SSBD>
  XSAVE Features=0xf<XSAVEOPT,XSAVEC,XINUSE,XSAVES>
  IA32_ARCH_CAPS=0x8<SKIP_L1DFL_VME>
  AMD Extended Feature Extensions ID EBX=0x1001000
  VT-x: PAT,HLT,MTF,PAUSE,EPT,UG,VPID
Hypervisor: Origin = "KVMKVMKVM"
real memory  = 1073741824 (1024 MB)
avail memory = 1001181184 (954 MB)
Event timer "LAPIC" quality 600
ACPI APIC Table: <BOCHS  BXPCAPIC>
random: unblocking device.
ioapic0 <Version 1.1> irqs 0-23 on motherboard
Timecounter "TSC-low" frequency 1452168789 Hz quality 800
random: entropy device external interface
kbd1 at kbdmux0
000.000022 [4336] netmap_init               netmap: loaded module
[ath_hal] loaded
module_register_init: MOD_LOAD (vesa, 0xffffffff81118130, 0) error 19
random: registering fast source Intel Secure Key RNG
random: fast provider: "Intel Secure Key RNG"
nexus0
vtvga0: <VT VGA driver> on motherboard
cryptosoft0: <software crypto> on motherboard
acpi0: <BOCHS BXPCRSDT> on motherboard
acpi0: Power Button (fixed)
cpu0: <ACPI CPU> on acpi0
atrtc0: <AT realtime clock> port 0x70-0x71,0x72-0x77 irq 8 on acpi0
atrtc0: registered as a time-of-day clock, resolution 1.000000s
Event timer "RTC" frequency 32768 Hz quality 0
Timecounter "ACPI-fast" frequency 3579545 Hz quality 900
acpi_timer0: <24-bit timer at 3.579545MHz> port 0x608-0x60b on acpi0
pcib0: <ACPI Host-PCI bridge> port 0xcf8-0xcff on acpi0
pci0: <ACPI PCI bus> on pcib0
isab0: <PCI-ISA bridge> at device 1.0 on pci0
isa0: <ISA bus> on isab0
atapci0: <Intel PIIX3 WDMA2 controller> port 0x1f0-0x1f7,0x3f6,0x170-0x177,0x376,0xc1a0-0xc1af at device 1.1 on pci0
ata0: <ATA channel> at channel 0 on atapci0
ata1: <ATA channel> at channel 1 on atapci0
pci0: <bridge> at device 1.3 (no driver attached)
vgapci0: <VGA-compatible display> port 0xc100-0xc11f mem 0xf4000000-0xf7ffffff,0xf8000000-0xfbffffff,0xfc094000-0xfc095fff irq 10 at device 2.0 on pci0
vgapci0: Boot video device
virtio_pci0: <VirtIO PCI Network adapter> port 0xc120-0xc13f mem 0xfc096000-0xfc096fff,0xfebf0000-0xfebf3fff irq 11 at device 3.0 on pci0
vtnet0: <VirtIO Networking Adapter> on virtio_pci0
vtnet0: Ethernet address: 52:54:00:f7:01:cb
vtnet0: netmap queues/slots: TX 1/256, RX 1/128
000.000757 [ 503] vtnet_netmap_attach       vtnet attached txq=1, txd=256 rxq=1, rxd=128
hdac0: <Intel 82801F HDA Controller> mem 0xfc090000-0xfc093fff irq 11 at device 4.0 on pci0
uhci0: <Intel 82801I (ICH9) USB controller> port 0xc140-0xc15f irq 10 at device 5.0 on pci0
usbus0 on uhci0
uhci1: <Intel 82801I (ICH9) USB controller> port 0xc160-0xc17f irq 10 at device 5.1 on pci0
usbus1 on uhci1
uhci2: <Intel 82801I (ICH9) USB controller> port 0xc180-0xc19f irq 11 at device 5.2 on pci0
usbus2 on uhci2
ehci0: <Intel 82801I (ICH9) USB 2.0 controller> mem 0xfc097000-0xfc097fff irq 11 at device 5.7 on pci0
usbus3: EHCI version 1.0
usbus3 on ehci0
virtio_pci1: <VirtIO PCI Console adapter> port 0xc080-0xc0bf mem 0xfc098000-0xfc098fff,0xfebf4000-0xfebf7fff irq 10 at device 6.0 on pci0
virtio_pci2: <VirtIO PCI Block adapter> port 0xc000-0xc07f mem 0xfc099000-0xfc099fff,0xfebf8000-0xfebfbfff irq 11 at device 7.0 on pci0
vtblk0: <VirtIO Block Adapter> on virtio_pci2
vtblk0: 25600MB (52428928 512 byte sectors)
virtio_pci3: <VirtIO PCI Balloon adapter> port 0xc0c0-0xc0ff mem 0xfebfc000-0xfebfffff irq 11 at device 8.0 on pci0
vtballoon0: <VirtIO Balloon Adapter> on virtio_pci3
acpi_syscontainer0: <System Container> on acpi0
acpi_syscontainer1: <System Container> port 0xaf00-0xaf0b on acpi0
acpi_syscontainer2: <System Container> port 0xafe0-0xafe3 on acpi0
acpi_syscontainer3: <System Container> port 0xae00-0xae13 on acpi0
atkbdc0: <Keyboard controller (i8042)> port 0x60,0x64 irq 1 on acpi0
atkbd0: <AT Keyboard> irq 1 on atkbdc0
kbd0 at atkbd0
atkbd0: [GIANT-LOCKED]
psm0: <PS/2 Mouse> irq 12 on atkbdc0
psm0: [GIANT-LOCKED]
psm0: model IntelliMouse Explorer, device ID 4
fdc0: <floppy drive controller (FDE)> port 0x3f2-0x3f5,0x3f7 irq 6 drq 2 on acpi0
fdc0: does not respond
device_attach: fdc0 attach returned 6
uart0: <16550 or compatible> port 0x3f8-0x3ff irq 4 flags 0x10 on acpi0
orm0: <ISA Option ROM> at iomem 0xeb800-0xeffff pnpid ORM0000 on isa0
vga0: <Generic ISA VGA> at port 0x3c0-0x3df iomem 0xa0000-0xbffff pnpid PNP0900 on isa0
attimer0: <AT timer> at port 0x40 on isa0
Timecounter "i8254" frequency 1193182 Hz quality 0
Event timer "i8254" frequency 1193182 Hz quality 100
attimer0: non-PNP ISA device will be removed from GENERIC in FreeBSD 12.
fdc0: No FDOUT register!
Timecounters tick every 10.000 msec
hdacc0: <Generic (0x1af40022) HDA CODEC> at cad 0 on hdac0
hdaa0: <Generic (0x1af40022) Audio Function Group> at nid 1 on hdacc0
pcm0: <Generic (0x1af40022) (Analog)> at nid 3 and 5 on hdaa0
usbus0: 12Mbps Full Speed USB v1.0
usbus1: 12Mbps Full Speed USB v1.0
usbus2: 12Mbps Full Speed USB v1.0
usbus3: 480Mbps High Speed USB v2.0
ugen3.1: <Intel EHCI root HUB> at usbus3
uhub0: <Intel EHCI root HUB, class 9/0, rev 2.00/1.00, addr 1> on usbus3
ugen2.1: <Intel UHCI root HUB> at usbus2
uhub1: <Intel UHCI root HUB, class 9/0, rev 1.00/1.00, addr 1> on usbus2
ugen1.1: <Intel UHCI root HUB> at usbus1
uhub2: <Intel UHCI root HUB, class 9/0, rev 1.00/1.00, addr 1> on usbus1
ugen0.1: <Intel UHCI root HUB> at usbus0
uhub3: <Intel UHCI root HUB, class 9/0, rev 1.00/1.00, addr 1> on usbus0
Trying to mount root from ufs:/dev/gpt/rootfs [rw]...
GEOM: vtbd0: the secondary GPT header is not in the last LBA.
Setting hostuuid: 6c201b51-0797-4b8b-8beb-543595a51060.
Setting hostid: 0x81d6ff07.
Starting file system checks:
/dev/gpt/rootfs: FILE SYSTEM CLEAN; SKIPPING CHECKS
/dev/gpt/rootfs: clean, 218406 free (10030 frags, 26047 blocks, 1.0% fragmentation)
Mounting local filesystems:.
ELF ldconfig path: /lib /usr/lib /usr/lib/compat
32-bit compatibility ldconfig path: /usr/lib32
uhub3: 2 ports with 2 removable, self powered
uhub2: 2 ports with 2 removable, self powered
uhub1: 2 ports with 2 removable, self powered
Setting hostname: freebsd.
Setting up harvesting: PURE_RDRAND,[UMA],[FS_ATIME],SWI,INTERRUPT,NET_NG,NET_ETHER,NET_TUN,MOUSE,KEYBOARD,ATTACH,CACHED
Feeding entropy: .
lo0: link state changed to UP
vtnet0: link state changed to UP
uhub0: 6 ports with 6 removable, self powered
Starting Network: lo0 vtnet0.
lo0: flags=8049<UP,LOOPBACK,RUNNING,MULTICAST> metric 0 mtu 16384
	options=680003<RXCSUM,TXCSUM,LINKSTATE,RXCSUM_IPV6,TXCSUM_IPV6>
	inet6 ::1 prefixlen 128
	inet6 fe80::1%lo0 prefixlen 64 scopeid 0x2
	inet 127.0.0.1 netmask 0xff000000
	groups: lo
	nd6 options=23<PERFORMNUD,ACCEPT_RTADV,AUTO_LINKLOCAL>
vtnet0: flags=8843<UP,BROADCAST,RUNNING,SIMPLEX,MULTICAST> metric 0 mtu 1500
	options=6c07bb<RXCSUM,TXCSUM,VLAN_MTU,VLAN_HWTAGGING,JUMBO_MTU,VLAN_HWCSUM,TSO4,TSO6,LRO,VLAN_HWTSO,LINKSTATE,RXCSUM_IPV6,TXCSUM_IPV6>
	ether 52:54:00:f7:01:cb
	inet6 fe80::5054:ff:fef7:1cb%vtnet0 prefixlen 64 scopeid 0x1
	media: Ethernet 10Gbase-T <full-duplex>
	status: active
	nd6 options=23<PERFORMNUD,ACCEPT_RTADV,AUTO_LINKLOCAL>
Starting devd.
Autoloading module: intpm.ko
intsmb0: <Intel PIIX4 SMBUS Interface> irq 9 at device 1.3 on pci0
intsmb0: intr IRQ 9 enabled revision 0
smbus0: <System Management Bus> on intsmb0
Starting dhclient.
DHCPREQUEST on vtnet0 to 255.255.255.255 port 67
DHCPACK from 192.168.122.1
bound to 192.168.122.43 -- renewal in 1800 seconds.
add host 127.0.0.1: gateway lo0 fib 0: route already in table
add host ::1: gateway lo0 fib 0: route already in table
add net fe80::: gateway ::1
add net ff02::: gateway ::1
add net ::ffff:0.0.0.0: gateway ::1
add net ::0.0.0.0: gateway ::1
Creating and/or trimming log files.
Starting syslogd.
Clearing /tmp (X related).
Updating motd:.
Mounting late filesystems:.
Updating /var/run/os-release done.
Configuring vt: blanktime.
Starting sendmail_submit.
Feb 22 19:14:01 freebsd sm-mta[678]: My unqualified host name (freebsd) unknown; sleeping for retry
Script /etc/rc.d/sendmail interrupted
Starting cron.
Starting background file system checks in 60 seconds.

Sat Feb 22 19:14:06 UTC 2020
Feb 22 19:14:08 freebsd login[731]: ROOT LOGIN (root) ON ttyv0
Feb 22 19:19:40 freebsd sshd[975]: error: PAM: Authentication error for root from 192.168.122.1
Feb 22 19:20:19 freebsd syslogd: last message repeated 1 times
panic: vm_fault: fault on nofault entry, addr: 0xfffffe0000f04000
cpuid = 0
time = 1582399325
KDB: stack backtrace:
#0 0xffffffff80c0ad55 at kdb_backtrace+0x65
#1 0xffffffff80bbf0ce at vpanic+0x17e
#2 0xffffffff80bbef43 at panic+0x43
#3 0xffffffff80ef615c at vm_fault+0x248c
#4 0xffffffff80ef3bb0 at vm_fault_trap+0x60
#5 0xffffffff810914af at trap_pfault+0x19f
#6 0xffffffff810909b8 at trap+0x288
#7 0xffffffff8106a1bc at calltrap+0x8
#8 0xffffffff80ecc370 at ffs_sbget+0x2f0
#9 0xffffffff80b116b7 at g_label_ufs_taste_common+0x57
#10 0xffffffff80b0fa50 at g_label_taste+0x340
#11 0xffffffff80b0e0ba at g_new_provider_event+0x8a
#12 0xffffffff80b08ff3 at g_run_events+0x173
#13 0xffffffff80b8039e at fork_exit+0x7e
#14 0xffffffff8106b20e at fork_trampoline+0xe
Uptime: 8m23s
Automatic reboot in 15 seconds - press a key on the console to abort
--> Press a key on the console to reboot,
--> or switch off the system now.
Rebooting...
---<<BOOT>>---
Copyright (c) 1992-2020 The FreeBSD Project.
Copyright (c) 1979, 1980, 1983, 1986, 1988, 1989, 1991, 1992, 1993, 1994
	The Regents of the University of California. All rights reserved.
FreeBSD is a registered trademark of The FreeBSD Foundation.
FreeBSD 12.1-STABLE r358121 GENERIC amd64
FreeBSD clang version 9.0.1 (git@github.com:llvm/llvm-project.git c1a0a213378a458fbea1a5c77b315c7dce08fd05) (based on LLVM 9.0.1)
VT(vga): text 80x25
CPU: Intel Core Processor (Skylake, IBRS) (2904.12-MHz K8-class CPU)
  Origin="GenuineIntel"  Id=0x506e3  Family=0x6  Model=0x5e  Stepping=3
  Features=0xf83fbff<FPU,VME,DE,PSE,TSC,MSR,PAE,MCE,CX8,APIC,SEP,MTRR,PGE,MCA,CMOV,PAT,PSE36,MMX,FXSR,SSE,SSE2,SS>
  Features2=0xfffa3223<SSE3,PCLMULQDQ,VMX,SSSE3,FMA,CX16,PCID,SSE4.1,SSE4.2,x2APIC,MOVBE,POPCNT,TSCDLT,AESNI,XSAVE,OSXSAVE,AVX,F16C,RDRAND,HV>
  AMD Features=0x2c100800<SYSCALL,NX,Page1GB,RDTSCP,LM>
  AMD Features2=0x121<LAHF,ABM,Prefetch>
  Structured Extended Features=0x9c0fbb<FSGSBASE,TSCADJ,BMI1,HLE,AVX2,SMEP,BMI2,ERMS,INVPCID,RTM,RDSEED,ADX,SMAP,CLFLUSHOPT>
  Structured Extended Features2=0x4<UMIP>
  Structured Extended Features3=0xac000400<MD_CLEAR,IBPB,STIBP,ARCH_CAP,SSBD>
  XSAVE Features=0xf<XSAVEOPT,XSAVEC,XINUSE,XSAVES>
  IA32_ARCH_CAPS=0x8<SKIP_L1DFL_VME>
  AMD Extended Feature Extensions ID EBX=0x1001000
  VT-x: PAT,HLT,MTF,PAUSE,EPT,UG,VPID
Hypervisor: Origin = "KVMKVMKVM"
real memory  = 1073741824 (1024 MB)
avail memory = 1001181184 (954 MB)
Event timer "LAPIC" quality 600
ACPI APIC Table: <BOCHS  BXPCAPIC>
random: unblocking device.
ioapic0 <Version 1.1> irqs 0-23 on motherboard
Timecounter "TSC-low" frequency 1452062298 Hz quality 800
random: entropy device external interface
kbd1 at kbdmux0
000.000022 [4336] netmap_init               netmap: loaded module
[ath_hal] loaded
module_register_init: MOD_LOAD (vesa, 0xffffffff81118130, 0) error 19
random: registering fast source Intel Secure Key RNG
random: fast provider: "Intel Secure Key RNG"
nexus0
vtvga0: <VT VGA driver> on motherboard
cryptosoft0: <software crypto> on motherboard
acpi0: <BOCHS BXPCRSDT> on motherboard
acpi0: Power Button (fixed)
cpu0: <ACPI CPU> on acpi0
atrtc0: <AT realtime clock> port 0x70-0x71,0x72-0x77 irq 8 on acpi0
atrtc0: registered as a time-of-day clock, resolution 1.000000s
Event timer "RTC" frequency 32768 Hz quality 0
Timecounter "ACPI-fast" frequency 3579545 Hz quality 900
acpi_timer0: <24-bit timer at 3.579545MHz> port 0x608-0x60b on acpi0
pcib0: <ACPI Host-PCI bridge> port 0xcf8-0xcff on acpi0
pci0: <ACPI PCI bus> on pcib0
isab0: <PCI-ISA bridge> at device 1.0 on pci0
isa0: <ISA bus> on isab0
atapci0: <Intel PIIX3 WDMA2 controller> port 0x1f0-0x1f7,0x3f6,0x170-0x177,0x376,0xc1a0-0xc1af at device 1.1 on pci0
ata0: <ATA channel> at channel 0 on atapci0
ata1: <ATA channel> at channel 1 on atapci0
pci0: <bridge> at device 1.3 (no driver attached)
vgapci0: <VGA-compatible display> port 0xc100-0xc11f mem 0xf4000000-0xf7ffffff,0xf8000000-0xfbffffff,0xfc094000-0xfc095fff irq 10 at device 2.0 on pci0
vgapci0: Boot video device
virtio_pci0: <VirtIO PCI Network adapter> port 0xc120-0xc13f mem 0xfc096000-0xfc096fff,0xfebf0000-0xfebf3fff irq 11 at device 3.0 on pci0
vtnet0: <VirtIO Networking Adapter> on virtio_pci0
vtnet0: Ethernet address: 52:54:00:f7:01:cb
vtnet0: netmap queues/slots: TX 1/256, RX 1/128
000.000757 [ 503] vtnet_netmap_attach       vtnet attached txq=1, txd=256 rxq=1, rxd=128
hdac0: <Intel 82801F HDA Controller> mem 0xfc090000-0xfc093fff irq 11 at device 4.0 on pci0
uhci0: <Intel 82801I (ICH9) USB controller> port 0xc140-0xc15f irq 10 at device 5.0 on pci0
usbus0 on uhci0
uhci1: <Intel 82801I (ICH9) USB controller> port 0xc160-0xc17f irq 10 at device 5.1 on pci0
usbus1 on uhci1
uhci2: <Intel 82801I (ICH9) USB controller> port 0xc180-0xc19f irq 11 at device 5.2 on pci0
usbus2 on uhci2
ehci0: <Intel 82801I (ICH9) USB 2.0 controller> mem 0xfc097000-0xfc097fff irq 11 at device 5.7 on pci0
usbus3: EHCI version 1.0
usbus3 on ehci0
virtio_pci1: <VirtIO PCI Console adapter> port 0xc080-0xc0bf mem 0xfc098000-0xfc098fff,0xfebf4000-0xfebf7fff irq 10 at device 6.0 on pci0
virtio_pci2: <VirtIO PCI Block adapter> port 0xc000-0xc07f mem 0xfc099000-0xfc099fff,0xfebf8000-0xfebfbfff irq 11 at device 7.0 on pci0
vtblk0: <VirtIO Block Adapter> on virtio_pci2
vtblk0: 25600MB (52428928 512 byte sectors)
virtio_pci3: <VirtIO PCI Balloon adapter> port 0xc0c0-0xc0ff mem 0xfebfc000-0xfebfffff irq 11 at device 8.0 on pci0
vtballoon0: <VirtIO Balloon Adapter> on virtio_pci3
acpi_syscontainer0: <System Container> on acpi0
acpi_syscontainer1: <System Container> port 0xaf00-0xaf0b on acpi0
acpi_syscontainer2: <System Container> port 0xafe0-0xafe3 on acpi0
acpi_syscontainer3: <System Container> port 0xae00-0xae13 on acpi0
atkbdc0: <Keyboard controller (i8042)> port 0x60,0x64 irq 1 on acpi0
atkbd0: <AT Keyboard> irq 1 on atkbdc0
kbd0 at atkbd0
atkbd0: [GIANT-LOCKED]
psm0: <PS/2 Mouse> irq 12 on atkbdc0
psm0: [GIANT-LOCKED]
psm0: model IntelliMouse Explorer, device ID 4
fdc0: <floppy drive controller (FDE)> port 0x3f2-0x3f5,0x3f7 irq 6 drq 2 on acpi0
fdc0: does not respond
device_attach: fdc0 attach returned 6
uart0: <16550 or compatible> port 0x3f8-0x3ff irq 4 flags 0x10 on acpi0
orm0: <ISA Option ROM> at iomem 0xeb800-0xeffff pnpid ORM0000 on isa0
vga0: <Generic ISA VGA> at port 0x3c0-0x3df iomem 0xa0000-0xbffff pnpid PNP0900 on isa0
attimer0: <AT timer> at port 0x40 on isa0
Timecounter "i8254" frequency 1193182 Hz quality 0
Event timer "i8254" frequency 1193182 Hz quality 100
attimer0: non-PNP ISA device will be removed from GENERIC in FreeBSD 12.
fdc0: No FDOUT register!
Timecounters tick every 10.000 msec
hdacc0: <Generic (0x1af40022) HDA CODEC> at cad 0 on hdac0
hdaa0: <Generic (0x1af40022) Audio Function Group> at nid 1 on hdacc0
pcm0: <Generic (0x1af40022) (Analog)> at nid 3 and 5 on hdaa0
usbus0: 12Mbps Full Speed USB v1.0
usbus1: 12Mbps Full Speed USB v1.0
usbus2: 12Mbps Full Speed USB v1.0
usbus3: 480Mbps High Speed USB v2.0
ugen3.1: <Intel EHCI root HUB> at usbus3
uhub0: <Intel EHCI root HUB, class 9/0, rev 2.00/1.00, addr 1> on usbus3
ugen2.1: <Intel UHCI root HUB> at usbus2
uhub1: <Intel UHCI root HUB, class 9/0, rev 1.00/1.00, addr 1> on usbus2
ugen1.1: <Intel UHCI root HUB> at usbus1
uhub2: <Intel UHCI root HUB, class 9/0, rev 1.00/1.00, addr 1> on usbus1
ugen0.1: <Intel UHCI root HUB> at usbus0
uhub3: <Intel UHCI root HUB, class 9/0, rev 1.00/1.00, addr 1> on usbus0
Trying to mount root from ufs:/dev/gpt/rootfs [rw]...
Setting hostuuid: 6c201b51-0797-4b8b-8beb-543595a51060.
Setting hostid: 0x81d6ff07.
Starting file system checks:
/dev/gpt/rootfs: FILE SYSTEM CLEAN; SKIPPING CHECKS
/dev/gpt/rootfs: clean, 5293157 free (10029 frags, 660391 blocks, 0.2% fragmentation)
Mounting local filesystems:.
ELF ldconfig path: /lib /usr/lib /usr/lib/compat
32-bit compatibility ldconfig path: /usr/lib32
Setting hostname: freebsd.
uhub3: 2 ports with 2 removable, self powered
uhub2: 2 ports with 2 removable, self powered
uhub1: 2 ports with 2 removable, self powered
Setting up harvesting: PURE_RDRAND,[UMA],[FS_ATIME],SWI,INTERRUPT,NET_NG,NET_ETHER,NET_TUN,MOUSE,KEYBOARD,ATTACH,CACHED
Feeding entropy: .
lo0: link state changed to UP
vtnet0: link state changed to UP
uhub0: 6 ports with 6 removable, self powered
Starting Network: lo0 vtnet0.
lo0: flags=8049<UP,LOOPBACK,RUNNING,MULTICAST> metric 0 mtu 16384
	options=680003<RXCSUM,TXCSUM,LINKSTATE,RXCSUM_IPV6,TXCSUM_IPV6>
	inet6 ::1 prefixlen 128
	inet6 fe80::1%lo0 prefixlen 64 scopeid 0x2
	inet 127.0.0.1 netmask 0xff000000
	groups: lo
	nd6 options=23<PERFORMNUD,ACCEPT_RTADV,AUTO_LINKLOCAL>
vtnet0: flags=8843<UP,BROADCAST,RUNNING,SIMPLEX,MULTICAST> metric 0 mtu 1500
	options=6c07bb<RXCSUM,TXCSUM,VLAN_MTU,VLAN_HWTAGGING,JUMBO_MTU,VLAN_HWCSUM,TSO4,TSO6,LRO,VLAN_HWTSO,LINKSTATE,RXCSUM_IPV6,TXCSUM_IPV6>
	ether 52:54:00:f7:01:cb
	inet6 fe80::5054:ff:fef7:1cb%vtnet0 prefixlen 64 scopeid 0x1
	media: Ethernet 10Gbase-T <full-duplex>
	status: active
	nd6 options=23<PERFORMNUD,ACCEPT_RTADV,AUTO_LINKLOCAL>
Starting devd.
Autoloading module: intpm.ko
intsmb0: <Intel PIIX4 SMBUS Interface> irq 9 at device 1.3 on pci0
intsmb0: intr IRQ 9 enabled revision 0
smbus0: <System Management Bus> on intsmb0
Starting dhclient.
DHCPREQUEST on vtnet0 to 255.255.255.255 port 67
DHCPACK from 192.168.122.1
bound to 192.168.122.43 -- renewal in 1800 seconds.
add host 127.0.0.1: gateway lo0 fib 0: route already in table
add host ::1: gateway lo0 fib 0: route already in table
add net fe80::: gateway ::1
add net ff02::: gateway ::1
add net ::ffff:0.0.0.0: gateway ::1
add net ::0.0.0.0: gateway ::1
Creating and/or trimming log files.
Starting syslogd.
No core dumps found.
Clearing /tmp (X related).
Updating motd:.
Mounting late filesystems:.
Updating /var/run/os-release done.
Configuring vt: blanktime.
Performing sanity check on sshd configuration.
Starting sshd.
Starting sendmail_submit.
Feb 22 19:22:44 freebsd sm-mta[700]: My unqualified host name (freebsd) unknown; sleeping for retry
Script /etc/rc.d/sendmail interrupted
Starting cron.
Starting background file system checks in 60 seconds.

Sat Feb 22 19:23:05 UTC 2020
Feb 22 19:26:28 freebsd login[753]: ROOT LOGIN (root) ON ttyv0
panic: vm_fault: fault on nofault entry, addr: 0xfffffe0000f04000
cpuid = 0
time = 1582399731
KDB: stack backtrace:
#0 0xffffffff80c0ad55 at kdb_backtrace+0x65
#1 0xffffffff80bbf0ce at vpanic+0x17e
#2 0xffffffff80bbef43 at panic+0x43
#3 0xffffffff80ef615c at vm_fault+0x248c
#4 0xffffffff80ef3bb0 at vm_fault_trap+0x60
#5 0xffffffff810914af at trap_pfault+0x19f
#6 0xffffffff810909b8 at trap+0x288
#7 0xffffffff8106a1bc at calltrap+0x8
#8 0xffffffff80ecc370 at ffs_sbget+0x2f0
#9 0xffffffff80b116b7 at g_label_ufs_taste_common+0x57
#10 0xffffffff80b0fa50 at g_label_taste+0x340
#11 0xffffffff80b0e0ba at g_new_provider_event+0x8a
#12 0xffffffff80b08ff3 at g_run_events+0x173
#13 0xffffffff80b8039e at fork_exit+0x7e
#14 0xffffffff8106b20e at fork_trampoline+0xe
Uptime: 6m24s
Dumping 109 out of 986 MB:..15%..30%..44%..59%..74%..88%
Dump complete
Automatic reboot in 15 seconds - press a key on the console to abort
--> Press a key on the console to reboot,
--> or switch off the system now.
Rebooting...
---<<BOOT>>---
Copyright (c) 1992-2020 The FreeBSD Project.
Copyright (c) 1979, 1980, 1983, 1986, 1988, 1989, 1991, 1992, 1993, 1994
	The Regents of the University of California. All rights reserved.
FreeBSD is a registered trademark of The FreeBSD Foundation.
FreeBSD 12.1-STABLE r358121 GENERIC amd64
FreeBSD clang version 9.0.1 (git@github.com:llvm/llvm-project.git c1a0a213378a458fbea1a5c77b315c7dce08fd05) (based on LLVM 9.0.1)
VT(vga): text 80x25
CPU: Intel Core Processor (Skylake, IBRS) (2904.06-MHz K8-class CPU)
  Origin="GenuineIntel"  Id=0x506e3  Family=0x6  Model=0x5e  Stepping=3
  Features=0xf83fbff<FPU,VME,DE,PSE,TSC,MSR,PAE,MCE,CX8,APIC,SEP,MTRR,PGE,MCA,CMOV,PAT,PSE36,MMX,FXSR,SSE,SSE2,SS>
  Features2=0xfffa3223<SSE3,PCLMULQDQ,VMX,SSSE3,FMA,CX16,PCID,SSE4.1,SSE4.2,x2APIC,MOVBE,POPCNT,TSCDLT,AESNI,XSAVE,OSXSAVE,AVX,F16C,RDRAND,HV>
  AMD Features=0x2c100800<SYSCALL,NX,Page1GB,RDTSCP,LM>
  AMD Features2=0x121<LAHF,ABM,Prefetch>
  Structured Extended Features=0x9c0fbb<FSGSBASE,TSCADJ,BMI1,HLE,AVX2,SMEP,BMI2,ERMS,INVPCID,RTM,RDSEED,ADX,SMAP,CLFLUSHOPT>
  Structured Extended Features2=0x4<UMIP>
  Structured Extended Features3=0xac000400<MD_CLEAR,IBPB,STIBP,ARCH_CAP,SSBD>
  XSAVE Features=0xf<XSAVEOPT,XSAVEC,XINUSE,XSAVES>
  IA32_ARCH_CAPS=0x8<SKIP_L1DFL_VME>
  AMD Extended Feature Extensions ID EBX=0x1001000
  VT-x: PAT,HLT,MTF,PAUSE,EPT,UG,VPID
Hypervisor: Origin = "KVMKVMKVM"
real memory  = 1073741824 (1024 MB)
avail memory = 1001181184 (954 MB)
Event timer "LAPIC" quality 600
ACPI APIC Table: <BOCHS  BXPCAPIC>
random: unblocking device.
ioapic0 <Version 1.1> irqs 0-23 on motherboard
Timecounter "TSC-low" frequency 1452030345 Hz quality 800
random: entropy device external interface
kbd1 at kbdmux0
000.000022 [4336] netmap_init               netmap: loaded module
[ath_hal] loaded
module_register_init: MOD_LOAD (vesa, 0xffffffff81118130, 0) error 19
random: registering fast source Intel Secure Key RNG
random: fast provider: "Intel Secure Key RNG"
nexus0
vtvga0: <VT VGA driver> on motherboard
cryptosoft0: <software crypto> on motherboard
acpi0: <BOCHS BXPCRSDT> on motherboard
acpi0: Power Button (fixed)
cpu0: <ACPI CPU> on acpi0
atrtc0: <AT realtime clock> port 0x70-0x71,0x72-0x77 irq 8 on acpi0
atrtc0: registered as a time-of-day clock, resolution 1.000000s
Event timer "RTC" frequency 32768 Hz quality 0
Timecounter "ACPI-fast" frequency 3579545 Hz quality 900
acpi_timer0: <24-bit timer at 3.579545MHz> port 0x608-0x60b on acpi0
pcib0: <ACPI Host-PCI bridge> port 0xcf8-0xcff on acpi0
pci0: <ACPI PCI bus> on pcib0
isab0: <PCI-ISA bridge> at device 1.0 on pci0
isa0: <ISA bus> on isab0
atapci0: <Intel PIIX3 WDMA2 controller> port 0x1f0-0x1f7,0x3f6,0x170-0x177,0x376,0xc1a0-0xc1af at device 1.1 on pci0
ata0: <ATA channel> at channel 0 on atapci0
ata1: <ATA channel> at channel 1 on atapci0
pci0: <bridge> at device 1.3 (no driver attached)
vgapci0: <VGA-compatible display> port 0xc100-0xc11f mem 0xf4000000-0xf7ffffff,0xf8000000-0xfbffffff,0xfc094000-0xfc095fff irq 10 at device 2.0 on pci0
vgapci0: Boot video device
virtio_pci0: <VirtIO PCI Network adapter> port 0xc120-0xc13f mem 0xfc096000-0xfc096fff,0xfebf0000-0xfebf3fff irq 11 at device 3.0 on pci0
vtnet0: <VirtIO Networking Adapter> on virtio_pci0
vtnet0: Ethernet address: 52:54:00:f7:01:cb
vtnet0: netmap queues/slots: TX 1/256, RX 1/128
000.000757 [ 503] vtnet_netmap_attach       vtnet attached txq=1, txd=256 rxq=1, rxd=128
hdac0: <Intel 82801F HDA Controller> mem 0xfc090000-0xfc093fff irq 11 at device 4.0 on pci0
uhci0: <Intel 82801I (ICH9) USB controller> port 0xc140-0xc15f irq 10 at device 5.0 on pci0
usbus0 on uhci0
uhci1: <Intel 82801I (ICH9) USB controller> port 0xc160-0xc17f irq 10 at device 5.1 on pci0
usbus1 on uhci1
uhci2: <Intel 82801I (ICH9) USB controller> port 0xc180-0xc19f irq 11 at device 5.2 on pci0
usbus2 on uhci2
ehci0: <Intel 82801I (ICH9) USB 2.0 controller> mem 0xfc097000-0xfc097fff irq 11 at device 5.7 on pci0
usbus3: EHCI version 1.0
usbus3 on ehci0
virtio_pci1: <VirtIO PCI Console adapter> port 0xc080-0xc0bf mem 0xfc098000-0xfc098fff,0xfebf4000-0xfebf7fff irq 10 at device 6.0 on pci0
virtio_pci2: <VirtIO PCI Block adapter> port 0xc000-0xc07f mem 0xfc099000-0xfc099fff,0xfebf8000-0xfebfbfff irq 11 at device 7.0 on pci0
vtblk0: <VirtIO Block Adapter> on virtio_pci2
vtblk0: 25600MB (52428928 512 byte sectors)
virtio_pci3: <VirtIO PCI Balloon adapter> port 0xc0c0-0xc0ff mem 0xfebfc000-0xfebfffff irq 11 at device 8.0 on pci0
vtballoon0: <VirtIO Balloon Adapter> on virtio_pci3
acpi_syscontainer0: <System Container> on acpi0
acpi_syscontainer1: <System Container> port 0xaf00-0xaf0b on acpi0
acpi_syscontainer2: <System Container> port 0xafe0-0xafe3 on acpi0
acpi_syscontainer3: <System Container> port 0xae00-0xae13 on acpi0
atkbdc0: <Keyboard controller (i8042)> port 0x60,0x64 irq 1 on acpi0
atkbd0: <AT Keyboard> irq 1 on atkbdc0
kbd0 at atkbd0
atkbd0: [GIANT-LOCKED]
psm0: <PS/2 Mouse> irq 12 on atkbdc0
psm0: [GIANT-LOCKED]
psm0: model IntelliMouse Explorer, device ID 4
fdc0: <floppy drive controller (FDE)> port 0x3f2-0x3f5,0x3f7 irq 6 drq 2 on acpi0
fdc0: does not respond
device_attach: fdc0 attach returned 6
uart0: <16550 or compatible> port 0x3f8-0x3ff irq 4 flags 0x10 on acpi0
orm0: <ISA Option ROM> at iomem 0xeb800-0xeffff pnpid ORM0000 on isa0
vga0: <Generic ISA VGA> at port 0x3c0-0x3df iomem 0xa0000-0xbffff pnpid PNP0900 on isa0
attimer0: <AT timer> at port 0x40 on isa0
Timecounter "i8254" frequency 1193182 Hz quality 0
Event timer "i8254" frequency 1193182 Hz quality 100
attimer0: non-PNP ISA device will be removed from GENERIC in FreeBSD 12.
fdc0: No FDOUT register!
Timecounters tick every 10.000 msec
hdacc0: <Generic (0x1af40022) HDA CODEC> at cad 0 on hdac0
hdaa0: <Generic (0x1af40022) Audio Function Group> at nid 1 on hdacc0
pcm0: <Generic (0x1af40022) (Analog)> at nid 3 and 5 on hdaa0
usbus0: 12Mbps Full Speed USB v1.0
usbus1: 12Mbps Full Speed USB v1.0
usbus2: 12Mbps Full Speed USB v1.0
usbus3: 480Mbps High Speed USB v2.0
ugen3.1: <Intel EHCI root HUB> at usbus3
uhub0: <Intel EHCI root HUB, class 9/0, rev 2.00/1.00, addr 1> on usbus3
ugen2.1: <Intel UHCI root HUB> at usbus2
uhub1: <Intel UHCI root HUB, class 9/0, rev 1.00/1.00, addr 1> on usbus2
ugen1.1: <Intel UHCI root HUB> at usbus1
uhub2: <Intel UHCI root HUB, class 9/0, rev 1.00/1.00, addr 1> on usbus1
ugen0.1: <Intel UHCI root HUB> at usbus0
uhub3: <Intel UHCI root HUB, class 9/0, rev 1.00/1.00, addr 1> on usbus0
Trying to mount root from ufs:/dev/gpt/rootfs [rw]...
WARNING: / was not properly dismounted
Setting hostuuid: 6c201b51-0797-4b8b-8beb-543595a51060.
Setting hostid: 0x81d6ff07.
Starting file system checks:
uhub3: 2 ports with 2 removable, self powered
uhub2: 2 ports with 2 removable, self powered
uhub1: 2 ports with 2 removable, self powered
uhub0: 6 ports with 6 removable, self powered
/dev/gpt/rootfs: FREE BLK COUNT(S) WRONG IN SUPERBLK (SALVAGED)
/dev/gpt/rootfs: SUMMARY INFORMATION BAD (SALVAGED)
/dev/gpt/rootfs: BLK(S) MISSING IN BIT MAPS (SALVAGED)
/dev/gpt/rootfs: 25816 files, 794943 used, 5295208 free (10016 frags, 660649 blocks, 0.2% fragmentation)
Mounting local filesystems:.
ELF ldconfig path: /lib /usr/lib /usr/lib/compat
32-bit compatibility ldconfig path: /usr/lib32
Setting hostname: freebsd.
Setting up harvesting: PURE_RDRAND,[UMA],[FS_ATIME],SWI,INTERRUPT,NET_NG,NET_ETHER,NET_TUN,MOUSE,KEYBOARD,ATTACH,CACHED
Feeding entropy: .
lo0: link state changed to UP
vtnet0: link state changed to UP
Starting Network: lo0 vtnet0.
lo0: flags=8049<UP,LOOPBACK,RUNNING,MULTICAST> metric 0 mtu 16384
	options=680003<RXCSUM,TXCSUM,LINKSTATE,RXCSUM_IPV6,TXCSUM_IPV6>
	inet6 ::1 prefixlen 128
	inet6 fe80::1%lo0 prefixlen 64 scopeid 0x2
	inet 127.0.0.1 netmask 0xff000000
	groups: lo
	nd6 options=23<PERFORMNUD,ACCEPT_RTADV,AUTO_LINKLOCAL>
vtnet0: flags=8843<UP,BROADCAST,RUNNING,SIMPLEX,MULTICAST> metric 0 mtu 1500
	options=6c07bb<RXCSUM,TXCSUM,VLAN_MTU,VLAN_HWTAGGING,JUMBO_MTU,VLAN_HWCSUM,TSO4,TSO6,LRO,VLAN_HWTSO,LINKSTATE,RXCSUM_IPV6,TXCSUM_IPV6>
	ether 52:54:00:f7:01:cb
	inet6 fe80::5054:ff:fef7:1cb%vtnet0 prefixlen 64 scopeid 0x1
	media: Ethernet 10Gbase-T <full-duplex>
	status: active
	nd6 options=23<PERFORMNUD,ACCEPT_RTADV,AUTO_LINKLOCAL>
Starting devd.
Autoloading module: intpm.ko
intsmb0: <Intel PIIX4 SMBUS Interface> irq 9 at device 1.3 on pci0
intsmb0: intr IRQ 9 enabled revision 0
smbus0: <System Management Bus> on intsmb0
Starting dhclient.
DHCPREQUEST on vtnet0 to 255.255.255.255 port 67
DHCPACK from 192.168.122.1
bound to 192.168.122.43 -- renewal in 1800 seconds.
add host 127.0.0.1: gateway lo0 fib 0: route already in table
add host ::1: gateway lo0 fib 0: route already in table
add net fe80::: gateway ::1
add net ff02::: gateway ::1
add net ::ffff:0.0.0.0: gateway ::1
add net ::0.0.0.0: gateway ::1
Creating and/or trimming log files.
Starting syslogd.
savecore 585 - - reboot after panic: vm_fault: fault on nofault entry, addr: 0xfffffe0000f04000
Feb 22 19:29:37 freebsd savecore[585]: reboot after panic: vm_fault: fault on nofault entry, addr: 0xfffffe0000f04000
savecore 585 - - writing core to /var/crash/vmcore.0
Writing crash summary to /var/crash/core.txt.0.
Clearing /tmp (X related).
Updating motd:.
Mounting late filesystems:.
Updating /var/run/os-release done.
Configuring vt: blanktime.
Performing sanity check on sshd configuration.
Starting sshd.
Starting sendmail_submit.
Feb 22 19:29:44 freebsd sm-mta[755]: My unqualified host name (freebsd) unknown; sleeping for retry
Feb 22 19:30:44 freebsd sm-mta[755]: unable to qualify my own domain name (freebsd) -- using short name
Starting sendmail_msp_queue.
Feb 22 19:30:44 freebsd sm-msp-queue[758]: My unqualified host name (freebsd) unknown; sleeping for retry
Script /etc/rc.d/sendmail interrupted
Starting cron.
Starting background file system checks in 60 seconds.

Sat Feb 22 19:31:32 UTC 2020
Feb 22 19:33:38 freebsd login[811]: ROOT LOGIN (root) ON ttyv0
panic: vm_fault: fault on nofault entry, addr: 0xfffffe0000ffc000
cpuid = 0
time = 1582400024
KDB: stack backtrace:
#0 0xffffffff80c0ad55 at kdb_backtrace+0x65
#1 0xffffffff80bbf0ce at vpanic+0x17e
#2 0xffffffff80bbef43 at panic+0x43
#3 0xffffffff80ef615c at vm_fault+0x248c
#4 0xffffffff80ef3bb0 at vm_fault_trap+0x60
#5 0xffffffff810914af at trap_pfault+0x19f
#6 0xffffffff810909b8 at trap+0x288
#7 0xffffffff8106a1bc at calltrap+0x8
#8 0xffffffff80b116b7 at g_label_ufs_taste_common+0x57
#9 0xffffffff80b0fa50 at g_label_taste+0x340
#10 0xffffffff80b0e0ba at g_new_provider_event+0x8a
#11 0xffffffff80b08ff3 at g_run_events+0x173
#12 0xffffffff80b8039e at fork_exit+0x7e
#13 0xffffffff8106b20e at fork_trampoline+0xe
Uptime: 4m31s
Dumping 99 out of 986 MB:..17%..33%..49%..65%..81%..97%
Dump complete
Automatic reboot in 15 seconds - press a key on the console to abort
--> Press a key on the console to reboot,
--> or switch off the system now.
Rebooting...
---<<BOOT>>---
Copyright (c) 1992-2020 The FreeBSD Project.
Copyright (c) 1979, 1980, 1983, 1986, 1988, 1989, 1991, 1992, 1993, 1994
	The Regents of the University of California. All rights reserved.
FreeBSD is a registered trademark of The FreeBSD Foundation.
FreeBSD 12.1-STABLE r358121 GENERIC amd64
FreeBSD clang version 9.0.1 (git@github.com:llvm/llvm-project.git c1a0a213378a458fbea1a5c77b315c7dce08fd05) (based on LLVM 9.0.1)
VT(vga): text 80x25
CPU: Intel Core Processor (Skylake, IBRS) (2904.04-MHz K8-class CPU)
  Origin="GenuineIntel"  Id=0x506e3  Family=0x6  Model=0x5e  Stepping=3
  Features=0xf83fbff<FPU,VME,DE,PSE,TSC,MSR,PAE,MCE,CX8,APIC,SEP,MTRR,PGE,MCA,CMOV,PAT,PSE36,MMX,FXSR,SSE,SSE2,SS>
  Features2=0xfffa3223<SSE3,PCLMULQDQ,VMX,SSSE3,FMA,CX16,PCID,SSE4.1,SSE4.2,x2APIC,MOVBE,POPCNT,TSCDLT,AESNI,XSAVE,OSXSAVE,AVX,F16C,RDRAND,HV>
  AMD Features=0x2c100800<SYSCALL,NX,Page1GB,RDTSCP,LM>
  AMD Features2=0x121<LAHF,ABM,Prefetch>
  Structured Extended Features=0x9c0fbb<FSGSBASE,TSCADJ,BMI1,HLE,AVX2,SMEP,BMI2,ERMS,INVPCID,RTM,RDSEED,ADX,SMAP,CLFLUSHOPT>
  Structured Extended Features2=0x4<UMIP>
  Structured Extended Features3=0xac000400<MD_CLEAR,IBPB,STIBP,ARCH_CAP,SSBD>
  XSAVE Features=0xf<XSAVEOPT,XSAVEC,XINUSE,XSAVES>
  IA32_ARCH_CAPS=0x8<SKIP_L1DFL_VME>
  AMD Extended Feature Extensions ID EBX=0x1001000
  VT-x: PAT,HLT,MTF,PAUSE,EPT,UG,VPID
Hypervisor: Origin = "KVMKVMKVM"
real memory  = 1073741824 (1024 MB)
avail memory = 1001181184 (954 MB)
Event timer "LAPIC" quality 600
ACPI APIC Table: <BOCHS  BXPCAPIC>
random: unblocking device.
ioapic0 <Version 1.1> irqs 0-23 on motherboard
Timecounter "TSC-low" frequency 1452019199 Hz quality 800
random: entropy device external interface
kbd1 at kbdmux0
000.000022 [4336] netmap_init               netmap: loaded module
[ath_hal] loaded
module_register_init: MOD_LOAD (vesa, 0xffffffff81118130, 0) error 19
random: registering fast source Intel Secure Key RNG
random: fast provider: "Intel Secure Key RNG"
nexus0
vtvga0: <VT VGA driver> on motherboard
cryptosoft0: <software crypto> on motherboard
acpi0: <BOCHS BXPCRSDT> on motherboard
acpi0: Power Button (fixed)
cpu0: <ACPI CPU> on acpi0
atrtc0: <AT realtime clock> port 0x70-0x71,0x72-0x77 irq 8 on acpi0
atrtc0: registered as a time-of-day clock, resolution 1.000000s
Event timer "RTC" frequency 32768 Hz quality 0
Timecounter "ACPI-fast" frequency 3579545 Hz quality 900
acpi_timer0: <24-bit timer at 3.579545MHz> port 0x608-0x60b on acpi0
pcib0: <ACPI Host-PCI bridge> port 0xcf8-0xcff on acpi0
pci0: <ACPI PCI bus> on pcib0
isab0: <PCI-ISA bridge> at device 1.0 on pci0
isa0: <ISA bus> on isab0
atapci0: <Intel PIIX3 WDMA2 controller> port 0x1f0-0x1f7,0x3f6,0x170-0x177,0x376,0xc1a0-0xc1af at device 1.1 on pci0
ata0: <ATA channel> at channel 0 on atapci0
ata1: <ATA channel> at channel 1 on atapci0
pci0: <bridge> at device 1.3 (no driver attached)
vgapci0: <VGA-compatible display> port 0xc100-0xc11f mem 0xf4000000-0xf7ffffff,0xf8000000-0xfbffffff,0xfc094000-0xfc095fff irq 10 at device 2.0 on pci0
vgapci0: Boot video device
virtio_pci0: <VirtIO PCI Network adapter> port 0xc120-0xc13f mem 0xfc096000-0xfc096fff,0xfebf0000-0xfebf3fff irq 11 at device 3.0 on pci0
vtnet0: <VirtIO Networking Adapter> on virtio_pci0
vtnet0: Ethernet address: 52:54:00:f7:01:cb
vtnet0: netmap queues/slots: TX 1/256, RX 1/128
000.000757 [ 503] vtnet_netmap_attach       vtnet attached txq=1, txd=256 rxq=1, rxd=128
hdac0: <Intel 82801F HDA Controller> mem 0xfc090000-0xfc093fff irq 11 at device 4.0 on pci0
uhci0: <Intel 82801I (ICH9) USB controller> port 0xc140-0xc15f irq 10 at device 5.0 on pci0
usbus0 on uhci0
uhci1: <Intel 82801I (ICH9) USB controller> port 0xc160-0xc17f irq 10 at device 5.1 on pci0
usbus1 on uhci1
uhci2: <Intel 82801I (ICH9) USB controller> port 0xc180-0xc19f irq 11 at device 5.2 on pci0
usbus2 on uhci2
ehci0: <Intel 82801I (ICH9) USB 2.0 controller> mem 0xfc097000-0xfc097fff irq 11 at device 5.7 on pci0
usbus3: EHCI version 1.0
usbus3 on ehci0
virtio_pci1: <VirtIO PCI Console adapter> port 0xc080-0xc0bf mem 0xfc098000-0xfc098fff,0xfebf4000-0xfebf7fff irq 10 at device 6.0 on pci0
virtio_pci2: <VirtIO PCI Block adapter> port 0xc000-0xc07f mem 0xfc099000-0xfc099fff,0xfebf8000-0xfebfbfff irq 11 at device 7.0 on pci0
vtblk0: <VirtIO Block Adapter> on virtio_pci2
vtblk0: 25600MB (52428928 512 byte sectors)
virtio_pci3: <VirtIO PCI Balloon adapter> port 0xc0c0-0xc0ff mem 0xfebfc000-0xfebfffff irq 11 at device 8.0 on pci0
vtballoon0: <VirtIO Balloon Adapter> on virtio_pci3
acpi_syscontainer0: <System Container> on acpi0
acpi_syscontainer1: <System Container> port 0xaf00-0xaf0b on acpi0
acpi_syscontainer2: <System Container> port 0xafe0-0xafe3 on acpi0
acpi_syscontainer3: <System Container> port 0xae00-0xae13 on acpi0
atkbdc0: <Keyboard controller (i8042)> port 0x60,0x64 irq 1 on acpi0
atkbd0: <AT Keyboard> irq 1 on atkbdc0
kbd0 at atkbd0
atkbd0: [GIANT-LOCKED]
psm0: <PS/2 Mouse> irq 12 on atkbdc0
psm0: [GIANT-LOCKED]
psm0: model IntelliMouse Explorer, device ID 4
fdc0: <floppy drive controller (FDE)> port 0x3f2-0x3f5,0x3f7 irq 6 drq 2 on acpi0
fdc0: does not respond
device_attach: fdc0 attach returned 6
uart0: <16550 or compatible> port 0x3f8-0x3ff irq 4 flags 0x10 on acpi0
orm0: <ISA Option ROM> at iomem 0xeb800-0xeffff pnpid ORM0000 on isa0
vga0: <Generic ISA VGA> at port 0x3c0-0x3df iomem 0xa0000-0xbffff pnpid PNP0900 on isa0
attimer0: <AT timer> at port 0x40 on isa0
Timecounter "i8254" frequency 1193182 Hz quality 0
Event timer "i8254" frequency 1193182 Hz quality 100
attimer0: non-PNP ISA device will be removed from GENERIC in FreeBSD 12.
fdc0: No FDOUT register!
Timecounters tick every 10.000 msec
hdacc0: <Generic (0x1af40022) HDA CODEC> at cad 0 on hdac0
hdaa0: <Generic (0x1af40022) Audio Function Group> at nid 1 on hdacc0
pcm0: <Generic (0x1af40022) (Analog)> at nid 3 and 5 on hdaa0
usbus0: 12Mbps Full Speed USB v1.0
usbus1: 12Mbps Full Speed USB v1.0
usbus2: 12Mbps Full Speed USB v1.0
usbus3: 480Mbps High Speed USB v2.0
ugen3.1: <Intel EHCI root HUB> at usbus3
uhub0: <Intel EHCI root HUB, class 9/0, rev 2.00/1.00, addr 1> on usbus3
ugen2.1: <Intel UHCI root HUB> at usbus2
uhub1: <Intel UHCI root HUB, class 9/0, rev 1.00/1.00, addr 1> on usbus2
ugen1.1: <Intel UHCI root HUB> at usbus1
uhub2: <Intel UHCI root HUB, class 9/0, rev 1.00/1.00, addr 1> on usbus1
ugen0.1: <Intel UHCI root HUB> at usbus0
uhub3: <Intel UHCI root HUB, class 9/0, rev 1.00/1.00, addr 1> on usbus0
Trying to mount root from ufs:/dev/gpt/rootfs [rw]...
WARNING: / was not properly dismounted
Setting hostuuid: 6c201b51-0797-4b8b-8beb-543595a51060.
Setting hostid: 0x81d6ff07.
Starting file system checks:
uhub3: 2 ports with 2 removable, self powered
uhub2: 2 ports with 2 removable, self powered
uhub1: 2 ports with 2 removable, self powered
/dev/gpt/rootfs: 25824 files, 816966 used, 5273185 free (10033 frags, 657894 blocks, 0.2% fragmentation)
Mounting local filesystems:.
ELF ldconfig path: /lib /usr/lib /usr/lib/compat
32-bit compatibility ldconfig path: /usr/lib32
Setting hostname: freebsd.
Setting up harvesting: PURE_RDRAND,[UMA],[FS_ATIME],SWI,INTERRUPT,NET_NG,NET_ETHER,NET_TUN,MOUSE,KEYBOARD,ATTACH,CACHED
Feeding entropy: .
lo0: link state changed to UP
vtnet0: link state changed to UP
uhub0: 6 ports with 6 removable, self powered
Starting Network: lo0 vtnet0.
lo0: flags=8049<UP,LOOPBACK,RUNNING,MULTICAST> metric 0 mtu 16384
	options=680003<RXCSUM,TXCSUM,LINKSTATE,RXCSUM_IPV6,TXCSUM_IPV6>
	inet6 ::1 prefixlen 128
	inet6 fe80::1%lo0 prefixlen 64 scopeid 0x2
	inet 127.0.0.1 netmask 0xff000000
	groups: lo
	nd6 options=23<PERFORMNUD,ACCEPT_RTADV,AUTO_LINKLOCAL>
vtnet0: flags=8843<UP,BROADCAST,RUNNING,SIMPLEX,MULTICAST> metric 0 mtu 1500
	options=6c07bb<RXCSUM,TXCSUM,VLAN_MTU,VLAN_HWTAGGING,JUMBO_MTU,VLAN_HWCSUM,TSO4,TSO6,LRO,VLAN_HWTSO,LINKSTATE,RXCSUM_IPV6,TXCSUM_IPV6>
	ether 52:54:00:f7:01:cb
	inet6 fe80::5054:ff:fef7:1cb%vtnet0 prefixlen 64 scopeid 0x1
	media: Ethernet 10Gbase-T <full-duplex>
	status: active
	nd6 options=23<PERFORMNUD,ACCEPT_RTADV,AUTO_LINKLOCAL>
Starting devd.
Autoloading module: intpm.ko
intsmb0: <Intel PIIX4 SMBUS Interface> irq 9 at device 1.3 on pci0
intsmb0: intr IRQ 9 enabled revision 0
smbus0: <System Management Bus> on intsmb0
Starting dhclient.
DHCPREQUEST on vtnet0 to 255.255.255.255 port 67
DHCPACK from 192.168.122.1
bound to 192.168.122.43 -- renewal in 1800 seconds.
add host 127.0.0.1: gateway lo0 fib 0: route already in table
add host ::1: gateway lo0 fib 0: route already in table
add net fe80::: gateway ::1
add net ff02::: gateway ::1
add net ::ffff:0.0.0.0: gateway ::1
add net ::0.0.0.0: gateway ::1
Creating and/or trimming log files.
Starting syslogd.
savecore 587 - - reboot after panic: vm_fault: fault on nofault entry, addr: 0xfffffe0000ffc000
Feb 22 19:34:35 freebsd savecore[587]: reboot after panic: vm_fault: fault on nofault entry, addr: 0xfffffe0000ffc000
savecore 587 - - writing core to /var/crash/vmcore.1
Writing crash summary to /var/crash/core.txt.1.
Clearing /tmp (X related).
Updating motd:.
Mounting late filesystems:.
Updating /var/run/os-release done.
Configuring vt: blanktime.
Performing sanity check on sshd configuration.
Starting sshd.
Starting sendmail_submit.
Feb 22 19:34:42 freebsd sm-mta[757]: My unqualified host name (freebsd) unknown; sleeping for retry
Script /etc/rc.d/sendmail interrupted
Starting cron.
Starting background file system checks in 60 seconds.

Sat Feb 22 19:34:59 UTC 2020
Feb 22 19:37:01 freebsd login[810]: ROOT LOGIN (root) ON ttyv0
g_vfs_done():md0[READ(offset=3166593488257024, length=4096)]error = 5
panic: vm_fault: fault on nofault entry, addr: 0xfffffe0016ff2000
cpuid = 0
time = 1582400341
KDB: stack backtrace:
#0 0xffffffff80c0ad55 at kdb_backtrace+0x65
#1 0xffffffff80bbf0ce at vpanic+0x17e
#2 0xffffffff80bbef43 at panic+0x43
#3 0xffffffff80ef615c at vm_fault+0x248c
#4 0xffffffff80ef3bb0 at vm_fault_trap+0x60
#5 0xffffffff810914af at trap_pfault+0x19f
#6 0xffffffff810909b8 at trap+0x288
#7 0xffffffff8106a1bc at calltrap+0x8
#8 0xffffffff80ecc5d0 at ffs_sbget+0x550
#9 0xffffffff80b116b7 at g_label_ufs_taste_common+0x57
#10 0xffffffff80b0fa50 at g_label_taste+0x340
#11 0xffffffff80b0e0ba at g_new_provider_event+0x8a
#12 0xffffffff80b08ff3 at g_run_events+0x173
#13 0xffffffff80b8039e at fork_exit+0x7e
#14 0xffffffff8106b20e at fork_trampoline+0xe
Uptime: 4m43s
Dumping 154 out of 986 MB:..11%..21%..31%..42%..52%..62%..73%..83%..93%
Dump complete
Automatic reboot in 15 seconds - press a key on the console to abort
--> Press a key on the console to reboot,
--> or switch off the system now.
Rebooting...
---<<BOOT>>---
Copyright (c) 1992-2020 The FreeBSD Project.
Copyright (c) 1979, 1980, 1983, 1986, 1988, 1989, 1991, 1992, 1993, 1994
	The Regents of the University of California. All rights reserved.
FreeBSD is a registered trademark of The FreeBSD Foundation.
FreeBSD 12.1-STABLE r358121 GENERIC amd64
FreeBSD clang version 9.0.1 (git@github.com:llvm/llvm-project.git c1a0a213378a458fbea1a5c77b315c7dce08fd05) (based on LLVM 9.0.1)
VT(vga): text 80x25
CPU: Intel Core Processor (Skylake, IBRS) (2904.03-MHz K8-class CPU)
  Origin="GenuineIntel"  Id=0x506e3  Family=0x6  Model=0x5e  Stepping=3
  Features=0xf83fbff<FPU,VME,DE,PSE,TSC,MSR,PAE,MCE,CX8,APIC,SEP,MTRR,PGE,MCA,CMOV,PAT,PSE36,MMX,FXSR,SSE,SSE2,SS>
  Features2=0xfffa3223<SSE3,PCLMULQDQ,VMX,SSSE3,FMA,CX16,PCID,SSE4.1,SSE4.2,x2APIC,MOVBE,POPCNT,TSCDLT,AESNI,XSAVE,OSXSAVE,AVX,F16C,RDRAND,HV>
  AMD Features=0x2c100800<SYSCALL,NX,Page1GB,RDTSCP,LM>
  AMD Features2=0x121<LAHF,ABM,Prefetch>
  Structured Extended Features=0x9c0fbb<FSGSBASE,TSCADJ,BMI1,HLE,AVX2,SMEP,BMI2,ERMS,INVPCID,RTM,RDSEED,ADX,SMAP,CLFLUSHOPT>
  Structured Extended Features2=0x4<UMIP>
