freebsd dumped core - see /var/crash/vmcore.0

Fri Feb 21 06:41:47 UTC 2020

FreeBSD freebsd 13.0-CURRENT FreeBSD 13.0-CURRENT #3: Thu Feb 20 03:35:37 UTC 2020     root@freebsd:/usr/obj/usr/src/amd64.amd64/sys/GENERIC  amd64

panic: vm_fault_lookup: fault on nofault entry, addr: 0xfffffe0032000000

GNU gdb (GDB) 8.3.1 [GDB v8.3.1 for FreeBSD]
Copyright (C) 2019 Free Software Foundation, Inc.
License GPLv3+: GNU GPL version 3 or later <http://gnu.org/licenses/gpl.html>
This is free software: you are free to change and redistribute it.
There is NO WARRANTY, to the extent permitted by law.
Type "show copying" and "show warranty" for details.
This GDB was configured as "x86_64-portbld-freebsd13.0".
Type "show configuration" for configuration details.
For bug reporting instructions, please see:
<http://www.gnu.org/software/gdb/bugs/>.
Find the GDB manual and other documentation resources online at:
    <http://www.gnu.org/software/gdb/documentation/>.

For help, type "help".
Type "apropos word" to search for commands related to "word"...
Reading symbols from /boot/kernel/kernel...
Reading symbols from /usr/lib/debug//boot/kernel/kernel.debug...

Unread portion of the kernel message buffer:
panic: vm_fault_lookup: fault on nofault entry, addr: 0xfffffe0032000000
cpuid = 0
time = 1582267109
KDB: stack backtrace:
db_trace_self_wrapper() at db_trace_self_wrapper+0x2b/frame 0xfffffe002c779490
vpanic() at vpanic+0x185/frame 0xfffffe002c7794f0
panic() at panic+0x43/frame 0xfffffe002c779550
vm_fault() at vm_fault+0x1a98/frame 0xfffffe002c779680
vm_fault_trap() at vm_fault_trap+0x6e/frame 0xfffffe002c7796c0
trap_pfault() at trap_pfault+0x1f3/frame 0xfffffe002c779740
trap() at trap+0x2a7/frame 0xfffffe002c779870
calltrap() at calltrap+0x8/frame 0xfffffe002c779870
--- trap 0xc, rip = 0xffffffff810104fa, rsp = 0xfffffe002c779940, rbp = 0xfffffe002c779950 ---
sse42_crc32c() at sse42_crc32c+0x8a/frame 0xfffffe002c779950
readsuper() at readsuper+0x101/frame 0xfffffe002c779990
ffs_sbget() at ffs_sbget+0x8f/frame 0xfffffe002c779a00
g_label_ufs_taste_common() at g_label_ufs_taste_common+0x79/frame 0xfffffe002c779a40
g_label_taste() at g_label_taste+0x2ac/frame 0xfffffe002c779b50
g_new_provider_event() at g_new_provider_event+0xaa/frame 0xfffffe002c779b70
g_run_events() at g_run_events+0x176/frame 0xfffffe002c779bb0
fork_exit() at fork_exit+0x80/frame 0xfffffe002c779bf0
fork_trampoline() at fork_trampoline+0xe/frame 0xfffffe002c779bf0
--- trap 0, rip = 0, rsp = 0, rbp = 0 ---
KDB: enter: panic
Uptime: 7m56s
Dumping 258 out of 4062 MB:..7%..13%..25%..31%..44%..56%..62%..75%..81%..93%

__curthread () at /usr/src/sys/amd64/include/pcpu_aux.h:55
55		__asm("movq %%gs:%P1,%0" : "=r" (td) : "n" (offsetof(struct pcpu,
(kgdb) #0  __curthread () at /usr/src/sys/amd64/include/pcpu_aux.h:55
#1  doadump (textdump=1) at /usr/src/sys/kern/kern_shutdown.c:393
#2  0xffffffff80bc6ff0 in kern_reboot (howto=260)
    at /usr/src/sys/kern/kern_shutdown.c:480
#3  0xffffffff80bc744d in vpanic (fmt=<optimized out>, ap=<optimized out>)
    at /usr/src/sys/kern/kern_shutdown.c:910
#4  0xffffffff80bc71a3 in panic (fmt=<unavailable>)
    at /usr/src/sys/kern/kern_shutdown.c:836
#5  0xffffffff80f0da28 in vm_fault_lookup (fs=<optimized out>)
    at /usr/src/sys/vm/vm_fault.c:769
#6  vm_fault (map=<optimized out>, vaddr=<optimized out>, 
    fault_type=1 '\001', fault_flags=<optimized out>, m_hold=<optimized out>)
    at /usr/src/sys/vm/vm_fault.c:1247
#7  0xffffffff80f0be3e in vm_fault_trap (map=0xfffff80003004000, 
    vaddr=<optimized out>, fault_type=<optimized out>, fault_flags=0, 
    signo=0x0, ucode=<optimized out>) at /usr/src/sys/vm/vm_fault.c:589
#8  0xffffffff8106c0e3 in trap_pfault (frame=<optimized out>, 
    usermode=<optimized out>, signo=<optimized out>, ucode=0x0)
    at /usr/src/sys/amd64/amd64/trap.c:822
#9  0xffffffff8106b587 in trap (frame=0xfffffe002c779880)
    at /usr/src/sys/amd64/amd64/trap.c:401
#10 <signal handler called>
#11 sse42_crc32c (crc=1954737818, buf=<optimized out>, len=2257031296)
    at /usr/src/sys/libkern/x86/crc32_sse42.c:259
#12 0xffffffff80ee28e1 in ffs_calc_sbhash (fs=<optimized out>)
    at /usr/src/sys/ufs/ffs/ffs_subr.c:507
#13 readsuper (devfd=<optimized out>, fsp=<optimized out>, sblockloc=65536, 
    isaltsblk=0, chkhash=0, readfunc=<optimized out>)
    at /usr/src/sys/ufs/ffs/ffs_subr.c:399
#14 0xffffffff80ee24bf in ffs_sbget (devfd=0xfffff80004479000, 
    fsp=0xfffffe002c779a10, altsblock=<optimized out>, 
    filltype=0xffffffff818f2480 <M_GEOM>, 
    readfunc=0xffffffff80b0dbc0 <g_use_g_read_data>)
    at /usr/src/sys/ufs/ffs/ffs_subr.c:303
#15 0xffffffff80b152c9 in g_label_ufs_taste_common (cp=0xfffff80004479000, 
    label=0xfffffe002c779a70 "", size=128, what=1)
    at /usr/src/sys/geom/label/g_label_ufs.c:81
#16 0xffffffff80b13a2c in g_label_taste (
    mp=0xffffffff818f2ce0 <g_label_class>, pp=0xfffff8005c26c800, 
    flags=<optimized out>) at /usr/src/sys/geom/label/g_label.c:402
#17 0xffffffff80b110ea in g_new_provider_event (arg=0xfffff8005c26c800, 
    flag=<optimized out>) at /usr/src/sys/geom/geom_subr.c:600
#18 0xffffffff80b0b966 in one_event () at /usr/src/sys/geom/geom_event.c:265
#19 g_run_events () at /usr/src/sys/geom/geom_event.c:288
#20 0xffffffff80b845b0 in fork_exit (
    callout=0xffffffff80b0e0d0 <g_event_procbody>, arg=0x0, 
    frame=0xfffffe002c779c00) at /usr/src/sys/kern/kern_fork.c:1059
#21 <signal handler called>
(kgdb) 

------------------------------------------------------------------------
ps -axlww

UID  PID PPID CPU PRI NI   VSZ  RSS MWCHAN   STAT TT      TIME COMMAND
  0    0    0   0 -16  0     0    0 swapin   DLs   -   0:00.04 [kernel]
  0    1    0   0  40  0 10064 1044 wait     DLs   -   0:00.01 [init]
  0    2    0   0 -16  0     0    0 crypto_w DL    -   0:00.00 [crypto]
  0    3    0   0 -16  0     0    0 crypto_r DL    -   0:00.00 [crypto returns 0]
  0    4    0   0 -16  0     0    0 crypto_r DL    -   0:00.00 [crypto returns 1]
  0    5    0   0 -16  0     0    0 crypto_r DL    -   0:00.00 [crypto returns 2]
  0    6    0   0 -16  0     0    0 crypto_r DL    -   0:00.00 [crypto returns 3]
  0    7    0   0 -16  0     0    0 -        DL    -   0:00.17 [cam]
  0    8    0   0 -16  0     0    0 -        DL    -   0:00.00 [soaiod1]
  0    9    0   0 -16  0     0    0 -        DL    -   0:00.00 [soaiod2]
  0   10    0   0 -16  0     0    0 audit_wo DL    -   0:00.00 [audit]
  0   11    0   0 155  0     0    0 -        RL    -  18:35.03 [idle]
  0   12    0   0 -56  0     0    0 -        WL    -   0:06.64 [intr]
  0   13    0   0  -8  0     0    0 -        RL    -   0:00.00 [geom]
  0   14    0   0 -16  0     0    0 seqstate DL    -   0:00.00 [sequencer 00]
  0   15    0   0 -68  0     0    0 -        DL    -   0:00.08 [usb]
  0   16    0   0 -16  0     0    0 -        DL    -   0:00.00 [soaiod3]
  0   17    0   0 -16  0     0    0 -        DL    -   0:00.00 [soaiod4]
  0   18    0   0 -16  0     0    0 waiting_ DL    -   0:00.00 [sctp_iterator]
  0   19    0   0 -16  0     0    0 -        DL    -   0:00.35 [rand_harvestq]
  0   20    0   0 -16  0     0    0 psleep   DL    -   0:00.18 [pagedaemon]
  0   21    0   0 -16  0     0    0 psleep   DL    -   0:00.00 [vmdaemon]
  0   22    0   0 -16  0     0    0 qsleep   DL    -   0:00.26 [bufdaemon]
  0   23    0   0 -16  0     0    0 vlruwt   DL    -   0:00.02 [vnlru]
  0   24    0   0  16  0     0    0 syncer   DL    -   0:00.07 [syncer]
  0  368    1   0  52  0 11480 2656 select   Ds    -   0:00.00 [dhclient]
  0  371    1   0  52  0 11664 2748 select   Ds    -   0:00.01 [dhclient]
 65  419    1   0  52  0 11832 2876 select   DCs   -   0:00.00 [dhclient]
  0  420    1   0  20  0 10484 1508 select   Ds    -   0:00.00 [devd]
  0  561    1   0  20  0 11548 2692 select   Ds    -   0:00.01 [syslogd]
  0  753    1   0  20  0 19720 7740 select   Ds    -   0:00.00 [sshd]
  0  756    1   0  20  0 17036 6872 select   Ds    -   0:00.01 [sendmail]
  0  761    1   0  20  0 11516 2664 nanslp   Ds    -   0:00.00 [cron]
  0  814    1   0  52  0 10972 2280 ttyin    Ds+   -   0:00.00 [getty]
  0  815    1   0  52  0 10972 2280 ttyin    Ds+   -   0:00.00 [getty]
  0  816    1   0  52  0 10972 2280 ttyin    Ds+   -   0:00.00 [getty]
  0  817    1   0  52  0 10972 2280 ttyin    Ds+   -   0:00.00 [getty]
  0  818    1   0  52  0 10972 2280 ttyin    Ds+   -   0:00.00 [getty]
  0  819    1   0  52  0 10972 2280 ttyin    Ds+   -   0:00.00 [getty]
  0  820    1   0  52  0 10972 2280 ttyin    Ds+   -   0:00.00 [getty]
  0  836    1   0  21  0 10972 2280 ttyin    Ds+   -   0:00.00 [getty]
  0  837  753   0  20  0 20208 9004 select   Ds    -   0:00.00 [sshd]
  0  840  837   0  20  0 13176 4124 wait     Ds    -   0:00.00 [bash]
  0  844  840   0  52  0 13280 4188 wait     D+    -   0:00.00 [bash]
  0 1174  844   0  52  0 11116 2460 g_waitid D+    -   0:00.00 [mdconfig]
  0 1175    0   0  -8  0     0    0 mdwait   DL    -   0:00.00 [md0]

------------------------------------------------------------------------
vmstat -s

        0 cpu context switches
        0 device interrupts
        0 software interrupts
        0 traps
        0 system calls
        0 kernel threads created
        0  fork() calls
        0 vfork() calls
        0 rfork() calls
        0 swap pager pageins
        0 swap pager pages paged in
        0 swap pager pageouts
        0 swap pager pages paged out
        0 vnode pager pageins
        0 vnode pager pages paged in
        0 vnode pager pageouts
        0 vnode pager pages paged out
        0 page daemon wakeups
        0 pages examined by the page daemon
        0 clean page reclamation shortfalls
        0 pages reactivated by the page daemon
        0 copy-on-write faults
        0 copy-on-write optimized faults
        0 zero fill pages zeroed
        0 zero fill pages prezeroed
        0 intransit blocking page faults
        0 total VM faults taken
        0 page faults requiring I/O
        0 pages affected by kernel thread creation
        0 pages affected by  fork()
        0 pages affected by vfork()
        0 pages affected by rfork()
        0 pages freed
        0 pages freed by daemon
        0 pages freed by exiting processes
        0 pages active
        0 pages inactive
        0 pages in the laundry queue
        0 pages wired down
        0 virtual user pages wired down
        0 pages free
        0 bytes per page
        0 total name lookups
          cache hits (0% pos + 0% neg) system 0% per-directory
          deletions 0%, falsehits 0%, toolong 0%

------------------------------------------------------------------------
vmstat -m

vmstat: memstat_kvm_malloc: invalid address (0xfffffe00862313c0)
         Type InUse MemUse HighUse Requests  Size(s)

------------------------------------------------------------------------
vmstat -z

ITEM                   SIZE  LIMIT     USED     FREE      REQ     FAILSLEEP XDOMAIN

UMA Kegs:               384,      0,       0,       0,       0,   0,   0,   0
UMA Zones:             1152,      0,       0,       0,       0,   0,   0,   0
UMA Slabs 0:            112,      0,       0,       0,       0,   0,   0,   0
UMA Slabs 1:            176,      0,       0,       0,       0,   0,   0,   0
UMA Hash:               256,      0,       0,       0,       0,   0,   0,   0
2 Bucket:                32,      0,      97,     785,    1951,   0,   0,   0
4 Bucket:                48,      0,      76,     908,    6845,   0,   0,   0
8 Bucket:                80,      0,      60,     486,   46386,   0,   0,   0
16 Bucket:              144,      0,      79,     355,    1728,   0,   0,   0
32 Bucket:              256,      0,      64,     370,    9043,   0,   0,   0
64 Bucket:              512,      0,     206,     167,    1830,   0,   0,   0
128 Bucket:            1024,      0,      83,      61,    7543,   0,   0,   0
256 Bucket:            2048,      0,     224,      16,    1224,   0,   0,   0
SMR SHARED:              16,      0,       0,       0,       0,   0,   0,   0
SMR CPU:                 24,      0,       0,       0,       0,   0,   0,   0
vmem:                  1856,      0,       0,       0,       0,   0,   0,   0
vmem btag:               56,      0,    3842,     494,    3842,   0,   0,   0
VM OBJECT:              264,      0,    1258,     182,   20993,   0,   0,   0
RADIX NODE:             144,      0,    9892,     214,   57195,   0,   0,   0
MAP:                    216,      0,       2,      60,       2,   0,   0,   0
KMAP ENTRY:              96,      0,      12,     366,      12,   0,   0,   0
MAP ENTRY:               96,      0,     793,     719,   62631,   0,   0,   0
VMSPACE:               2536,      0,      21,      23,    1136,   0,   0,   0
fakepg:                 104,      0,       0,       0,       0,   0,   0,   0
int pcpu:                 4,      0,      66,     950,      66,   0,   0,   0
64 pcpu:                  8,      0,    3035,     521,    3039,   0,   0,   0
mt_stats_zone:           64,      0,     427,      81,     427,   0,   0,   0
mt_zone:                 24,      0,     427,      81,     427,   0,   0,   0
16:                      16,      0,      17,     999,      24,   0,   0,   0
16:                      16,      0,   11531,     407,   11623,   0,   0,   0
16:                      16,      0,       1,     507,      22,   0,   0,   0
16:                      16,      0,      32,     984,   28431,   0,   0,   0
16:                      16,      0,       1,     253,       1,   0,   0,   0
16:                      16,      0,     470,     546,   32217,   0,   0,   0
16:                      16,      0,      42,     974,     222,   0,   0,   0
16:                      16,      0,      18,     998,     469,   0,   0,   0
32:                      32,      0,      17,     999,     175,   0,   0,   0
32:                      32,      0,    4578,     248,    4843,   0,   0,   0
32:                      32,      0,      73,     943,     376,   0,   0,   0
32:                      32,      0,      31,     985,    3410,   0,   0,   0
32:                      32,      0,       6,    1010,     126,   0,   0,   0
32:                      32,      0,     124,     892,    1884,   0,   0,   0
32:                      32,      0,      85,     931,     288,   0,   0,   0
32:                      32,      0,       8,     754,      88,   0,   0,   0
64:                      64,      0,      10,    1006,     146,   0,   0,   0
64:                      64,      0,    2777,     525,    2785,   0,   0,   0
64:                      64,      0,      63,     953,    1583,   0,   0,   0
64:                      64,      0,     334,     936,    1615,   0,   0,   0
64:                      64,      0,      11,    1005,      12,   0,   0,   0
64:                      64,      0,     968,     556,    2940,   0,   0,   0
64:                      64,      0,      37,     979,     134,   0,   0,   0
64:                      64,      0,      16,    1000,   60806,   0,   0,   0
128:                    128,      0,      20,     358,      30,   0,   0,   0
128:                    128,      0,    9066,     258,    9725,   0,   0,   0
128:                    128,      0,      67,     437,     254,   0,   0,   0
128:                    128,      0,     699,     687,   31352,   0,   0,   0
128:                    128,      0,     866,     394,    1025,   0,   0,   0
128:                    128,      0,     513,     369,   15002,   0,   0,   0
128:                    128,      0,      23,     481,      24,   0,   0,   0
128:                    128,      0,      38,     466,     497,   0,   0,   0
256:                    256,      0,       6,     242,      72,   0,   0,   0
256:                    256,      0,      48,     200,    2179,   0,   0,   0
256:                    256,      0,     168,     328,    2244,   0,   0,   0
256:                    256,      0,     130,     242,    1401,   0,   0,   0
256:                    256,      0,      10,    6686,   15822,   0,   0,   0
256:                    256,      0,     165,     207,    2759,   0,   0,   0
256:                    256,      0,      12,     236,      97,   0,   0,   0
256:                    256,      0,      46,     264,    1240,   0,   0,   0
512:                    512,      0,     115,      65,     178,   0,   0,   0
512:                    512,      0,       8,     112,      19,   0,   0,   0
512:                    512,      0,       3,     117,     189,   0,   0,   0
512:                    512,      0,       5,      85,       7,   0,   0,   0
512:                    512,      0,      60,      60,      61,   0,   0,   0
512:                    512,      0,      37,     143,    1251,   0,   0,   0
512:                    512,      0,      32,      88,      33,   0,   0,   0
512:                    512,      0,       0,     120,     930,   0,   0,   0
1024:                  1024,      0,       3,      61,      11,   0,   0,   0
1024:                  1024,      0,       6,      58,      23,   0,   0,   0
1024:                  1024,      0,       4,      28,       4,   0,   0,   0
1024:                  1024,      0,     107,      37,     163,   0,   0,   0
1024:                  1024,      0,      17,      47,      17,   0,   0,   0
1024:                  1024,      0,     409,     119,    1536,   0,   0,   0
1024:                  1024,      0,       1,      15,       1,   0,   0,   0
1024:                  1024,      0,       4,      60,     215,   0,   0,   0
2048:                  2048,      0,       4,      28,      41,   0,   0,   0
2048:                  2048,      0,       2,      14,       2,   0,   0,   0
2048:                  2048,      0,       0,       0,       0,   0,   0,   0
2048:                  2048,      0,       3,      21,     143,   0,   0,   0
2048:                  2048,      0,       1,       7,       1,   0,   0,   0
2048:                  2048,      0,      14,      18,      30,   0,   0,   0
2048:                  2048,      0,       0,       0,       0,   0,   0,   0
2048:                  2048,      0,       0,      32,      77,   0,   0,   0
4096:                  4096,      0,      52,      10,    1182,   0,   0,   0
4096:                  4096,      0,       2,       0,       2,   0,   0,   0
4096:                  4096,      0,     337,       9,    1084,   0,   0,   0
4096:                  4096,      0,       9,       1,       9,   0,   0,   0
4096:                  4096,      0,       3,       5,      20,   0,   0,   0
4096:                  4096,      0,      29,       5,     921,   0,   0,   0
4096:                  4096,      0,       0,       6,      32,   0,   0,   0
4096:                  4096,      0,       0,       8,      36,   0,   0,   0
8192:                  8192,      0,       0,       0,       0,   0,   0,   0
8192:                  8192,      0,       0,       1,       1,   0,   0,   0
8192:                  8192,      0,       0,       0,       0,   0,   0,   0
8192:                  8192,      0,       4,       0,       4,   0,   0,   0
8192:                  8192,      0,       0,       0,       0,   0,   0,   0
8192:                  8192,      0,      73,       2,      88,   0,   0,   0
8192:                  8192,      0,       4,       6,      38,   0,   0,   0
8192:                  8192,      0,       2,       7,     206,   0,   0,   0
16384:                16384,      0,       0,       0,       0,   0,   0,   0
16384:                16384,      0,       0,       0,       0,   0,   0,   0
16384:                16384,      0,       0,       0,       0,   0,   0,   0
16384:                16384,      0,       4,      12,     286,   0,   0,   0
16384:                16384,      0,       0,       0,       0,   0,   0,   0
16384:                16384,      0,       6,       2,      14,   0,   0,   0
16384:                16384,      0,       0,       0,       0,   0,   0,   0
16384:                16384,      0,       2,       0,       2,   0,   0,   0
32768:                32768,      0,       2,       0,       2,   0,   0,   0
32768:                32768,      0,       0,       0,       0,   0,   0,   0
32768:                32768,      0,       0,       0,       0,   0,   0,   0
32768:                32768,      0,       0,       0,       0,   0,   0,   0
32768:                32768,      0,       0,       0,       0,   0,   0,   0
32768:                32768,      0,       2,       4,       6,   0,   0,   0
32768:                32768,      0,       0,       0,       0,   0,   0,   0
32768:                32768,      0,       1,       2,       5,   0,   0,   0
65536:                65536,      0,       0,       0,       0,   0,   0,   0
65536:                65536,      0,       0,       0,       0,   0,   0,   0
65536:                65536,      0,       0,       0,       0,   0,   0,   0
65536:                65536,      0,       1,       0,       1,   0,   0,   0
65536:                65536,      0,       2,       0,       2,   0,   0,   0
65536:                65536,      0,       4,       4,      45,   0,   0,   0
65536:                65536,      0,       0,       0,       0,   0,   0,   0
65536:                65536,      0,       1,       2,       5,   0,   0,   0
SLEEPQUEUE:              88,      0,     181,     323,     181,   0,   0,   0
Files:                   80,      0,      71,     433,    9838,   0,   0,   0
filedesc0:             1104,      0,      46,      50,    1176,   0,   0,   0
TURNSTILE:              136,      0,     181,     129,     181,   0,   0,   0
rangeset pctrie nodes:    144,      0,       0,       0,       0,   0,   0,   0
rl_entry:                40,      0,      50,     966,      50,   0,   0,   0
umtx pi:                 96,      0,       0,       0,       0,   0,   0,   0
umtx_shm:                88,      0,       0,       0,       0,   0,   0,   0
swrbuf:                 832,    128,       0,       0,       0,   0,   0,   0
swwbuf:                 832,     64,       0,       0,       0,   0,   0,   0
nfspbuf:                832,    128,       0,       0,       0,   0,   0,   0
mdpbuf:                 832,     25,       0,       2,      32,   0,   0,   0
clpbuf:                 832,    128,     655,     128,    5603,   0,   0,   0
vnpbuf:                 832,    512,       0,       0,       0,   0,   0,   0
pbuf:                   832,     16,       0,       0,       0,   0,   0,   0
MAC labels:              40,      0,       0,       0,       0,   0,   0,   0
PROC:                  1328,      0,      45,      43,    1175,   0,   0,   0
THREAD:                1776,      0,     166,      10,     167,   0,   0,   0
cpuset:                 104,      0,      11,     495,      11,   0,   0,   0
domainset:               40,      0,       0,       0,       0,   0,   0,   0
audit_record:          1280,      0,       0,       0,       0,   0,   0,   0
mbuf_packet:            256,      0,     256,    1014,    1057,   0,   0,   0
mbuf:                   256, 1609059,     322,     948,    3080,   0,   0,   0
mbuf_cluster:          2048, 251415,    1334,     190,    1334,   0,   0,   0
mbuf_jumbo_page:       4096, 125707,       0,     254,       2,   0,   0,   0
mbuf_jumbo_9k:         9216,  37246,       0,       0,       0,   0,   0,   0
mbuf_jumbo_16k:       16384,  20951,       0,       0,       0,   0,   0,   0
mbuf_extpgs:            256,      0,       0,       0,       0,   0,   0,   0
epoch_record pcpu:      256,      0,       4,      58,       4,   0,   0,   0
FPU_save_area:          832,      0,       0,       0,       0,   0,   0,   0
ttyinq:                 160,      0,     180,     130,     345,   0,   0,   0
ttyoutq:                256,      0,      95,     153,     183,   0,   0,   0
DMAR_MAP_ENTRY:         128,      0,       0,       0,       0,   0,   0,   0
g_bio:                  384,      0,       0,     634,  234394,   0,   0,   0
nvme_request:           128,      0,       0,       0,       0,   0,   0,   0
cryptop:                128,      0,       0,       0,       0,   0,   0,   0
cryptodesc:             120,      0,       0,       0,       0,   0,   0,   0
crypto_session:          24,      0,       0,       0,       0,   0,   0,   0
vtnet_tx_hdr:            24,      0,       1,     761,     232,   0,   0,   0
VNODE:                  488,      0,     834,      96,     941,   0,   0,   0
VNODEPOLL:              120,      0,       0,       0,       0,   0,   0,   0
BUF TRIE:               144,      0,     830,     162,   12795,   0,   0,   0
S VFS Cache:            108,      0,     959,     301,    1701,   0,   0,   0
STS VFS Cache:          148,      0,       0,       0,       0,   0,   0,   0
L VFS Cache:            328,      0,       0,       0,       0,   0,   0,   0
LTS VFS Cache:          368,      0,       0,       0,       0,   0,   0,   0
NAMEI:                 1024,      0,       0,      96,   20465,   0,   0,   0
rentr:                   24,      0,       0,     762,      29,   0,   0,   0
DIRHASH:               1024,      0,     132,      28,     132,   0,   0,   0
NCLNODE:                592,      0,       0,       0,       0,   0,   0,   0
procdesc:               136,      0,       1,     247,      46,   0,   0,   0
Mountpoints:           2816,      0,       2,      14,      17,   0,   0,   0
pipe:                   760,      0,       3,      45,     325,   0,   0,   0
AIO:                    208,      0,       0,       0,       0,   0,   0,   0
AIOP:                    32,      0,       0,       0,       0,   0,   0,   0
AIOCB:                  752,      0,       0,       0,       0,   0,   0,   0
AIOLIO:                 280,      0,       0,       0,       0,   0,   0,   0
ksiginfo:               112,      0,      68,     436,     136,   0,   0,   0
itimer:                 352,      0,       0,       0,       0,   0,   0,   0
KNOTE:                  160,      0,       0,      62,       8,   0,   0,   0
socket:                 904, 129998,      17,     999,    1459,   0,   0,   0
IPsec SA lft_c:          16,      0,       0,       0,       0,   0,   0,   0
unpcb:                  256, 129998,       9,    1007,    1347,   0,   0,   0
ipq:                     56,   7856,       0,       0,       0,   0,   0,   0
udp_inpcb:              488, 129998,       2,    1014,      90,   0,   0,   0
udpcb:                   32, 129998,       2,    1014,      90,   0,   0,   0
tcp_inpcb:              488, 129998,       4,     504,       6,   0,   0,   0
tcpcb:                 1008, 129998,       4,     504,       6,   0,   0,   0
tcptw:                   88,  25999,       0,       0,       0,   0,   0,   0
syncache:               168,  15360,       0,     254,       1,   0,   0,   0
hostcache:               96,  15360,       0,       0,       0,   0,   0,   0
sackhole:                32,      0,       0,       0,       0,   0,   0,   0
tfo:                      4,      0,       0,       0,       0,   0,   0,   0
tfo_ccache_entries:      80,      0,       0,       0,       0,   0,   0,   0
tcpreass:                48,  15713,       0,       0,       0,   0,   0,   0
tcp_log:                408, 5000000,       0,       0,       0,   0,   0,   0
tcp_log_bucket:         184,      0,       0,       0,       0,   0,   0,   0
tcp_log_node:           120,      0,       0,       0,       0,   0,   0,   0
sctp_ep:               1280, 129998,       0,       0,       0,   0,   0,   0
sctp_asoc:             2288,  40000,       0,       0,       0,   0,   0,   0
sctp_laddr:              48,  80000,       0,     762,       4,   0,   0,   0
sctp_raddr:             736,  80000,       0,       0,       0,   0,   0,   0
sctp_chunk:             152, 400000,       0,       0,       0,   0,   0,   0
sctp_readq:             152, 400000,       0,       0,       0,   0,   0,   0
sctp_stream_msg_out:    112, 400000,       0,       0,       0,   0,   0,   0
sctp_asconf:             40, 400000,       0,       0,       0,   0,   0,   0
sctp_asconf_ack:         48, 400000,       0,       0,       0,   0,   0,   0
udplite_inpcb:          488, 129998,       0,       0,       0,   0,   0,   0
ripcb:                  488, 129998,       1,     507,       4,   0,   0,   0
rtentry:                208,      0,      13,     235,      16,   0,   0,   0
selfd:                   64,      0,      88,     928,    6061,   0,   0,   0
swpctrie:               144, 502852,       0,       0,       0,   0,   0,   0
swblk:                  136, 502831,       0,       0,       0,   0,   0,   0
FFS inode:              160,      0,     798,     132,     887,   0,   0,   0
FFS1 dinode:            128,      0,       0,       0,       0,   0,   0,   0
FFS2 dinode:            256,      0,     798,     132,     886,   0,   0,   0


------------------------------------------------------------------------
vmstat -i

interrupt                          total       rate
irq1: atkbd0                         559          4
cpu0:timer                         10689         68
cpu1:timer                          5113         33
cpu2:timer                          6181         39
cpu3:timer                          4854         31
irq25: virtio_pci0                   419          3
irq26: virtio_pci0                     1          0
irq27: hdac0                          41          0
irq29: virtio_pci2                 46737        297
irq31: virtio_pci1                     1          0
Total                              74595        474

------------------------------------------------------------------------
pstat -T

 71/129998 files
0M/0M swap space

------------------------------------------------------------------------
pstat -s

Device          1K-blocks     Used    Avail Capacity

------------------------------------------------------------------------
iostat

       tty           vtbd0              md0             cpu
 tin  tout KB/t  tps  MB/s  KB/t  tps  MB/s  us ni sy in id
   1    30 31.0  102   3.1   1.2    0   0.0   1  0  1  0 98

------------------------------------------------------------------------
ipcs -a

Message Queues:
T           ID          KEY MODE        OWNER    GROUP    CREATOR  CGROUP                 CBYTES                 QNUM               QBYTES        LSPID        LRPID STIME    RTIME    CTIME   

Shared Memory:
T           ID          KEY MODE        OWNER    GROUP    CREATOR  CGROUP         NATTCH        SEGSZ         CPID         LPID ATIME    DTIME    CTIME   

Semaphores:
T           ID          KEY MODE        OWNER    GROUP    CREATOR  CGROUP          NSEMS OTIME    CTIME   


------------------------------------------------------------------------
ipcs -T

msginfo:
	msgmax:        16384	(max characters in a message)
	msgmni:           40	(# of message queues)
	msgmnb:         2048	(max characters in a message queue)
	msgtql:           40	(max # of messages in system)
	msgssz:            8	(size of a message segment)
	msgseg:         2048	(# of message segments in system)

shminfo:
	shmmax:    536870912	(max shared memory segment size)
	shmmin:            1	(min shared memory segment size)
	shmmni:          192	(max number of shared memory identifiers)
	shmseg:          128	(max shared memory segments per process)
	shmall:       131072	(max amount of shared memory in pages)

seminfo:
	semmni:           50	(# of semaphore identifiers)
	semmns:          340	(# of semaphores in system)
	semmnu:          150	(# of undo structures in system)
	semmsl:          340	(max # of semaphores per id)
	semopm:          100	(max # of operations per semop call)
	semume:           50	(max # of undo entries per process)
	semusz:          632	(size in bytes of undo structure)
	semvmx:        32767	(semaphore maximum value)
	semaem:        16384	(adjust on exit max value)


------------------------------------------------------------------------
nfsstat

*** -M option deprecated, ignored

*** -N option deprecated, ignored

Rpc Counts:
      Getattr      Setattr       Lookup     Readlink         Read        Write       Create       Remove
            0            0            0            0            0            0            0            0
       Rename         Link      Symlink        Mkdir        Rmdir      Readdir     RdirPlus       Access
            0            0            0            0            0            0            0            0
        Mknod       Fsstat       Fsinfo     PathConf       Commit
            0            0            0            0            0
Rpc Info:
     TimedOut      Invalid    X Replies      Retries     Requests
            0            0            0            0            0
Cache Info:
    Attr Hits  Attr Misses    Lkup Hits  Lkup Misses    BioR Hits  BioR Misses    BioW Hits  BioW Misses
            0            0            0            0            0            0            0            0
   BioRL Hits BioRL Misses    BioD Hits  BioD Misses    DirE Hits  DirE Misses    Accs Hits  Accs Misses
            0            0            0            0            0            0            0            0
Server Info:
      Getattr      Setattr       Lookup     Readlink         Read        Write       Create       Remove
            0            0            0            0            0            0            0            0
       Rename         Link      Symlink        Mkdir        Rmdir      Readdir     RdirPlus       Access
            0            0            0            0            0            0            0            0
        Mknod       Fsstat       Fsinfo     PathConf       Commit
            0            0            0            0            0
Server Re-Failed
               0
Server Faults
            0
Server Write 
     WriteOps     WriteRPC      Opsaved
            0            0            0
Server Cache 
       Inprog         Idem     Non-Idem       Misses
            0            0            0            0

------------------------------------------------------------------------
netstat -s

tcp:
	0 packets sent
		0 data packets (0 bytes)
		0 data packets (0 bytes) retransmitted
		0 data packets unnecessarily retransmitted
		0 resends initiated by MTU discovery
		0 ack-only packets (0 delayed)
		0 URG only packets
		0 window probe packets
		0 window update packets
		0 control packets
	0 packets received
		0 acks (for 0 bytes)
		0 duplicate acks
		0 acks for unsent data
		0 packets (0 bytes) received in-sequence
		0 completely duplicate packets (0 bytes)
		0 old duplicate packets
		0 packets with some dup. data (0 bytes duped)
		0 out-of-order packets (0 bytes)
		0 packets (0 bytes) of data after window
		0 window probes
		0 window update packets
		0 packets received after close
		0 discarded for bad checksums
		0 discarded for bad header offset fields
		0 discarded because packet too short
		0 discarded due to full reassembly queue
	0 connection requests
	0 connection accepts
	0 bad connection attempts
	0 listen queue overflows
	0 ignored RSTs in the windows
	0 connections established (including accepts)
		0 times used RTT from hostcache
		0 times used RTT variance from hostcache
		0 times used slow-start threshold from hostcache
	0 connections closed (including 0 drops)
		0 connections updated cached RTT on close
		0 connections updated cached RTT variance on close
		0 connections updated cached ssthresh on close
	0 embryonic connections dropped
	0 segments updated rtt (of 0 attempts)
	0 retransmit timeouts
		0 connections dropped by rexmit timeout
	0 persist timeouts
		0 connections dropped by persist timeout
	0 Connections (fin_wait_2) dropped because of timeout
	0 keepalive timeouts
		0 keepalive probes sent
		0 connections dropped by keepalive
	0 correct ACK header predictions
	0 correct data packet header predictions
	0 syncache entries added
		0 retransmitted
		0 dupsyn
		0 dropped
		0 completed
		0 bucket overflow
		0 cache overflow
		0 reset
		0 stale
		0 aborted
		0 badack
		0 unreach
		0 zone failures
	0 cookies sent
	0 cookies received
	0 hostcache entries added
		0 bucket overflow
	0 SACK recovery episodes
	0 segment rexmits in SACK recovery episodes
	0 byte rexmits in SACK recovery episodes
	0 SACK options (SACK blocks) received
	0 SACK options (SACK blocks) sent
	0 SACK scoreboard overflow
	0 packets with ECN CE bit set
	0 packets with ECN ECT(0) bit set
	0 packets with ECN ECT(1) bit set
	0 successful ECN handshakes
	0 times ECN reduced the congestion window
	0 packets with matching signature received
	0 packets with bad signature received
	0 times failed to make signature due to no SA
	0 times unexpected signature received
	0 times no signature provided by segment
	0 Path MTU discovery black hole detection activations
	0 Path MTU discovery black hole detection min MSS activations
	0 Path MTU discovery black hole detection failures
TCP connection count by state:
	0 connections in CLOSED state
	0 connections in LISTEN state
	0 connections in SYN_SENT state
	0 connections in SYN_RCVD state
	0 connections in ESTABLISHED state
	0 connections in CLOSE_WAIT state
	0 connections in FIN_WAIT_1 state
	0 connections in CLOSING state
	0 connections in LAST_ACK state
	0 connections in FIN_WAIT_2 state
	0 connections in TIME_WAIT state
udp:
	0 datagrams received
	0 with incomplete header
	0 with bad data length field
	0 with bad checksum
	0 with no checksum
	0 dropped due to no socket
	0 broadcast/multicast datagrams undelivered
	0 dropped due to full socket buffers
	0 not for hashed pcb
	0 delivered
	0 datagrams output
	0 times multicast source filter matched
ip:
	0 total packets received
	0 bad header checksums
	0 with size smaller than minimum
	0 with data size < data length
	0 with ip length > max ip packet size
	0 with header length < data size
	0 with data length < header length
	0 with bad options
	0 with incorrect version number
	0 fragments received
	0 fragments dropped (dup or out of space)
	0 fragments dropped after timeout
	0 packets reassembled ok
	0 packets for this host
	0 packets for unknown/unsupported protocol
	0 packets forwarded (0 packets fast forwarded)
	0 packets not forwardable
	0 packets received for unknown multicast group
	0 redirects sent
	0 packets sent from this host
	0 packets sent with fabricated ip header
	0 output packets dropped due to no bufs, etc.
	0 output packets discarded due to no route
	0 output datagrams fragmented
	0 fragments created
	0 datagrams that can't be fragmented
	0 tunneling packets that can't find gif
	0 datagrams with bad address in header
icmp:
	0 calls to icmp_error
	0 errors not generated in response to an icmp message
	0 messages with bad code fields
	0 messages less than the minimum length
	0 messages with bad checksum
	0 messages with bad length
	0 multicast echo requests ignored
	0 multicast timestamp requests ignored
	0 message responses generated
	0 invalid return addresses
	0 no return routes
arp:
	0 ARP requests sent
	0 ARP requests failed to sent
	0 ARP replies sent
	0 ARP requests received
	0 ARP replies received
	0 ARP packets received
	0 total packets dropped due to no ARP entry
	0 ARP entrys timed out
	0 Duplicate IPs seen
ip6:
	0 total packets received
	0 with size smaller than minimum
	0 with data size < data length
	0 with bad options
	0 with incorrect version number
	0 fragments received
	0 fragments dropped (dup or out of space)
	0 fragments dropped after timeout
	0 fragments that exceeded limit
	0 atomic fragments
	0 packets reassembled ok
	0 packets for this host
	0 packets forwarded
	0 packets not forwardable
	0 redirects sent
	0 packets sent from this host
	0 packets sent with fabricated ip header
	0 output packets dropped due to no bufs, etc.
	0 output packets discarded due to no route
	0 output datagrams fragmented
	0 fragments created
	0 datagrams that can't be fragmented
	0 packets that violated scope rules
	0 multicast packets which we don't join
	Mbuf statistics:
		0 one mbuf
		0 one ext mbuf
		0 two or more ext mbuf
	0 packets whose headers are not contiguous
	0 tunneling packets that can't find gif
	0 packets discarded because of too many headers
	0 failures of source address selection
icmp6:
	0 calls to icmp6_error
	0 errors not generated in response to an icmp6 message
	0 errors not generated because of rate limitation
	0 messages with bad code fields
	0 messages < minimum length
	0 bad checksums
	0 messages with bad length
	Histogram of error messages to be generated:
		0 no route
		0 administratively prohibited
		0 beyond scope
		0 address unreachable
		0 port unreachable
		0 packet too big
		0 time exceed transit
		0 time exceed reassembly
		0 erroneous header field
		0 unrecognized next header
		0 unrecognized option
		0 redirect
		0 unknown
	0 message responses generated
	0 messages with too many ND options
	0 messages with bad ND options
	0 bad neighbor solicitation messages
	0 bad neighbor advertisement messages
	0 bad router solicitation messages
	0 bad router advertisement messages
	0 bad redirect messages
	0 path MTU changes
rip6:
	0 messages received
	0 checksum calculations on inbound
	0 messages with bad checksum
	0 messages dropped due to no socket
	0 multicast messages dropped due to no socket
	0 messages dropped due to full socket buffers
	0 delivered
	0 datagrams output
pfkey:
	0 requests sent from userland
	0 bytes sent from userland
	0 messages with invalid length field
	0 messages with invalid version field
	0 messages with invalid message type field
	0 messages too short
	0 messages with memory allocation failure
	0 messages with duplicate extension
	0 messages with invalid extension type
	0 messages with invalid sa type
	0 messages with invalid address extension
	0 requests sent to userland
	0 bytes sent to userland
	0 messages toward single socket
	0 messages toward all sockets
	0 messages toward registered sockets
	0 messages with memory allocation failure

------------------------------------------------------------------------
netstat -m

netstat: memstat_kvm_all: invalid address (0xfffffe00862313c0)

------------------------------------------------------------------------
netstat -anA

Active Internet connections (including servers)
Tcpcb            Proto Recv-Q Send-Q Local Address      Foreign Address    (state)    
fffff800045675b8 udp4       0      0 *.514              *.*                
fffff80004567988 udp6       0      0 *.514              *.*                

------------------------------------------------------------------------
netstat -aL

Current listen queue sizes (qlen/incqlen/maxqlen)
Proto Listen                           Local Address         

------------------------------------------------------------------------
fstat

fstat: can't read file 1 at 0x20007ffffffffff
fstat: can't read file 2 at 0x4000000001fffff
fstat: can't read file 1 at 0x20007ffffffffff
fstat: can't read file 2 at 0x4000000001fffff
fstat: can't read file 4 at 0x780000ffff
fstat: can't read file 5 at 0xa00000000
fstat: can't read file 7 at 0x20007ffffffffff
fstat: can't read file 8 at 0x4000000001fffff
fstat: can't read file 10 at 0x780000ffff
fstat: can't read file 11 at 0xa00000000
fstat: can't read file 13 at 0x20007ffffffffff
fstat: can't read file 14 at 0x4000000001fffff
fstat: can't read file 16 at 0x780000ffff
fstat: can't read file 17 at 0x800000000
fstat: can't read file 23 at 0x8c00000000
fstat: can't read file 29 at 0x8000000000
fstat: can't read file 1 at 0x20007ffffffffff
fstat: can't read file 2 at 0x4000000001fffff
fstat: can't read file 4 at 0x780000ffff
fstat: can't read file 5 at 0xa00000000
fstat: can't read file 7 at 0x20007ffffffffff
fstat: can't read file 8 at 0x4000000001fffff
fstat: can't read file 10 at 0x780000ffff
fstat: can't read file 11 at 0xa00000000
fstat: can't read file 13 at 0x20007ffffffffff
fstat: can't read file 14 at 0x4000000001fffff
fstat: can't read file 16 at 0x780000ffff
fstat: can't read file 17 at 0x800000000
fstat: can't read file 23 at 0x1b800000001
fstat: can't read file 29 at 0x7c00000001
fstat: can't read file 35 at 0x1600000001
fstat: can't read file 41 at 0x1000000001
fstat: can't read file 47 at 0x3c00000001
fstat: can't read file 53 at 0x3c00000001
fstat: can't read file 59 at 0x3800000000
fstat: can't read file 65 at 0x400000000
fstat: can't read file 1 at 0x20007ffffffffff
fstat: can't read file 2 at 0x4000000001fffff
fstat: can't read file 4 at 0x780000ffff
fstat: can't read file 5 at 0x800000000
fstat: can't read file 7 at 0x20007ffffffffff
fstat: can't read file 8 at 0x4000000001fffff
fstat: can't read file 10 at 0x780000ffff
fstat: can't read file 1 at 0x20007ffffffffff
fstat: can't read file 2 at 0x4000000001fffff
fstat: can't read file 1 at 0x20007ffffffffff
fstat: can't read file 2 at 0x4000000001fffff
fstat: can't read file 1 at 0x20007ffffffffff
fstat: can't read file 2 at 0x4000000001fffff
fstat: can't read file 1 at 0x20007ffffffffff
fstat: can't read file 2 at 0x4000000001fffff
fstat: can't read file 1 at 0x20007ffffffffff
fstat: can't read file 2 at 0x4000000001fffff
fstat: can't read file 1 at 0x20007ffffffffff
fstat: can't read file 2 at 0x4000000001fffff
fstat: can't read file 1 at 0x20007ffffffffff
fstat: can't read file 2 at 0x4000000001fffff
fstat: can't read file 1 at 0x20007ffffffffff
fstat: can't read file 2 at 0x4000000001fffff
fstat: can't read file 1 at 0x20007ffffffffff
fstat: can't read file 2 at 0x4000000001fffff
fstat: can't read file 4 at 0x780000ffff
fstat: can't read file 1 at 0x20007ffffffffff
fstat: can't read file 2 at 0x4000000001fffff
fstat: can't read file 4 at 0x780000ffff
fstat: can't read file 5 at 0x600000000
fstat: can't read file 1 at 0x20007ffffffffff
fstat: can't read file 2 at 0x4000000001fffff
fstat: can't read file 4 at 0x780000ffff
fstat: can't read file 1 at 0x20007ffffffffff
fstat: can't read file 2 at 0x4000000001fffff
fstat: can't read file 4 at 0x780000ffff
fstat: can't read file 5 at 0x400000000
fstat: can't read file 7 at 0x20007ffffffffff
fstat: can't read file 8 at 0x4000000001fffff
fstat: can't read file 10 at 0x780000ffff
fstat: can't read file 11 at 0x400000000
fstat: can't read file 13 at 0x20007ffffffffff
fstat: can't read file 14 at 0x4000000001fffff
fstat: can't read file 16 at 0x780000ffff
fstat: can't read file 17 at 0x400000000
fstat: can't read file 19 at 0x20007ffffffffff
fstat: can't read file 20 at 0x4000000001fffff
fstat: can't read file 22 at 0x780000ffff
fstat: can't read file 23 at 0x2600000001
fstat: can't read file 1 at 0x20007ffffffffff
fstat: can't read file 2 at 0x4000000001fffff
fstat: can't read file 4 at 0x780000ffff
fstat: can't read file 5 at 0x800000000
fstat: can't read file 7 at 0x20007ffffffffff
fstat: can't read file 8 at 0x4000000001fffff
fstat: can't read file 1 at 0x200000000000000
fstat: can't read file 2 at 0x400000000000000
fstat: can't read file 5 at 0x800000000
fstat: can't read file 7 at 0x200000000000002
fstat: can't read file 8 at 0x400000000000000
fstat: can't read file 11 at 0x400000000
fstat: can't read file 1 at 0x20007ffffffffff
fstat: can't read file 2 at 0x4000000001fffff
fstat: can't read file 4 at 0x780000ffff
fstat: can't read file 5 at 0x800000000
fstat: can't read file 7 at 0x20007ffffffffff
fstat: can't read file 8 at 0x4000000001fffff
fstat: can't read file 10 at 0x780000ffff
fstat: can't read file 1 at 0x20007ffffffffff
fstat: can't read file 2 at 0x4000000001fffff
fstat: can't read file 4 at 0x780000ffff
fstat: can't read file 5 at 0x800000000
USER     CMD          PID   FD MOUNT      INUM MODE         SZ|DV R/W
root     md0         1175 root /             2 drwxr-xr-x     512  r
root     md0         1175   wd /             2 drwxr-xr-x     512  r
root     mdconfig    1174 root /             2 drwxr-xr-x     512  r
root     mdconfig    1174   wd /        2970061 drwxr-xr-x     512  r
root     mdconfig    1174 text /        404646 -r-xr-xr-x   27936  r
root     mdconfig    1174 ctty /dev        111 crw--w----   pts/0 rw
root     mdconfig    1174    0 /dev        111 crw--w----   pts/0 rw
root     bash         844 root /             2 drwxr-xr-x     512  r
root     bash         844   wd /        2970061 drwxr-xr-x     512  r
root     bash         844 text /        575223 -rwxr-xr-x  1177608  r
root     bash         844 ctty /dev        111 crw--w----   pts/0 rw
root     bash         844    0 /dev        111 crw--w----   pts/0 rw
root     bash         844    6 /dev        111 crw--w----   pts/0 rw
root     bash         844   12 /dev        111 crw--w----   pts/0 rw
root     bash         840 root /             2 drwxr-xr-x     512  r
root     bash         840   wd /        2970061 drwxr-xr-x     512  r
root     bash         840 text /        575223 -rwxr-xr-x  1177608  r
root     bash         840 ctty /dev        111 crw--w----   pts/0 rw
root     bash         840    0 /dev        111 crw--w----   pts/0 rw
root     bash         840    6 /dev        111 crw--w----   pts/0 rw
root     bash         840   12 /dev        111 crw--w----   pts/0 rw
root     sshd         837 root /             2 drwxr-xr-x     512  r
root     sshd         837   wd /             2 drwxr-xr-x     512  r
root     sshd         837 text /        404732 -r-xr-xr-x  321368  r
root     sshd         837    0 /dev         36 crw-rw-rw-    null rw
root     sshd         837    6 /dev         36 crw-rw-rw-    null rw
root     getty        836 root /             2 drwxr-xr-x     512  r
root     getty        836   wd /             2 drwxr-xr-x     512  r
root     getty        836 text /        404462 -r-xr-xr-x   38936  r
root     getty        836 ctty /dev         89 crw-------   ttyv0 rw
root     getty        836    0 /dev         89 crw-------   ttyv0 rw
root     getty        820 root /             2 drwxr-xr-x     512  r
root     getty        820   wd /             2 drwxr-xr-x     512  r
root     getty        820 text /        404462 -r-xr-xr-x   38936  r
root     getty        820 ctty /dev         96 crw-------   ttyv7 rw
root     getty        820    0 /dev         96 crw-------   ttyv7 rw
root     getty        819 root /             2 drwxr-xr-x     512  r
root     getty        819   wd /             2 drwxr-xr-x     512  r
root     getty        819 text /        404462 -r-xr-xr-x   38936  r
root     getty        819 ctty /dev         95 crw-------   ttyv6 rw
root     getty        819    0 /dev         95 crw-------   ttyv6 rw
root     getty        818 root /             2 drwxr-xr-x     512  r
root     getty        818   wd /             2 drwxr-xr-x     512  r
root     getty        818 text /        404462 -r-xr-xr-x   38936  r
root     getty        818 ctty /dev         94 crw-------   ttyv5 rw
root     getty        818    0 /dev         94 crw-------   ttyv5 rw
root     getty        817 root /             2 drwxr-xr-x     512  r
root     getty        817   wd /             2 drwxr-xr-x     512  r
root     getty        817 text /        404462 -r-xr-xr-x   38936  r
root     getty        817 ctty /dev         93 crw-------   ttyv4 rw
root     getty        817    0 /dev         93 crw-------   ttyv4 rw
root     getty        816 root /             2 drwxr-xr-x     512  r
root     getty        816   wd /             2 drwxr-xr-x     512  r
root     getty        816 text /        404462 -r-xr-xr-x   38936  r
root     getty        816 ctty /dev         92 crw-------   ttyv3 rw
root     getty        816    0 /dev         92 crw-------   ttyv3 rw
root     getty        815 root /             2 drwxr-xr-x     512  r
root     getty        815   wd /             2 drwxr-xr-x     512  r
root     getty        815 text /        404462 -r-xr-xr-x   38936  r
root     getty        815 ctty /dev         91 crw-------   ttyv2 rw
root     getty        815    0 /dev         91 crw-------   ttyv2 rw
root     getty        814 root /             2 drwxr-xr-x     512  r
root     getty        814   wd /             2 drwxr-xr-x     512  r
root     getty        814 text /        404462 -r-xr-xr-x   38936  r
root     getty        814 ctty /dev         90 crw-------   ttyv1 rw
root     getty        814    0 /dev         90 crw-------   ttyv1 rw
root     cron         761 root /             2 drwxr-xr-x     512  r
root     cron         761   wd /         80267 drwxr-x---     512  r
root     cron         761 text /        405049 -r-xr-xr-x   57576  r
root     cron         761    0 /dev         36 crw-rw-rw-    null rw
root     sendmail     756 root /             2 drwxr-xr-x     512  r
root     sendmail     756   wd /         80290 drwxr-xr-x     512  r
root     sendmail     756 text /        405286 -r-xr-sr-x  742080  r
root     sendmail     756    0 /dev         36 crw-rw-rw-    null  r
root     sshd         753 root /             2 drwxr-xr-x     512  r
root     sshd         753   wd /             2 drwxr-xr-x     512  r
root     sshd         753 text /        404732 -r-xr-xr-x  321368  r
root     sshd         753    0 /dev         36 crw-rw-rw-    null rw
root     syslogd      561 root /             2 drwxr-xr-x     512  r
root     syslogd      561   wd /             2 drwxr-xr-x     512  r
root     syslogd      561 text /        405123 -r-xr-xr-x   57504  r
root     syslogd      561    0 /dev         36 crw-rw-rw-    null rw
root     syslogd      561    6 /dev         36 crw-rw-rw-    null rw
root     syslogd      561   12 /dev         36 crw-rw-rw-    null rw
root     syslogd      561   18* pipe fffff800041f5be0 <-> fffff800041f5d48      0 rw
root     syslogd      561   24* pipe fffff800041f5d48 <-> fffff800041f5be0      0 rw
root     devd         420 root /             2 drwxr-xr-x     512  r
root     devd         420   wd /             2 drwxr-xr-x     512  r
root     devd         420 text /        404687 -r-xr-xr-x  1065320  r
root     devd         420    0 /dev         36 crw-rw-rw-    null rw
root     devd         420    6 /dev         36 crw-rw-rw-    null rw
_dhcp    dhclient     419 root /             2 drwxr-xr-x     512  r
_dhcp    dhclient     419   wd /             2 drwxr-xr-x     512  r
_dhcp    dhclient     419 text /        404618 -r-xr-xr-x  108192  r
_dhcp    dhclient     419    0 /dev         36 crw-rw-rw-    null rw
_dhcp    dhclient     419    6 /dev         36 crw-rw-rw-    null rw
root     dhclient     371 root /             2 drwxr-xr-x     512  r
root     dhclient     371   wd /             2 drwxr-xr-x     512  r
root     dhclient     371 text /        404618 -r-xr-xr-x  108192  r
root     dhclient     371    0 /dev         36 crw-rw-rw-    null rw
root     dhclient     371    6 /dev         36 crw-rw-rw-    null rw
root     dhclient     368 root /             2 drwxr-xr-x     512  r
root     dhclient     368   wd /             2 drwxr-xr-x     512  r
root     dhclient     368 text /        404618 -r-xr-xr-x  108192  r
root     dhclient     368    0 /dev         36 crw-rw-rw-    null rw
root     dhclient     368    6 /dev         36 crw-rw-rw-    null rw
root     init           1 root /             2 drwxr-xr-x     512  r
root     init           1   wd /             2 drwxr-xr-x     512  r
root     init           1 text /        404639 -r-xr-xr-x  1341200  r
root     kernel         0 root /             2 drwxr-xr-x     512  r
root     kernel         0   wd /             2 drwxr-xr-x     512  r

------------------------------------------------------------------------
dmesg

---<<BOOT>>---
Copyright (c) 1992-2020 The FreeBSD Project.
Copyright (c) 1979, 1980, 1983, 1986, 1988, 1989, 1991, 1992, 1993, 1994
	The Regents of the University of California. All rights reserved.
FreeBSD is a registered trademark of The FreeBSD Foundation.
FreeBSD 13.0-CURRENT #3: Thu Feb 20 03:35:37 UTC 2020
    root@freebsd:/usr/obj/usr/src/amd64.amd64/sys/GENERIC amd64
FreeBSD clang version 9.0.1 (git@github.com:llvm/llvm-project.git c1a0a213378a458fbea1a5c77b315c7dce08fd05) (based on LLVM 9.0.1)
WARNING: WITNESS option enabled, expect reduced performance.
VT(vga): text 80x25
CPU: Intel Core Processor (Skylake, IBRS) (2903.97-MHz K8-class CPU)
  Origin="GenuineIntel"  Id=0x506e3  Family=0x6  Model=0x5e  Stepping=3
  Features=0xf83fbff<FPU,VME,DE,PSE,TSC,MSR,PAE,MCE,CX8,APIC,SEP,MTRR,PGE,MCA,CMOV,PAT,PSE36,MMX,FXSR,SSE,SSE2,SS>
  Features2=0xfffa3223<SSE3,PCLMULQDQ,VMX,SSSE3,FMA,CX16,PCID,SSE4.1,SSE4.2,x2APIC,MOVBE,POPCNT,TSCDLT,AESNI,XSAVE,OSXSAVE,AVX,F16C,RDRAND,HV>
  AMD Features=0x2c100800<SYSCALL,NX,Page1GB,RDTSCP,LM>
  AMD Features2=0x121<LAHF,ABM,Prefetch>
  Structured Extended Features=0x9c0fbb<FSGSBASE,TSCADJ,BMI1,HLE,AVX2,SMEP,BMI2,ERMS,INVPCID,RTM,RDSEED,ADX,SMAP,CLFLUSHOPT>
  Structured Extended Features2=0x4<UMIP>
  Structured Extended Features3=0xac000400<MD_CLEAR,IBPB,STIBP,ARCH_CAP,SSBD>
  XSAVE Features=0xf<XSAVEOPT,XSAVEC,XINUSE,XSAVES>
  IA32_ARCH_CAPS=0x8<SKIP_L1DFL_VME>
  AMD Extended Feature Extensions ID EBX=0x1001000<IBPB,SSBD>
  VT-x: PAT,HLT,MTF,PAUSE,EPT,UG,VPID
Hypervisor: Origin = "KVMKVMKVM"
real memory  = 4294967296 (4096 MB)
avail memory = 4094447616 (3904 MB)
Event timer "LAPIC" quality 600
ACPI APIC Table: <BOCHS  BXPCAPIC>
FreeBSD/SMP: Multiprocessor System Detected: 4 CPUs
FreeBSD/SMP: 4 package(s) x 1 core(s)
random: registering fast source Intel Secure Key RNG
random: fast provider: "Intel Secure Key RNG"
random: unblocking device.
ioapic0 <Version 1.1> irqs 0-23
Launching APs: 2 1 3
random: entropy device external interface
WARNING: Device "kbd" is Giant locked and may be deleted before FreeBSD 13.0.
kbd1 at kbdmux0
000.000047 [4341] netmap_init               netmap: loaded module
[ath_hal] loaded
nexus0
vtvga0: <VT VGA driver>
cryptosoft0: <software crypto>
acpi0: <BOCHS BXPCRSDT>
acpi0: Power Button (fixed)
cpu0: <ACPI CPU> on acpi0
atrtc0: <AT realtime clock> port 0x70-0x71,0x72-0x77 irq 8 on acpi0
atrtc0: registered as a time-of-day clock, resolution 1.000000s
Event timer "RTC" frequency 32768 Hz quality 0
Timecounter "ACPI-fast" frequency 3579545 Hz quality 900
acpi_timer0: <24-bit timer at 3.579545MHz> port 0x608-0x60b on acpi0
pcib0: <ACPI Host-PCI bridge> port 0xcf8-0xcff on acpi0
pci0: <ACPI PCI bus> on pcib0
isab0: <PCI-ISA bridge> at device 1.0 on pci0
isa0: <ISA bus> on isab0
atapci0: <Intel PIIX3 WDMA2 controller> port 0x1f0-0x1f7,0x3f6,0x170-0x177,0x376,0xc1a0-0xc1af at device 1.1 on pci0
ata0: <ATA channel> at channel 0 on atapci0
ata1: <ATA channel> at channel 1 on atapci0
pci0: <bridge> at device 1.3 (no driver attached)
vgapci0: <VGA-compatible display> port 0xc100-0xc11f mem 0xf4000000-0xf7ffffff,0xf8000000-0xfbffffff,0xfc094000-0xfc095fff irq 10 at device 2.0 on pci0
vgapci0: Boot video device
virtio_pci0: <VirtIO PCI Network adapter> port 0xc120-0xc13f mem 0xfc096000-0xfc096fff,0xfebf0000-0xfebf3fff irq 11 at device 3.0 on pci0
vtnet0: <VirtIO Networking Adapter> on virtio_pci0
vtnet0: Ethernet address: 52:54:00:e2:62:00
vtnet0: netmap queues/slots: TX 1/256, RX 1/128
000.000761 [ 503] vtnet_netmap_attach       vtnet attached txq=1, txd=256 rxq=1, rxd=128
hdac0: <Intel 82801F HDA Controller> mem 0xfc090000-0xfc093fff irq 11 at device 4.0 on pci0
uhci0: <Intel 82801I (ICH9) USB controller> port 0xc140-0xc15f irq 10 at device 5.0 on pci0
usbus0 on uhci0
usbus0: 12Mbps Full Speed USB v1.0
uhci1: <Intel 82801I (ICH9) USB controller> port 0xc160-0xc17f irq 10 at device 5.1 on pci0
usbus1 on uhci1
usbus1: 12Mbps Full Speed USB v1.0
uhci2: <Intel 82801I (ICH9) USB controller> port 0xc180-0xc19f irq 11 at device 5.2 on pci0
usbus2 on uhci2
usbus2: 12Mbps Full Speed USB v1.0
ehci0: <Intel 82801I (ICH9) USB 2.0 controller> mem 0xfc097000-0xfc097fff irq 11 at device 5.7 on pci0
usbus3: EHCI version 1.0
usbus3 on ehci0
usbus3: 480Mbps High Speed USB v2.0
virtio_pci1: <VirtIO PCI Console adapter> port 0xc080-0xc0bf mem 0xfc098000-0xfc098fff,0xfebf4000-0xfebf7fff irq 10 at device 6.0 on pci0
virtio_pci2: <VirtIO PCI Block adapter> port 0xc000-0xc07f mem 0xfc099000-0xfc099fff,0xfebf8000-0xfebfbfff irq 11 at device 7.0 on pci0
vtblk0: <VirtIO Block Adapter> on virtio_pci2
vtblk0: 56320MB (115343488 512 byte sectors)
virtio_pci3: <VirtIO PCI Balloon adapter> port 0xc0c0-0xc0ff mem 0xfebfc000-0xfebfffff irq 11 at device 8.0 on pci0
vtballoon0: <VirtIO Balloon Adapter> on virtio_pci3
acpi_syscontainer0: <System Container>3 Returning... REACHED HERE
 on acpi0
acpi_syscontainer1: <System Container>UAF detected :: fs->fs_magic: 424935705 errno_ret: 0
 port 0xaf00-0xaf0b on acpi0
3 Returning... REACHED HERE
UAF detected :: fs->fs_magic: 424935705 errno_ret: 0
acpi_syscontainer2: <System Container> port 0xafe0-0xafe3 on acpi0
acpi_syscontainer3: <System Container> port 0xae00-0xae13 on acpi0
atkbdc0: <Keyboard controller (i8042)> port 0x60,0x64 irq 1 on acpi0
atkbd0: <AT Keyboard> irq 1 on atkbdc0
kbd0 at atkbd0
atkbd0: [GIANT-LOCKED]
psm0: <PS/2 Mouse> irq 12 on atkbdc0
psm0: [GIANT-LOCKED]
WARNING: Device "psm" is Giant locked and may be deleted before FreeBSD 13.0.
psm0: model IntelliMouse Explorer, device ID 4
fdc0: <floppy drive controller (FDE)> port 0x3f2-0x3f5,0x3f7 irq 6 drq 2 on acpi0
fdc0: does not respond
device_attach: fdc0 attach returned 6
uart0: <16550 or compatible> port 0x3f8-0x3ff irq 4 flags 0x10 on acpi0
orm0: <ISA Option ROM> at iomem 0xeb800-0xeffff pnpid ORM0000 on isa0
vga0: <Generic ISA VGA> at port 0x3c0-0x3df iomem 0xa0000-0xbffff pnpid PNP0900 on isa0
attimer0: <AT timer> at port 0x40 on isa0
Timecounter "i8254" frequency 1193182 Hz quality 0
Event timer "i8254" frequency 1193182 Hz quality 100
attimer0: non-PNP ISA device will be removed from GENERIC in FreeBSD 12.
fdc0: No FDOUT register!
Timecounters tick every 10.000 msec
Obsolete code will be removed soon: random(9) is the obsolete Park-Miller LCG from 1988
hdacc0: <Generic (0x1af40022) HDA CODEC> at cad 0 on hdac0
hdaa0: <Generic (0x1af40022) Audio Function Group> at nid 1 on hdacc0
pcm0: <Generic (0x1af40022) (Analog)> at nid 3 and 5 on hdaa0
Trying to mount root from ufs:/dev/gpt/rootfs [rw]...
WARNING: WITNESS option enabled, expect reduced performance.
3 Returning... REACHED HERE
ugen2.1: <Intel UHCI root HUB> at usbus2
ugen3.1: <Intel EHCI root HUB> at usbus3
uhub0 on usbus2
uhub0: <Intel UHCI root HUB, class 9/0, rev 1.00/1.00, addr 1> on usbus2
uhub1 on usbus3
uhub1: <Intel EHCI root HUB, class 9/0, rev 2.00/1.00, addr 1> on usbus3
ugen1.1: <Intel UHCI root HUB> at usbus1
uhub2 on usbus1
uhub2: <Intel UHCI root HUB, class 9/0, rev 1.00/1.00, addr 1> on usbus1
ugen0.1: <Intel UHCI root HUB> at usbus0
uhub3 on usbus0
uhub3: <Intel UHCI root HUB, class 9/0, rev 1.00/1.00, addr 1> on usbus0
Setting hostuuid: 287716ab-dcca-4930-8766-38b65c4b2876.
Setting hostid: 0x53a77757.
Starting file system checks:
/dev/gpt/rootfs: FILE SYSTEM CLEAN; SKIPPING CHECKS
/dev/gpt/rootfs: clean, 7200672 free (37880 frags, 895349 blocks, 0.3% fragmentation)
Mounting local filesystems:.
ELF ldconfig path: /lib /usr/lib /usr/lib/compat /usr/local/lib /usr/local/lib/perl5/5.30/mach/CORE /usr/local/llvm80/lib
32-bit compatibility ldconfig path: /usr/lib32
Setting hostname: freebsd.
Setting up harvesting: PURE_RDRAND,[UMA],[FS_ATIME],SWI,INTERRUPT,NET_NG,[NET_ETHER],NET_TUN,MOUSE,KEYBOARD,ATTACH,CACHED
Feeding entropy: .
uhub0: 2 ports with 2 removable, self powered
uhub3: 2 ports with 2 removable, self powered
uhub2: 2 ports with 2 removable, self powered
lo0: link state changed to UP
vtnet0: link state changed to UP
uhub1: 6 ports with 6 removable, self powered
Starting Network: lo0 vtnet0.
lo0: flags=8049<UP,LOOPBACK,RUNNING,MULTICAST> metric 0 mtu 16384
	options=680003<RXCSUM,TXCSUM,LINKSTATE,RXCSUM_IPV6,TXCSUM_IPV6>
	inet6 ::1 prefixlen 128
	inet6 fe80::1%lo0 prefixlen 64 scopeid 0x2
	inet 127.0.0.1 netmask 0xff000000
	groups: lo
	nd6 options=23<PERFORMNUD,ACCEPT_RTADV,AUTO_LINKLOCAL>
vtnet0: flags=8843<UP,BROADCAST,RUNNING,SIMPLEX,MULTICAST> metric 0 mtu 1500
	options=6c07bb<RXCSUM,TXCSUM,VLAN_MTU,VLAN_HWTAGGING,JUMBO_MTU,VLAN_HWCSUM,TSO4,TSO6,LRO,VLAN_HWTSO,LINKSTATE,RXCSUM_IPV6,TXCSUM_IPV6>
	ether 52:54:00:e2:62:00
	inet6 fe80::5054:ff:fee2:6200%vtnet0 prefixlen 64 scopeid 0x1
	media: Ethernet 10Gbase-T <full-duplex>
	status: active
	nd6 options=23<PERFORMNUD,ACCEPT_RTADV,AUTO_LINKLOCAL>
Starting devd.
Autoloading module: intpm.ko
intsmb0: <Intel PIIX4 SMBUS Interface> irq 9 at device 1.3 on pci0
intsmb0: intr IRQ 9 enabled revision 0
smbus0: <System Management Bus> on intsmb0
Autoloading module: virtio_console.ko
vtcon0: <VirtIO Console Adapter> on virtio_pci1
Starting dhclient.
DHCPDISCOVER on vtnet0 to 255.255.255.255 port 67 interval 7
DHCPOFFER from 192.168.122.1
DHCPREQUEST on vtnet0 to 255.255.255.255 port 67
DHCPACK from 192.168.122.1
bound to 192.168.122.102 -- renewal in 1800 seconds.
add host 127.0.0.1: gateway lo0 fib 0: route already in table
add host ::1: gateway lo0 fib 0: route already in table
add net fe80::: gateway ::1
add net ff02::: gateway ::1
add net ::ffff:0.0.0.0: gateway ::1
add net ::0.0.0.0: gateway ::1
Creating and/or trimming log files.
Starting syslogd.
No core dumps found.
Clearing /tmp (X related).
Updating motd:.
Mounting late filesystems:.
Updating /var/run/os-release done.
Configuring vt: blanktime.
Performing sanity check on sshd configuration.
Starting sshd.
Starting sendmail_submit.
Feb 21 06:13:10 freebsd sm-mta[719]: My unqualified host name (freebsd) unknown; sleeping for retry
Feb 21 06:14:10 freebsd sm-mta[719]: unable to qualify my own domain name (freebsd) -- using short name
Starting sendmail_msp_queue.
Feb 21 06:14:10 freebsd sm-msp-queue[722]: My unqualified host name (freebsd) unknown; sleeping for retry
Script /etc/rc.d/sendmail interrupted
Starting cron.
Starting background file system checks in 60 seconds.

Fri Feb 21 06:14:25 UTC 2020
Feb 21 06:14:29 freebsd login[777]: ROOT LOGIN (root) ON ttyv0
3 Returning... REACHED HERE
UAF detected :: fs->fs_magic: 424935705 errno_ret: 0
3 Returning... REACHED HERE
UAF detected :: fs->fs_magic: 424935705 errno_ret: 0
Superblock check-hash failed: recorded check-hash 0xd9ff3a08 != computed check-hash 0x28623083 (Ignored)
3 Returning... REACHED HERE
UAF detected :: fs->fs_magic: 424935705 errno_ret: 0
Superblock check-hash failed: recorded check-hash 0xd9ff3a08 != computed check-hash 0x28623083 (Ignored)
3 Returning... REACHED HERE
UAF detected :: fs->fs_magic: 424935705 errno_ret: 0
Superblock check-hash failed: recorded check-hash 0xd9ff3a08 != computed check-hash 0x28623083 (Ignored)
3 Returning... REACHED HERE
UAF detected :: fs->fs_magic: 424935705 errno_ret: 0
Superblock check-hash failed: recorded check-hash 0xd9ff3a08 != computed check-hash 0x28623083 (Ignored)
3 Returning... REACHED HERE
UAF detected :: fs->fs_magic: 424935705 errno_ret: 0
Superblock check-hash failed: recorded check-hash 0xd9ff3a08 != computed check-hash 0xd29c5101 (Ignored)
3 Returning... REACHED HERE
UAF detected :: fs->fs_magic: 424935705 errno_ret: 0
Superblock check-hash failed: recorded check-hash 0xd9ff3a08 != computed check-hash 0xd29c5101 (Ignored)
3 Returning... REACHED HERE
UAF detected :: fs->fs_magic: 424935705 errno_ret: 0
Superblock check-hash failed: recorded check-hash 0xd9ff3a08 != computed check-hash 0xd29c5101 (Ignored)
3 Returning... REACHED HERE
UAF detected :: fs->fs_magic: 424935705 errno_ret: 0
Superblock check-hash failed: recorded check-hash 0xd9ff3a08 != computed check-hash 0xd29c5101 (Ignored)
3 Returning... REACHED HERE
UAF detected :: fs->fs_magic: 424935705 errno_ret: 0
Superblock check-hash failed: recorded check-hash 0xd9ff3a08 != computed check-hash 0x476b8e1d (Ignored)
3 Returning... REACHED HERE
UAF detected :: fs->fs_magic: 424935705 errno_ret: 0
Superblock check-hash failed: recorded check-hash 0xd9ff3a08 != computed check-hash 0x476b8e1d (Ignored)
3 Returning... REACHED HERE
UAF detected :: fs->fs_magic: 424935705 errno_ret: 0
Superblock check-hash failed: recorded check-hash 0xd9ff3a08 != computed check-hash 0x476b8e1d (Ignored)
3 Returning... REACHED HERE
UAF detected :: fs->fs_magic: 424935705 errno_ret: 0
Superblock check-hash failed: recorded check-hash 0xd9ff3a08 != computed check-hash 0x476b8e1d (Ignored)
3 Returning... REACHED HERE
UAF detected :: fs->fs_magic: 424935705 errno_ret: 0
Superblock check-hash failed: recorded check-hash 0xd9ff3a08 != computed check-hash 0x224aa3dc (Ignored)
3 Returning... REACHED HERE
UAF detected :: fs->fs_magic: 424935705 errno_ret: 0
Superblock check-hash failed: recorded check-hash 0xd9ff3a08 != computed check-hash 0x224aa3dc (Ignored)
3 Returning... REACHED HERE
UAF detected :: fs->fs_magic: 424935705 errno_ret: 0
Superblock check-hash failed: recorded check-hash 0xd9ff3a08 != computed check-hash 0x224aa3dc (Ignored)
3 Returning... REACHED HERE
UAF detected :: fs->fs_magic: 424935705 errno_ret: 0
Superblock check-hash failed: recorded check-hash 0xd9ff3a08 != computed check-hash 0x224aa3dc (Ignored)
3 Returning... REACHED HERE
UAF detected :: fs->fs_magic: 424935705 errno_ret: 0
Superblock check-hash failed: recorded check-hash 0xd9ff3a08 != computed check-hash 0x2b5aae4e (Ignored)
UAF detected :: fs->fs_magic: 424935705 errno_ret: 0
Superblock check-hash failed: recorded check-hash 0xd9ff3a08 != computed check-hash 0x2b5aae4e (Ignored)
UAF detected :: fs->fs_magic: 424935705 errno_ret: 0
Superblock check-hash failed: recorded check-hash 0xd9ff3a08 != computed check-hash 0x2b5aae4e (Ignored)
UAF detected :: fs->fs_magic: 424935705 errno_ret: 0
Superblock check-hash failed: recorded check-hash 0xd9ff3a08 != computed check-hash 0x2b5aae4e (Ignored)
UAF detected :: fs->fs_magic: 424935705 errno_ret: 0
Superblock check-hash failed: recorded check-hash 0xd9ff3a08 != computed check-hash 0xb2f3f73d (Ignored)
3 Returning... REACHED HERE
UAF detected :: fs->fs_magic: 424935705 errno_ret: 0
Superblock check-hash failed: recorded check-hash 0xd9ff3a08 != computed check-hash 0xb2f3f73d (Ignored)
3 Returning... REACHED HERE
UAF detected :: fs->fs_magic: 424935705 errno_ret: 0
Superblock check-hash failed: recorded check-hash 0xd9ff3a08 != computed check-hash 0xb2f3f73d (Ignored)
3 Returning... REACHED HERE
UAF detected :: fs->fs_magic: 424935705 errno_ret: 0
Superblock check-hash failed: recorded check-hash 0xd9ff3a08 != computed check-hash 0xb2f3f73d (Ignored)
3 Returning... REACHED HERE
UAF detected :: fs->fs_magic: 424935705 errno_ret: 0
Superblock check-hash failed: recorded check-hash 0xd9ff3a08 != computed check-hash 0xb0e73445 (Ignored)
---<<BOOT>>---
Copyright (c) 1992-2020 The FreeBSD Project.
Copyright (c) 1979, 1980, 1983, 1986, 1988, 1989, 1991, 1992, 1993, 1994
	The Regents of the University of California. All rights reserved.
FreeBSD is a registered trademark of The FreeBSD Foundation.
FreeBSD 13.0-CURRENT #3: Thu Feb 20 03:35:37 UTC 2020
    root@freebsd:/usr/obj/usr/src/amd64.amd64/sys/GENERIC amd64
FreeBSD clang version 9.0.1 (git@github.com:llvm/llvm-project.git c1a0a213378a458fbea1a5c77b315c7dce08fd05) (based on LLVM 9.0.1)
WARNING: WITNESS option enabled, expect reduced performance.
VT(vga): text 80x25
CPU: Intel Core Processor (Skylake, IBRS) (2904.02-MHz K8-class CPU)
  Origin="GenuineIntel"  Id=0x506e3  Family=0x6  Model=0x5e  Stepping=3
  Features=0xf83fbff<FPU,VME,DE,PSE,TSC,MSR,PAE,MCE,CX8,APIC,SEP,MTRR,PGE,MCA,CMOV,PAT,PSE36,MMX,FXSR,SSE,SSE2,SS>
  Features2=0xfffa3223<SSE3,PCLMULQDQ,VMX,SSSE3,FMA,CX16,PCID,SSE4.1,SSE4.2,x2APIC,MOVBE,POPCNT,TSCDLT,AESNI,XSAVE,OSXSAVE,AVX,F16C,RDRAND,HV>
  AMD Features=0x2c100800<SYSCALL,NX,Page1GB,RDTSCP,LM>
  AMD Features2=0x121<LAHF,ABM,Prefetch>
  Structured Extended Features=0x9c0fbb<FSGSBASE,TSCADJ,BMI1,HLE,AVX2,SMEP,BMI2,ERMS,INVPCID,RTM,RDSEED,ADX,SMAP,CLFLUSHOPT>
  Structured Extended Features2=0x4<UMIP>
  Structured Extended Features3=0xac000400<MD_CLEAR,IBPB,STIBP,ARCH_CAP,SSBD>
  XSAVE Features=0xf<XSAVEOPT,XSAVEC,XINUSE,XSAVES>
  IA32_ARCH_CAPS=0x8<SKIP_L1DFL_VME>
  AMD Extended Feature Extensions ID EBX=0x1001000<IBPB,SSBD>
  VT-x: PAT,HLT,MTF,PAUSE,EPT,UG,VPID
Hypervisor: Origin = "KVMKVMKVM"
real memory  = 4294967296 (4096 MB)
avail memory = 4094447616 (3904 MB)
Event timer "LAPIC" quality 600
ACPI APIC Table: <BOCHS  BXPCAPIC>
FreeBSD/SMP: Multiprocessor System Detected: 4 CPUs
FreeBSD/SMP: 4 package(s) x 1 core(s)
random: registering fast source Intel Secure Key RNG
random: fast provider: "Intel Secure Key RNG"
random: unblocking device.
ioapic0 <Version 1.1> irqs 0-23
Launching APs: 1 3 2
random: entropy device external interface
WARNING: Device "kbd" is Giant locked and may be deleted before FreeBSD 13.0.
kbd1 at kbdmux0
000.000047 [4341] netmap_init               netmap: loaded module
[ath_hal] loaded
nexus0
vtvga0: <VT VGA driver>
cryptosoft0: <software crypto>
acpi0: <BOCHS BXPCRSDT>
acpi0: Power Button (fixed)
cpu0: <ACPI CPU> on acpi0
atrtc0: <AT realtime clock> port 0x70-0x71,0x72-0x77 irq 8 on acpi0
atrtc0: registered as a time-of-day clock, resolution 1.000000s
Event timer "RTC" frequency 32768 Hz quality 0
Timecounter "ACPI-fast" frequency 3579545 Hz quality 900
acpi_timer0: <24-bit timer at 3.579545MHz> port 0x608-0x60b on acpi0
pcib0: <ACPI Host-PCI bridge> port 0xcf8-0xcff on acpi0
pci0: <ACPI PCI bus> on pcib0
isab0: <PCI-ISA bridge> at device 1.0 on pci0
isa0: <ISA bus> on isab0
atapci0: <Intel PIIX3 WDMA2 controller> port 0x1f0-0x1f7,0x3f6,0x170-0x177,0x376,0xc1a0-0xc1af at device 1.1 on pci0
ata0: <ATA channel> at channel 0 on atapci0
ata1: <ATA channel> at channel 1 on atapci0
pci0: <bridge> at device 1.3 (no driver attached)
vgapci0: <VGA-compatible display> port 0xc100-0xc11f mem 0xf4000000-0xf7ffffff,0xf8000000-0xfbffffff,0xfc094000-0xfc095fff irq 10 at device 2.0 on pci0
vgapci0: Boot video device
virtio_pci0: <VirtIO PCI Network adapter> port 0xc120-0xc13f mem 0xfc096000-0xfc096fff,0xfebf0000-0xfebf3fff irq 11 at device 3.0 on pci0
vtnet0: <VirtIO Networking Adapter> on virtio_pci0
vtnet0: Ethernet address: 52:54:00:e2:62:00
vtnet0: netmap queues/slots: TX 1/256, RX 1/128
000.000761 [ 503] vtnet_netmap_attach       vtnet attached txq=1, txd=256 rxq=1, rxd=128
hdac0: <Intel 82801F HDA Controller> mem 0xfc090000-0xfc093fff irq 11 at device 4.0 on pci0
uhci0: <Intel 82801I (ICH9) USB controller> port 0xc140-0xc15f irq 10 at device 5.0 on pci0
usbus0 on uhci0
usbus0: 12Mbps Full Speed USB v1.0
uhci1: <Intel 82801I (ICH9) USB controller> port 0xc160-0xc17f irq 10 at device 5.1 on pci0
usbus1 on uhci1
usbus1: 12Mbps Full Speed USB v1.0
uhci2: <Intel 82801I (ICH9) USB controller> port 0xc180-0xc19f irq 11 at device 5.2 on pci0
usbus2 on uhci2
usbus2: 12Mbps Full Speed USB v1.0
ehci0: <Intel 82801I (ICH9) USB 2.0 controller> mem 0xfc097000-0xfc097fff irq 11 at device 5.7 on pci0
usbus3: EHCI version 1.0
usbus3 on ehci0
usbus3: 480Mbps High Speed USB v2.0
virtio_pci1: <VirtIO PCI Console adapter> port 0xc080-0xc0bf mem 0xfc098000-0xfc098fff,0xfebf4000-0xfebf7fff irq 10 at device 6.0 on pci0
virtio_pci2: <VirtIO PCI Block adapter> port 0xc000-0xc07f mem 0xfc099000-0xfc099fff,0xfebf8000-0xfebfbfff irq 11 at device 7.0 on pci0
vtblk0: <VirtIO Block Adapter> on virtio_pci2
vtblk0: 56320MB (115343488 512 byte sectors)
virtio_pci3: <VirtIO PCI Balloon adapter> port 0xc0c0-0xc0ff mem 0xfebfc000-0xfebfffff irq 11 at device 8.0 on pci0
vtballoon0: <VirtIO Balloon Adapter> on virtio_pci3
acpi_syscontainer0: <System Container> on acpi0
acpi_syscontainer1: <System Container> port 0xaf00-0xaf0b on acpi0
acpi_syscontainer2: <System Container> port 0xafe0-0xafe3 on acpi0
acpi_syscontainer3: <System Container> port 0xae00-0xae13 on acpi0
atkbdc0: <Keyboard controller (i8042)> port 0x60,0x64 irq 1 on acpi0
atkbd0: <AT Keyboard> irq 1 on atkbdc0
3 Returning... REACHED HERE
UAF detected :: fs->fs_magic: 424935705 errno_ret: 0
3 Returning... REACHED HERE
UAF detected :: fs->fs_magic: 424935705 errno_ret: 0
kbd0 at atkbd0
atkbd0: [GIANT-LOCKED]
psm0: <PS/2 Mouse> irq 12 on atkbdc0
psm0: [GIANT-LOCKED]
WARNING: Device "psm" is Giant locked and may be deleted before FreeBSD 13.0.
psm0: model IntelliMouse Explorer, device ID 4
fdc0: <floppy drive controller (FDE)> port 0x3f2-0x3f5,0x3f7 irq 6 drq 2 on acpi0
fdc0: does not respond
device_attach: fdc0 attach returned 6
uart0: <16550 or compatible> port 0x3f8-0x3ff irq 4 flags 0x10 on acpi0
orm0: <ISA Option ROM> at iomem 0xeb800-0xeffff pnpid ORM0000 on isa0
vga0: <Generic ISA VGA> at port 0x3c0-0x3df iomem 0xa0000-0xbffff pnpid PNP0900 on isa0
attimer0: <AT timer> at port 0x40 on isa0
Timecounter "i8254" frequency 1193182 Hz quality 0
Event timer "i8254" frequency 1193182 Hz quality 100
attimer0: non-PNP ISA device will be removed from GENERIC in FreeBSD 12.
fdc0: No FDOUT register!
Timecounters tick every 10.000 msec
Obsolete code will be removed soon: random(9) is the obsolete Park-Miller LCG from 1988
hdacc0: <Generic (0x1af40022) HDA CODEC> at cad 0 on hdac0
hdaa0: <Generic (0x1af40022) Audio Function Group> at nid 1 on hdacc0
pcm0: <Generic (0x1af40022) (Analog)> at nid 3 and 5 on hdaa0
WARNING: WITNESS option enabled, expect reduced performance.
ugen2.1: <Intel UHCI root HUB> at usbus2
uhub0 on usbus2
uhub0: <Intel UHCI root HUB, class 9/0, rev 1.00/1.00, addr 1> on usbus2
ugen1.1: <Intel UHCI root HUB> at usbus1
ugen3.1: <Intel EHCI root HUB> at usbus3
uhub1 on usbus1
uhub1: <Intel UHCI root HUB, class 9/0, rev 1.00/1.00, addr 1> on usbus1
uhub2 on usbus3
uhub2: <Intel EHCI root HUB, class 9/0, rev 2.00/1.00, addr 1> on usbus3
ugen0.1: <Intel UHCI root HUB> at usbus0
Trying to mount root from ufs:/dev/gpt/rootfs [rw]...
uhub3 on usbus0
uhub3: <Intel UHCI root HUB, class 9/0, rev 1.00/1.00, addr 1> on usbus0
3 Returning... REACHED HERE
WARNING: / was not properly dismounted
uhub1: 2 ports with 2 removable, self powered
uhub0: 2 ports with 2 removable, self powered
uhub3: 2 ports with 2 removable, self powered
Setting hostuuid: 287716ab-dcca-4930-8766-38b65c4b2876.
Setting hostid: 0x53a77757.
Starting file system checks:
uhub2: 6 ports with 6 removable, self powered
/dev/gpt/rootfs: SUMMARY INFORMATION BAD (SALVAGED)
/dev/gpt/rootfs: BLK(S) MISSING IN BIT MAPS (SALVAGED)
/dev/gpt/rootfs: 496328 files, 6525751 used, 7182152 free (37872 frags, 893035 blocks, 0.3% fragmentation)
Mounting local filesystems:.
ELF ldconfig path: /lib /usr/lib /usr/lib/compat /usr/local/lib /usr/local/lib/perl5/5.30/mach/CORE /usr/local/llvm80/lib
32-bit compatibility ldconfig path: /usr/lib32
Setting hostname: freebsd.
Setting up harvesting: PURE_RDRAND,[UMA],[FS_ATIME],SWI,INTERRUPT,NET_NG,[NET_ETHER],NET_TUN,MOUSE,KEYBOARD,ATTACH,CACHED
Feeding entropy: .
lo0: link state changed to UP
vtnet0: link state changed to UP
Starting Network: lo0 vtnet0.
lo0: flags=8049<UP,LOOPBACK,RUNNING,MULTICAST> metric 0 mtu 16384
	options=680003<RXCSUM,TXCSUM,LINKSTATE,RXCSUM_IPV6,TXCSUM_IPV6>
	inet6 ::1 prefixlen 128
	inet6 fe80::1%lo0 prefixlen 64 scopeid 0x2
	inet 127.0.0.1 netmask 0xff000000
	groups: lo
	nd6 options=23<PERFORMNUD,ACCEPT_RTADV,AUTO_LINKLOCAL>
vtnet0: flags=8843<UP,BROADCAST,RUNNING,SIMPLEX,MULTICAST> metric 0 mtu 1500
	options=6c07bb<RXCSUM,TXCSUM,VLAN_MTU,VLAN_HWTAGGING,JUMBO_MTU,VLAN_HWCSUM,TSO4,TSO6,LRO,VLAN_HWTSO,LINKSTATE,RXCSUM_IPV6,TXCSUM_IPV6>
	ether 52:54:00:e2:62:00
	inet6 fe80::5054:ff:fee2:6200%vtnet0 prefixlen 64 scopeid 0x1
	media: Ethernet 10Gbase-T <full-duplex>
	status: active
	nd6 options=23<PERFORMNUD,ACCEPT_RTADV,AUTO_LINKLOCAL>
Starting devd.
Autoloading module: intpm.ko
intsmb0: <Intel PIIX4 SMBUS Interface> irq 9 at device 1.3 on pci0
intsmb0: intr IRQ 9 enabled revision 0
smbus0: <System Management Bus> on intsmb0
Autoloading module: virtio_console.ko
vtcon0: <VirtIO Console Adapter> on virtio_pci1
Starting dhclient.
DHCPREQUEST on vtnet0 to 255.255.255.255 port 67
DHCPACK from 192.168.122.1
bound to 192.168.122.102 -- renewal in 1800 seconds.
add host 127.0.0.1: gateway lo0 fib 0: route already in table
add host ::1: gateway lo0 fib 0: route already in table
add net fe80::: gateway ::1
add net ff02::: gateway ::1
add net ::ffff:0.0.0.0: gateway ::1
add net ::0.0.0.0: gateway ::1
Creating and/or trimming log files.
Starting syslogd.
No core dumps found.
Clearing /tmp (X related).
Updating motd:.
Mounting late filesystems:.
Updating /var/run/os-release done.
Configuring vt: blanktime.
Performing sanity check on sshd configuration.
Starting sshd.
Starting sendmail_submit.
Feb 21 06:22:41 freebsd sm-mta[702]: My unqualified host name (freebsd) unknown; sleeping for retry
Script /etc/rc.d/sendmail interrupted
Starting cron.
Starting background file system checks in 60 seconds.

Fri Feb 21 06:23:37 UTC 2020
3 Returning... REACHED HERE
UAF detected :: fs->fs_magic: 424935705 errno_ret: 0
3 Returning... REACHED HERE
UAF detected :: fs->fs_magic: 424935705 errno_ret: 0
Superblock check-hash failed: recorded check-hash 0x268fdc65 != computed check-hash 0x667ccf73 (Ignored)
1 Returning... REACHED HERE
2 Returning... REACHED HERE
Superblock check-hash failed: recorded check-hash 0x268fdc65 != computed check-hash 0x667ccf73 (Ignored)
1 Returning... REACHED HERE
2 Returning... REACHED HERE
Superblock check-hash failed: recorded check-hash 0x268fdc65 != computed check-hash 0x667ccf73 (Ignored)
1 Returning... REACHED HERE
2 Returning... REACHED HERE
Superblock check-hash failed: recorded check-hash 0x268fdc65 != computed check-hash 0x667ccf73 (Ignored)
1 Returning... REACHED HERE
2 Returning... REACHED HERE
Superblock check-hash failed: recorded check-hash 0x268fdc65 != computed check-hash 0xb9b47210 (Ignored)
panic: wrong length 4289 for sectorsize 512
cpuid = 0
time = 1582266281
KDB: stack backtrace:
db_trace_self_wrapper() at db_trace_self_wrapper+0x2b/frame 0xfffffe002c779840
vpanic() at vpanic+0x185/frame 0xfffffe002c7798a0
panic() at panic+0x43/frame 0xfffffe002c779900
g_io_request() at g_io_request+0x331/frame 0xfffffe002c779930
g_read_data() at g_read_data+0x94/frame 0xfffffe002c779970
g_use_g_read_data() at g_use_g_read_data+0x35/frame 0xfffffe002c779990
ffs_sbget() at ffs_sbget+0x24f/frame 0xfffffe002c779a00
g_label_ufs_taste_common() at g_label_ufs_taste_common+0x79/frame 0xfffffe002c779a40
g_label_taste() at g_label_taste+0x2ac/frame 0xfffffe002c779b50
g_new_provider_event() at g_new_provider_event+0xaa/frame 0xfffffe002c779b70
g_run_events() at g_run_events+0x176/frame 0xfffffe002c779bb0
fork_exit() at fork_exit+0x80/frame 0xfffffe002c779bf0
fork_trampoline() at fork_trampoline+0xe/frame 0xfffffe002c779bf0
--- trap 0, rip = 0, rsp = 0, rbp = 0 ---
KDB: enter: panic
Uptime: 4m20s
Dumping 252 out of 4062 MB:..7%..13%..26%..32%..45%..51%..64%..77%..83%..96%
Dump complete
Automatic reboot in 15 seconds - press a key on the console to abort
Rebooting...
---<<BOOT>>---
Copyright (c) 1992-2020 The FreeBSD Project.
Copyright (c) 1979, 1980, 1983, 1986, 1988, 1989, 1991, 1992, 1993, 1994
	The Regents of the University of California. All rights reserved.
FreeBSD is a registered trademark of The FreeBSD Foundation.
FreeBSD 13.0-CURRENT #3: Thu Feb 20 03:35:37 UTC 2020
    root@freebsd:/usr/obj/usr/src/amd64.amd64/sys/GENERIC amd64
FreeBSD clang version 9.0.1 (git@github.com:llvm/llvm-project.git c1a0a213378a458fbea1a5c77b315c7dce08fd05) (based on LLVM 9.0.1)
WARNING: WITNESS option enabled, expect reduced performance.
VT(vga): text 80x25
CPU: Intel Core Processor (Skylake, IBRS) (2904.04-MHz K8-class CPU)
  Origin="GenuineIntel"  Id=0x506e3  Family=0x6  Model=0x5e  Stepping=3
  Features=0xf83fbff<FPU,VME,DE,PSE,TSC,MSR,PAE,MCE,CX8,APIC,SEP,MTRR,PGE,MCA,CMOV,PAT,PSE36,MMX,FXSR,SSE,SSE2,SS>
  Features2=0xfffa3223<SSE3,PCLMULQDQ,VMX,SSSE3,FMA,CX16,PCID,SSE4.1,SSE4.2,x2APIC,MOVBE,POPCNT,TSCDLT,AESNI,XSAVE,OSXSAVE,AVX,F16C,RDRAND,HV>
  AMD Features=0x2c100800<SYSCALL,NX,Page1GB,RDTSCP,LM>
  AMD Features2=0x121<LAHF,ABM,Prefetch>
  Structured Extended Features=0x9c0fbb<FSGSBASE,TSCADJ,BMI1,HLE,AVX2,SMEP,BMI2,ERMS,INVPCID,RTM,RDSEED,ADX,SMAP,CLFLUSHOPT>
  Structured Extended Features2=0x4<UMIP>
  Structured Extended Features3=0xac000400<MD_CLEAR,IBPB,STIBP,ARCH_CAP,SSBD>
  XSAVE Features=0xf<XSAVEOPT,XSAVEC,XINUSE,XSAVES>
  IA32_ARCH_CAPS=0x8<SKIP_L1DFL_VME>
  AMD Extended Feature Extensions ID EBX=0x1001000<IBPB,SSBD>
  VT-x: PAT,HLT,MTF,PAUSE,EPT,UG,VPID
Hypervisor: Origin = "KVMKVMKVM"
real memory  = 4294967296 (4096 MB)
avail memory = 4094447616 (3904 MB)
Event timer "LAPIC" quality 600
ACPI APIC Table: <BOCHS  BXPCAPIC>
FreeBSD/SMP: Multiprocessor System Detected: 4 CPUs
FreeBSD/SMP: 4 package(s) x 1 core(s)
random: registering fast source Intel Secure Key RNG
random: fast provider: "Intel Secure Key RNG"
random: unblocking device.
ioapic0 <Version 1.1> irqs 0-23
Launching APs: 2 1 3
random: entropy device external interface
WARNING: Device "kbd" is Giant locked and may be deleted before FreeBSD 13.0.
kbd1 at kbdmux0
000.000047 [4341] netmap_init               netmap: loaded module
[ath_hal] loaded
nexus0
vtvga0: <VT VGA driver>
cryptosoft0: <software crypto>
acpi0: <BOCHS BXPCRSDT>
acpi0: Power Button (fixed)
cpu0: <ACPI CPU> on acpi0
atrtc0: <AT realtime clock> port 0x70-0x71,0x72-0x77 irq 8 on acpi0
atrtc0: registered as a time-of-day clock, resolution 1.000000s
Event timer "RTC" frequency 32768 Hz quality 0
Timecounter "ACPI-fast" frequency 3579545 Hz quality 900
acpi_timer0: <24-bit timer at 3.579545MHz> port 0x608-0x60b on acpi0
pcib0: <ACPI Host-PCI bridge> port 0xcf8-0xcff on acpi0
pci0: <ACPI PCI bus> on pcib0
isab0: <PCI-ISA bridge> at device 1.0 on pci0
isa0: <ISA bus> on isab0
atapci0: <Intel PIIX3 WDMA2 controller> port 0x1f0-0x1f7,0x3f6,0x170-0x177,0x376,0xc1a0-0xc1af at device 1.1 on pci0
ata0: <ATA channel> at channel 0 on atapci0
ata1: <ATA channel> at channel 1 on atapci0
pci0: <bridge> at device 1.3 (no driver attached)
vgapci0: <VGA-compatible display> port 0xc100-0xc11f mem 0xf4000000-0xf7ffffff,0xf8000000-0xfbffffff,0xfc094000-0xfc095fff irq 10 at device 2.0 on pci0
vgapci0: Boot video device
virtio_pci0: <VirtIO PCI Network adapter> port 0xc120-0xc13f mem 0xfc096000-0xfc096fff,0xfebf0000-0xfebf3fff irq 11 at device 3.0 on pci0
vtnet0: <VirtIO Networking Adapter> on virtio_pci0
vtnet0: Ethernet address: 52:54:00:e2:62:00
vtnet0: netmap queues/slots: TX 1/256, RX 1/128
000.000761 [ 503] vtnet_netmap_attach       vtnet attached txq=1, txd=256 rxq=1, rxd=128
hdac0: <Intel 82801F HDA Controller> mem 0xfc090000-0xfc093fff irq 11 at device 4.0 on pci0
uhci0: <Intel 82801I (ICH9) USB controller> port 0xc140-0xc15f irq 10 at device 5.0 on pci0
usbus0 on uhci0
usbus0: 12Mbps Full Speed USB v1.0
uhci1: <Intel 82801I (ICH9) USB controller> port 0xc160-0xc17f irq 10 at device 5.1 on pci0
usbus1 on uhci1
usbus1: 12Mbps Full Speed USB v1.0
uhci2: <Intel 82801I (ICH9) USB controller> port 0xc180-0xc19f irq 11 at device 5.2 on pci0
usbus2 on uhci2
usbus2: 12Mbps Full Speed USB v1.0
ehci0: <Intel 82801I (ICH9) USB 2.0 controller> mem 0xfc097000-0xfc097fff irq 11 at device 5.7 on pci0
usbus3: EHCI version 1.0
usbus3 on ehci0
usbus3: 480Mbps High Speed USB v2.0
virtio_pci1: <VirtIO PCI Console adapter> port 0xc080-0xc0bf mem 0xfc098000-0xfc098fff,0xfebf4000-0xfebf7fff irq 10 at device 6.0 on pci0
virtio_pci2: <VirtIO PCI Block adapter> port 0xc000-0xc07f mem 0xfc099000-0xfc099fff,0xfebf8000-0xfebfbfff irq 11 at device 7.0 on pci0
vtblk0: <VirtIO Block Adapter> on virtio_pci2
vtblk0: 56320MB (115343488 512 byte sectors)
virtio_pci3: <VirtIO PCI Balloon adapter> port 0xc0c0-0xc0ff mem 0xfebfc000-0xfebfffff irq 11 at device 8.0 on pci0
vtballoon0: <VirtIO Balloon Adapter> on virtio_pci3
acpi_syscontainer0: <System Container> on acpi0
acpi_syscontainer1: <System Container> port 0xaf00-0xaf0b on acpi0
acpi_syscontainer2: <System Container> port 0xafe0-0xafe3 on acpi0
acpi_syscontainer3: <System Container> port 0xae00-0xae13 on acpi0
atkbdc0: <Keyboard controller (i8042)> port 0x60,0x64 irq 1 on acpi0
atkbd0: <AT Keyboard> irq 1 on atkbdc0
3 Returning... REACHED HERE
UAF detected :: fs->fs_magic: 424935705 errno_ret: 0
3 Returning... REACHED HERE
UAF detected :: fs->fs_magic: 424935705 errno_ret: 0
kbd0 at atkbd0
atkbd0: [GIANT-LOCKED]
psm0: <PS/2 Mouse> irq 12 on atkbdc0
psm0: [GIANT-LOCKED]
WARNING: Device "psm" is Giant locked and may be deleted before FreeBSD 13.0.
psm0: model IntelliMouse Explorer, device ID 4
fdc0: <floppy drive controller (FDE)> port 0x3f2-0x3f5,0x3f7 irq 6 drq 2 on acpi0
fdc0: does not respond
device_attach: fdc0 attach returned 6
uart0: <16550 or compatible> port 0x3f8-0x3ff irq 4 flags 0x10 on acpi0
orm0: <ISA Option ROM> at iomem 0xeb800-0xeffff pnpid ORM0000 on isa0
vga0: <Generic ISA VGA> at port 0x3c0-0x3df iomem 0xa0000-0xbffff pnpid PNP0900 on isa0
attimer0: <AT timer> at port 0x40 on isa0
Timecounter "i8254" frequency 1193182 Hz quality 0
Event timer "i8254" frequency 1193182 Hz quality 100
attimer0: non-PNP ISA device will be removed from GENERIC in FreeBSD 12.
fdc0: No FDOUT register!
Timecounters tick every 10.000 msec
Obsolete code will be removed soon: random(9) is the obsolete Park-Miller LCG from 1988
hdacc0: <Generic (0x1af40022) HDA CODEC> at cad 0 on hdac0
hdaa0: <Generic (0x1af40022) Audio Function Group> at nid 1 on hdacc0
pcm0: <Generic (0x1af40022) (Analog)> at nid 3 and 5 on hdaa0
WARNING: WITNESS option enabled, expect reduced performance.
ugen2.1: <Intel UHCI root HUB> at usbus2
ugen0.1: <Intel UHCI root HUB> at usbus0
uhub0 on usbus2
uhub0: <Intel UHCI root HUB, class 9/0, rev 1.00/1.00, addr 1> on usbus2
ugen3.1: <Intel EHCI root HUB> at usbus3
uhub1 on usbus3
uhub1: <Intel EHCI root HUB, class 9/0, rev 2.00/1.00, addr 1> on usbus3
Trying to mount root from ufs:/dev/gpt/rootfs [rw]...
uhub2 on usbus0
uhub2: <Intel UHCI root HUB, class 9/0, rev 1.00/1.00, addr 1> on usbus0
ugen1.1: <Intel UHCI root HUB> at usbus1
uhub3 on usbus1
uhub3: <Intel UHCI root HUB, class 9/0, rev 1.00/1.00, addr 1> on usbus1
3 Returning... REACHED HERE
WARNING: / was not properly dismounted
WARNING: /: mount pending error: blocks 0 files 1
Setting hostuuid: 287716ab-dcca-4930-8766-38b65c4b2876.
Setting hostid: 0x53a77757.
Starting file system checks:
uhub0: 2 ports with 2 removable, self powered
uhub2: 2 ports with 2 removable, self powered
uhub3: 2 ports with 2 removable, self powered
uhub1: 6 ports with 6 removable, self powered
/dev/gpt/rootfs: FREE BLK COUNT(S) WRONG IN SUPERBLK (SALVAGED)
/dev/gpt/rootfs: SUMMARY INFORMATION BAD (SALVAGED)
/dev/gpt/rootfs: BLK(S) MISSING IN BIT MAPS (SALVAGED)
/dev/gpt/rootfs: 496317 files, 6505193 used, 7202710 free (37870 frags, 895605 blocks, 0.3% fragmentation)
Mounting local filesystems:.
ELF ldconfig path: /lib /usr/lib /usr/lib/compat /usr/local/lib /usr/local/lib/perl5/5.30/mach/CORE /usr/local/llvm80/lib
32-bit compatibility ldconfig path: /usr/lib32
Setting hostname: freebsd.
Setting up harvesting: PURE_RDRAND,[UMA],[FS_ATIME],SWI,INTERRUPT,NET_NG,[NET_ETHER],NET_TUN,MOUSE,KEYBOARD,ATTACH,CACHED
Feeding entropy: .
lo0: link state changed to UP
vtnet0: link state changed to UP
Starting Network: lo0 vtnet0.
lo0: flags=8049<UP,LOOPBACK,RUNNING,MULTICAST> metric 0 mtu 16384
	options=680003<RXCSUM,TXCSUM,LINKSTATE,RXCSUM_IPV6,TXCSUM_IPV6>
	inet6 ::1 prefixlen 128
	inet6 fe80::1%lo0 prefixlen 64 scopeid 0x2
	inet 127.0.0.1 netmask 0xff000000
	groups: lo
	nd6 options=23<PERFORMNUD,ACCEPT_RTADV,AUTO_LINKLOCAL>
vtnet0: flags=8843<UP,BROADCAST,RUNNING,SIMPLEX,MULTICAST> metric 0 mtu 1500
	options=6c07bb<RXCSUM,TXCSUM,VLAN_MTU,VLAN_HWTAGGING,JUMBO_MTU,VLAN_HWCSUM,TSO4,TSO6,LRO,VLAN_HWTSO,LINKSTATE,RXCSUM_IPV6,TXCSUM_IPV6>
	ether 52:54:00:e2:62:00
	inet6 fe80::5054:ff:fee2:6200%vtnet0 prefixlen 64 scopeid 0x1
	media: Ethernet 10Gbase-T <full-duplex>
	status: active
	nd6 options=23<PERFORMNUD,ACCEPT_RTADV,AUTO_LINKLOCAL>
Starting devd.
Autoloading module: intpm.ko
intsmb0: <Intel PIIX4 SMBUS Interface> irq 9 at device 1.3 on pci0
intsmb0: intr IRQ 9 enabled revision 0
smbus0: <System Management Bus> on intsmb0
Autoloading module: virtio_console.ko
vtcon0: <VirtIO Console Adapter> on virtio_pci1
Starting dhclient.
DHCPREQUEST on vtnet0 to 255.255.255.255 port 67
DHCPACK from 192.168.122.1
bound to 192.168.122.102 -- renewal in 1800 seconds.
add host 127.0.0.1: gateway lo0 fib 0: route already in table
add host ::1: gateway lo0 fib 0: route already in table
add net fe80::: gateway ::1
add net ff02::: gateway ::1
add net ::ffff:0.0.0.0: gateway ::1
add net ::0.0.0.0: gateway ::1
Creating and/or trimming log files.
Starting syslogd.
Feb 21 06:27:58 freebsd savecore[583]: reboot after panic: wrong length 4289 for sectorsize 512
Writing crash summary to /var/crash/core.txt.3.
Clearing /tmp (X related).
Updating motd:.
Mounting late filesystems:.
Updating /var/run/os-release done.
Configuring vt: blanktime.
Performing sanity check on sshd configuration.
Starting sshd.
Starting sendmail_submit.
Feb 21 06:28:25 freebsd sm-mta[755]: My unqualified host name (freebsd) unknown; sleeping for retry
Feb 21 06:29:25 freebsd sm-mta[755]: unable to qualify my own domain name (freebsd) -- using short name
Starting sendmail_msp_queue.
Feb 21 06:29:25 freebsd sm-msp-queue[758]: My unqualified host name (freebsd) unknown; sleeping for retry
ugen3.2: <SanDisk Cruzer Blade> at usbus3
umass0 on uhub1
umass0: <SanDisk Cruzer Blade, class 0/0, rev 2.10/1.00, addr 2> on usbus3
umass0:  SCSI over Bulk-Only; quirks = 0x8100
umass0:2:0: Attached to scbus2
da0 at umass-sim0 bus 0 scbus2 target 0 lun 0
da0: <SanDisk Cruzer Blade 1.00> Removable Direct Access SPC-4 SCSI device
da0: Serial Number 4C530001300823113032
da0: 40.000MB/s transfers
da0: 29952MB (61341696 512 byte sectors)
da0: quirks=0x2<NO_6_BYTE>
GEOM: da0: the primary GPT table is corrupt or invalid.
GEOM: da0: using the secondary instead -- recovery strongly advised.
3 Returning... REACHED HERE
UAF detected :: fs->fs_magic: 424935705 errno_ret: 0
Memory modified after free 0xfffffe003a73c000(8184) val=4 @ 0xfffffe003a73c000
panic: Most recently used by GEOM

cpuid = 3
time = 1582266586
KDB: stack backtrace:
db_trace_self_wrapper() at db_trace_self_wrapper+0x2b/frame 0xfffffe002c779750
vpanic() at vpanic+0x185/frame 0xfffffe002c7797b0
panic() at panic+0x43/frame 0xfffffe002c779810
mtrash_ctor() at mtrash_ctor+0x7e/frame 0xfffffe002c779830
item_ctor() at item_ctor+0x2cb/frame 0xfffffe002c779890
uma_zalloc_arg() at uma_zalloc_arg+0x144/frame 0xfffffe002c7798e0
malloc() at malloc+0x99/frame 0xfffffe002c779930
g_read_data() at g_read_data+0x82/frame 0xfffffe002c779970
g_use_g_read_data() at g_use_g_read_data+0x35/frame 0xfffffe002c779990
ffs_sbget() at ffs_sbget+0x24f/frame 0xfffffe002c779a00
g_label_ufs_taste_common() at g_label_ufs_taste_common+0x79/frame 0xfffffe002c779a40
g_label_taste() at g_label_taste+0x2ac/frame 0xfffffe002c779b50
g_new_provider_event() at g_new_provider_event+0xaa/frame 0xfffffe002c779b70
g_run_events() at g_run_events+0x176/frame 0xfffffe002c779bb0
fork_exit() at fork_exit+0x80/frame 0xfffffe002c779bf0
fork_trampoline() at fork_trampoline+0xe/frame 0xfffffe002c779bf0
--- trap 0, rip = 0, rsp = 0, rbp = 0 ---
KDB: enter: panic
Uptime: 4m0s
(da0:umass-sim0:0:0:0): SYNCHRONIZE CACHE(10). CDB: 35 00 00 00 00 00 00 00 00 00 
(da0:umass-sim0:0:0:0): CAM status: Command timeout
(da0:umass-sim0:0:0:0): Error 5, Retries exhausted
(da0:umass-sim0:0:0:0): Synchronize cache failed
Dumping 256 out of 4062 MB:..7%..13%..25%..32%..44%..57%..63%..75%..82%..94%
Dump complete
Automatic reboot in 15 seconds - press a key on the console to abort
--> Press a key on the console to reboot,
--> or switch off the system now.
Rebooting...
cpu_reset: Restarting BSP
cpu_reset_proxy: Stopped CPU 3
---<<BOOT>>---
Copyright (c) 1992-2020 The FreeBSD Project.
Copyright (c) 1979, 1980, 1983, 1986, 1988, 1989, 1991, 1992, 1993, 1994
	The Regents of the University of California. All rights reserved.
FreeBSD is a registered trademark of The FreeBSD Foundation.
FreeBSD 13.0-CURRENT #3: Thu Feb 20 03:35:37 UTC 2020
    root@freebsd:/usr/obj/usr/src/amd64.amd64/sys/GENERIC amd64
FreeBSD clang version 9.0.1 (git@github.com:llvm/llvm-project.git c1a0a213378a458fbea1a5c77b315c7dce08fd05) (based on LLVM 9.0.1)
WARNING: WITNESS option enabled, expect reduced performance.
VT(vga): text 80x25
CPU: Intel Core Processor (Skylake, IBRS) (2904.04-MHz K8-class CPU)
  Origin="GenuineIntel"  Id=0x506e3  Family=0x6  Model=0x5e  Stepping=3
  Features=0xf83fbff<FPU,VME,DE,PSE,TSC,MSR,PAE,MCE,CX8,APIC,SEP,MTRR,PGE,MCA,CMOV,PAT,PSE36,MMX,FXSR,SSE,SSE2,SS>
  Features2=0xfffa3223<SSE3,PCLMULQDQ,VMX,SSSE3,FMA,CX16,PCID,SSE4.1,SSE4.2,x2APIC,MOVBE,POPCNT,TSCDLT,AESNI,XSAVE,OSXSAVE,AVX,F16C,RDRAND,HV>
  AMD Features=0x2c100800<SYSCALL,NX,Page1GB,RDTSCP,LM>
  AMD Features2=0x121<LAHF,ABM,Prefetch>
  Structured Extended Features=0x9c0fbb<FSGSBASE,TSCADJ,BMI1,HLE,AVX2,SMEP,BMI2,ERMS,INVPCID,RTM,RDSEED,ADX,SMAP,CLFLUSHOPT>
  Structured Extended Features2=0x4<UMIP>
  Structured Extended Features3=0xac000400<MD_CLEAR,IBPB,STIBP,ARCH_CAP,SSBD>
  XSAVE Features=0xf<XSAVEOPT,XSAVEC,XINUSE,XSAVES>
  IA32_ARCH_CAPS=0x8<SKIP_L1DFL_VME>
  AMD Extended Feature Extensions ID EBX=0x1001000<IBPB,SSBD>
  VT-x: PAT,HLT,MTF,PAUSE,EPT,UG,VPID
Hypervisor: Origin = "KVMKVMKVM"
real memory  = 4294967296 (4096 MB)
avail memory = 4094447616 (3904 MB)
Event timer "LAPIC" quality 600
ACPI APIC Table: <BOCHS  BXPCAPIC>
FreeBSD/SMP: Multiprocessor System Detected: 4 CPUs
FreeBSD/SMP: 4 package(s) x 1 core(s)
random: registering fast source Intel Secure Key RNG
random: fast provider: "Intel Secure Key RNG"
random: unblocking device.
ioapic0 <Version 1.1> irqs 0-23
Launching APs: 2 3 1
random: entropy device external interface
WARNING: Device "kbd" is Giant locked and may be deleted before FreeBSD 13.0.
kbd1 at kbdmux0
000.000047 [4341] netmap_init               netmap: loaded module
[ath_hal] loaded
nexus0
vtvga0: <VT VGA driver>
cryptosoft0: <software crypto>
acpi0: <BOCHS BXPCRSDT>
acpi0: Power Button (fixed)
cpu0: <ACPI CPU> on acpi0
atrtc0: <AT realtime clock> port 0x70-0x71,0x72-0x77 irq 8 on acpi0
atrtc0: registered as a time-of-day clock, resolution 1.000000s
Event timer "RTC" frequency 32768 Hz quality 0
Timecounter "ACPI-fast" frequency 3579545 Hz quality 900
acpi_timer0: <24-bit timer at 3.579545MHz> port 0x608-0x60b on acpi0
pcib0: <ACPI Host-PCI bridge> port 0xcf8-0xcff on acpi0
pci0: <ACPI PCI bus> on pcib0
isab0: <PCI-ISA bridge> at device 1.0 on pci0
isa0: <ISA bus> on isab0
atapci0: <Intel PIIX3 WDMA2 controller> port 0x1f0-0x1f7,0x3f6,0x170-0x177,0x376,0xc1a0-0xc1af at device 1.1 on pci0
ata0: <ATA channel> at channel 0 on atapci0
ata1: <ATA channel> at channel 1 on atapci0
pci0: <bridge> at device 1.3 (no driver attached)
vgapci0: <VGA-compatible display> port 0xc100-0xc11f mem 0xf4000000-0xf7ffffff,0xf8000000-0xfbffffff,0xfc094000-0xfc095fff irq 10 at device 2.0 on pci0
vgapci0: Boot video device
virtio_pci0: <VirtIO PCI Network adapter> port 0xc120-0xc13f mem 0xfc096000-0xfc096fff,0xfebf0000-0xfebf3fff irq 11 at device 3.0 on pci0
vtnet0: <VirtIO Networking Adapter> on virtio_pci0
vtnet0: Ethernet address: 52:54:00:e2:62:00
vtnet0: netmap queues/slots: TX 1/256, RX 1/128
000.000761 [ 503] vtnet_netmap_attach       vtnet attached txq=1, txd=256 rxq=1, rxd=128
hdac0: <Intel 82801F HDA Controller> mem 0xfc090000-0xfc093fff irq 11 at device 4.0 on pci0
uhci0: <Intel 82801I (ICH9) USB controller> port 0xc140-0xc15f irq 10 at device 5.0 on pci0
usbus0 on uhci0
usbus0: 12Mbps Full Speed USB v1.0
uhci1: <Intel 82801I (ICH9) USB controller> port 0xc160-0xc17f irq 10 at device 5.1 on pci0
usbus1 on uhci1
usbus1: 12Mbps Full Speed USB v1.0
uhci2: <Intel 82801I (ICH9) USB controller> port 0xc180-0xc19f irq 11 at device 5.2 on pci0
usbus2 on uhci2
usbus2: 12Mbps Full Speed USB v1.0
ehci0: <Intel 82801I (ICH9) USB 2.0 controller> mem 0xfc097000-0xfc097fff irq 11 at device 5.7 on pci0
usbus3: EHCI version 1.0
usbus3 on ehci0
usbus3: 480Mbps High Speed USB v2.0
virtio_pci1: <VirtIO PCI Console adapter> port 0xc080-0xc0bf mem 0xfc098000-0xfc098fff,0xfebf4000-0xfebf7fff irq 10 at device 6.0 on pci0
virtio_pci2: <VirtIO PCI Block adapter> port 0xc000-0xc07f mem 0xfc099000-0xfc099fff,0xfebf8000-0xfebfbfff irq 11 at device 7.0 on pci0
vtblk0: <VirtIO Block Adapter> on virtio_pci2
vtblk0: 56320MB (115343488 512 byte sectors)
virtio_pci3: <VirtIO PCI Balloon adapter> port 0xc0c0-0xc0ff mem 0xfebfc000-0xfebfffff irq 11 at device 8.0 on pci0
