freebsd dumped core - see /var/crash/vmcore.4

Sat Feb 22 12:37:22 UTC 2020

FreeBSD freebsd 12.1-RELEASE FreeBSD 12.1-RELEASE r354233 GENERIC  amd64

panic: vm_fault_hold: fault on nofault entry, addr: 0xfffffe0016ff2000

GNU gdb 6.1.1 [FreeBSD]
Copyright 2004 Free Software Foundation, Inc.
GDB is free software, covered by the GNU General Public License, and you are
welcome to change it and/or distribute copies of it under certain conditions.
Type "show copying" to see the conditions.
There is absolutely no warranty for GDB.  Type "show warranty" for details.
This GDB was configured as "amd64-marcel-freebsd"...

Unread portion of the kernel message buffer:
panic: vm_fault_hold: fault on nofault entry, addr: 0xfffffe0016ff2000
cpuid = 0
time = 1582374950
KDB: stack backtrace:
#0 0xffffffff80c1d297 at kdb_backtrace+0x67
#1 0xffffffff80bd05cd at vpanic+0x19d
#2 0xffffffff80bd0423 at panic+0x43
#3 0xffffffff80f0d549 at vm_fault_hold+0x26b9
#4 0xffffffff80f0ae40 at vm_fault+0x60
#5 0xffffffff810a7e94 at trap_pfault+0x164
#6 0xffffffff810a736f at trap+0x29f
#7 0xffffffff81081a0c at calltrap+0x8
#8 0xffffffff80ee3730 at ffs_sbget+0x550
#9 0xffffffff80b21407 at g_label_ufs_taste_common+0x57
#10 0xffffffff80b1f7ae at g_label_taste+0x33e
#11 0xffffffff80b1de9a at g_new_provider_event+0xca
#12 0xffffffff80b18f76 at g_run_events+0x156
#13 0xffffffff80b90c23 at fork_exit+0x83
#14 0xffffffff81082a4e at fork_trampoline+0xe
Uptime: 14m22s
Dumping 142 out of 473 MB:..12%..23%..34%..45%..56%..68%..79%..90%

Reading symbols from /boot/kernel/intpm.ko...Reading symbols from /usr/lib/debug//boot/kernel/intpm.ko.debug...done.
done.
Loaded symbols for /boot/kernel/intpm.ko
Reading symbols from /boot/kernel/smbus.ko...Reading symbols from /usr/lib/debug//boot/kernel/smbus.ko.debug...done.
done.
Loaded symbols for /boot/kernel/smbus.ko
Reading symbols from /boot/kernel/autofs.ko...Reading symbols from /usr/lib/debug//boot/kernel/autofs.ko.debug...done.
done.
Loaded symbols for /boot/kernel/autofs.ko
#0  doadump () at src/sys/amd64/include/pcpu.h:234
234	src/sys/amd64/include/pcpu.h: No such file or directory.
	in src/sys/amd64/include/pcpu.h
(kgdb) #0  doadump () at src/sys/amd64/include/pcpu.h:234
#1  0xffffffff80bd01c8 in kern_reboot (howto=260)
    at /usr/src/sys/kern/kern_shutdown.c:451
#2  0xffffffff80bd0629 in vpanic (fmt=<value optimized out>, 
    ap=<value optimized out>) at /usr/src/sys/kern/kern_shutdown.c:877
#3  0xffffffff80bd0423 in panic (fmt=<value optimized out>)
    at /usr/src/sys/kern/kern_shutdown.c:804
#4  0xffffffff80f0d549 in vm_fault_hold (map=<value optimized out>, 
    vaddr=<value optimized out>, fault_type=<value optimized out>, 
    fault_flags=<value optimized out>, m_hold=<value optimized out>)
    at /usr/src/sys/vm/vm_fault.c:614
#5  0xffffffff80f0ae40 in vm_fault (map=0xfffff80003001000, 
    vaddr=<value optimized out>, fault_type=2 '\002', fault_flags=0)
    at /usr/src/sys/vm/vm_fault.c:562
#6  0xffffffff810a7e94 in trap_pfault (frame=0xfffffe0000432780, usermode=0)
    at /usr/src/sys/amd64/amd64/trap.c:846
#7  0xffffffff810a736f in trap (frame=0xfffffe0000432780)
    at /usr/src/sys/amd64/amd64/trap.c:443
#8  0xffffffff81081a0c in calltrap ()
    at /usr/src/sys/amd64/amd64/exception.S:289
#9  0xffffffff810a3d6e in memset_erms ()
    at /usr/src/sys/amd64/amd64/support.S:610
#10 0xffffffff80ee3730 in ffs_sbget (devfd=<value optimized out>, 
    fsp=<value optimized out>, altsblock=<value optimized out>, 
    filltype=<value optimized out>, readfunc=<value optimized out>)
    at /usr/src/sys/ufs/ffs/ffs_subr.c:290
#11 0xffffffff80b21407 in g_label_ufs_taste_common (cp=<value optimized out>, 
    label=0xfffffe0000432930 "", size=128, what=1)
    at /usr/src/sys/geom/label/g_label_ufs.c:80
#12 0xffffffff80b1f7ae in g_label_taste (mp=0xffffffff81afd290, 
    pp=0xfffff800038bc500, flags=<value optimized out>)
    at /usr/src/sys/geom/label/g_label.c:385
#13 0xffffffff80b1de9a in g_new_provider_event (arg=0xfffff800038bc500, 
    flag=<value optimized out>) at /usr/src/sys/geom/geom_subr.c:558
#14 0xffffffff80b18f76 in g_run_events () at /usr/src/sys/geom/geom_event.c:268
#15 0xffffffff80b90c23 in fork_exit (
    callout=0xffffffff80b1b6f0 <g_event_procbody>, arg=0x0, 
    frame=0xfffffe0000432ac0) at /usr/src/sys/kern/kern_fork.c:1065
#16 0xffffffff81082a4e in fork_trampoline ()
    at /usr/src/sys/amd64/amd64/exception.S:1077
#17 0x0000000000000000 in ?? ()
Current language:  auto; currently minimal
(kgdb) 

------------------------------------------------------------------------
ps -axlww

UID PID PPID CPU PRI NI   VSZ  RSS MWCHAN   STAT TT     TIME COMMAND
  0   0    0   0 -16  0     0    0 swapin   DLs   -  0:00.00 [kernel]
  0   1    0   0  20  0 10024  924 wait     DLs   -  0:00.00 [init]
  0   2    0   0 -16  0     0    0 crypto_w DL    -  0:00.00 [crypto]
  0   3    0   0 -16  0     0    0 crypto_r DL    -  0:00.00 [crypto returns 0]
  0   4    0   0 -16  0     0    0 -        DL    -  0:00.00 [cam]
  0   5    0   0 -16  0     0    0 waiting_ DL    -  0:00.00 [sctp_iterator]
  0   6    0   0 -16  0     0    0 -        DL    -  0:00.14 [rand_harvestq]
  0   7    0   0 -16  0     0    0 -        DL    -  0:00.00 [soaiod1]
  0   8    0   0 -16  0     0    0 -        DL    -  0:00.00 [soaiod2]
  0   9    0   0 -16  0     0    0 -        DL    -  0:00.00 [soaiod3]
  0  10    0   0 -16  0     0    0 audit_wo DL    -  0:00.00 [audit]
  0  11    0   0 155  0     0    0 -        RL    -  3:03.90 [idle]
  0  12    0   0 -56  0     0    0 -        WL    -  0:01.06 [intr]
  0  13    0   0  -8  0     0    0 -        RL    -  0:00.01 [geom]
  0  14    0   0 -16  0     0    0 seqstate DL    -  0:00.00 [sequencer 00]
  0  15    0   0 -68  0     0    0 -        DL    -  0:00.03 [usb]
  0  16    0   0 -16  0     0    0 -        DL    -  0:00.00 [soaiod4]
  0  17    0   0 -16  0     0    0 psleep   DL    -  0:00.07 [pagedaemon]
  0  18    0   0 -16  0     0    0 psleep   DL    -  0:00.00 [vmdaemon]
  0  19    0   0 -16  0     0    0 qsleep   DL    -  0:00.13 [bufdaemon]
  0  20    0   0 -16  0     0    0 vlruwt   DL    -  0:00.01 [vnlru]
  0  21    0   0  16  0     0    0 syncer   DL    -  0:00.03 [syncer]
  0 432    1   0  52  0 11400 2600 select   Ds    -  0:00.00 [dhclient]
  0 435    1   0  52  0 11584 2732 select   Ds    -  0:00.01 [dhclient]
 65 480    1   0  52  0 11752 2848 select   DCs   -  0:00.00 [dhclient]
  0 481    1   0  20  0 10456 1444 -        Rs    -  0:00.00 [devd]
  0 624    1   0  20  0 11400 2656 select   Ds    -  0:00.01 [syslogd]
  0 712    1   0  52  0 10884 2284 autofscv Ds    -  0:00.00 [automountd]
  0 718    1   0  52  0 10888 2280 kqread   Ds    -  0:00.00 [autounmountd]
  0 818    1   0  25  0 19668 7844 select   Ds    -  0:00.00 [sshd]
  0 821    1   0  20  0 16980 6876 select   Ds    -  0:00.02 [sendmail]
 25 824    1   0  21  0 16800 6688 pause    Ds    -  0:00.00 [sendmail]
  0 828    1   0  20  0 11420 2632 nanslp   Ds    -  0:00.00 [cron]
  0 878    1   0  20  0 12124 3216 wait     Ds    -  0:00.00 [login]
  0 879    1   0  52  0 10880 2276 ttyin    Ds+   -  0:00.00 [getty]
  0 880    1   0  52  0 10880 2276 ttyin    Ds+   -  0:00.00 [getty]
  0 881    1   0  52  0 10880 2276 ttyin    Ds+   -  0:00.00 [getty]
  0 882    1   0  52  0 10880 2276 ttyin    Ds+   -  0:00.00 [getty]
  0 883    1   0  52  0 10880 2276 ttyin    Ds+   -  0:00.00 [getty]
  0 884    1   0  52  0 10880 2276 ttyin    Ds+   -  0:00.00 [getty]
  0 885    1   0  52  0 10880 2276 ttyin    Ds+   -  0:00.00 [getty]
  0 909  878   0  20  0 13032 4104 wait     D     -  0:00.00 [bash]
  0 912    0   0  -8  0     0    0 mdwait   DL    -  0:00.00 [md0]
  0 916  909   0  24  0 10820 2264 g_waitid D+    -  0:00.00 [mount]

------------------------------------------------------------------------
vmstat -s

   131239 cpu context switches
    23955 device interrupts
     9670 software interrupts
   360020 traps
   551992 system calls
       22 kernel threads created
      658  fork() calls
      236 vfork() calls
        2 rfork() calls
        0 swap pager pageins
        0 swap pager pages paged in
        0 swap pager pageouts
        0 swap pager pages paged out
     1435 vnode pager pageins
    10794 vnode pager pages paged in
        0 vnode pager pageouts
        0 vnode pager pages paged out
        0 page daemon wakeups
        0 pages examined by the page daemon
        0 clean page reclamation shortfalls
        0 pages reactivated by the page daemon
    29849 copy-on-write faults
       20 copy-on-write optimized faults
   353491 zero fill pages zeroed
        2 zero fill pages prezeroed
        1 intransit blocking page faults
   397826 total VM faults taken
     1297 page faults requiring I/O
        0 pages affected by kernel thread creation
    53887 pages affected by  fork()
     8487 pages affected by vfork()
      114 pages affected by rfork()
   483282 pages freed
        0 pages freed by daemon
        0 pages freed by exiting processes
        0 pages active
        0 pages inactive
        0 pages in the laundry queue
        0 pages wired down
        0 pages free
        0 bytes per page
        0 total name lookups
          cache hits (0% pos + 0% neg) system 0% per-directory
          deletions 0%, falsehits 0%, toolong 0%

------------------------------------------------------------------------
vmstat -m

         Type InUse MemUse HighUse Requests  Size(s)
      CAM DEV     3     6K       -       14  2048
      entropy     1     1K       -       28  32,4096
      CAM CCB     0     0K       -       26  2048
     CAM path     3     1K       -       42  32
   CAM periph     2     1K       -       18  16,32,64,128,256
         hdaa     5     5K       -        5  512,1024,2048
         hdac     1     1K       -        1  1024
        hdacc     1     1K       -        1  32
       feeder    12     1K       -       14  32,128
        mixer     1     4K       -        1  4096
    CAM queue     6     2K       -       39  16,32,512
         UART     3     3K       -        3  16,1024
          USB    24    19K       -       24  16,128,512,4096
       USBdev    20     3K       -       20  32,64,128,256
CAM dev queue     3     1K       -        3  64
      ata_pci     1     1K       -        1  64
        vtbuf    24  1968K       -       46  4096
           vt    11     6K       -       11  512
       DEVFS3   128    32K       -      144  256
       DEVFS1    99    50K       -      110  512
   DEVFS_RULE    56    27K       -       56  64,512
        DEVFS    14     1K       -       16  16,128
       DEVFSP     2     1K       -        2  64
NFSD V4client     1     1K       -        1  256
 NFSD lckfile     1     1K       -        1  256
 NFSD session     1     1K       -        1  1024
    pfs_nodes    20    10K       -       20  512
         GEOM    95 57311K       -      747  16,32,64,128,256,512,1024,2048,4096,8192
    raid_data     0     0K       -      132  32,128,256
       isadev     7     1K       -        7  128
         cdev     4     1K       -        4  256
     filedesc     5    37K       -       19  32,4096,16384
        sigio     0     0K       -        1  64
     filecaps     1     1K       -       60  16,32,64
      kdtrace   150    30K       -     1900  64,256
         kenv    90    12K       -       94  16,32,64,128,8192
       kqueue    46     4K       -      921  64,256,512
    proc-args    30     2K       -      731  16,32,64,128,256
        hhook    13     4K       -       13  256
      ithread    83    13K       -       83  32,128,256
       prison     4     1K       -        4  32
       KTRACE   100    13K       -      100  128
       linker   222    82K       -      239  16,32,64,128,256,512,1024,2048,4096,8192,16384
        lockf    30     4K       -       61  64,128
   loginclass     3     1K       -        4  64
       devbuf  2421  1360K       -    20850  16,32,64,128,256,512,1024,2048,4096,8192,16384,32768,65536
         temp    17    17K       -     2123  16,32,64,128,256,512,1024,2048,4096,8192,65536
        evdev     4     4K       -        4  1024
       module   507    64K       -      508  128
     mtx_pool     2    72K       -        2  8192,65536
          osd     3     1K       -        9  16,32,64,128,256
     pmchooks     1     1K       -        1  128
          pmc     1     1K       -        1  64
         pgrp    22     3K       -       51  128
      session    20     3K       -       31  128
         proc     2     8K       -        2  4096
      subproc    90   199K       -      965  512,4096
         cred    35     9K       -      207  256
     acpiintr     1     1K       -        1  64
       plimit    19     5K       -      415  256
      uidinfo     6     2K       -        9  128,1024
       dumper     1     1K       -        2  512
       acpica   809    88K       -    49832  16,32,64,128,256,512,1024,2048,8192
       sysctl     0     0K       -        1  64
    sysctloid  2820   145K       -     2905  16,32,64,128
    sysctltmp     0     0K       -      897  16,32,64,256,1024
     acpitask     1    64K       -        1  65536
      tidhash     1     8K       -        1  8192
      callout     2  1416K       -        2  
         umtx   216    27K       -      216  128
     p1003.1b     1     1K       -        1  16
         SWAP     1    68K       -        1  
          bus  1098    90K       -     5128  16,32,64,128,256,1024,4096
       bus-sc    46   278K       -     2487  16,32,128,256,512,1024,2048,4096,8192,16384,32768,65536
      acpisem    23     3K       -       23  128
      devstat     6    13K       -        6  32,4096
        epoch     4     1K       -        4  128
 eventhandler   125    11K       -      125  64,128
   gtaskqueue    16    34K       -       16  16,32,256,8192
         kobj   348  1392K       -      602  4096
      Per-cpu     1     1K       -        1  32
       kbdmux     6    22K       -        6  16,512,1024,2048,16384
         rman   112    14K       -      443  16,32,128
         sbuf     0     0K       -      598  16,32,64,128,256,4096,16384,32768
       sglist     3     4K       -        3  32,1024,2048
    taskqueue    36     4K       -       36  16,32,256
     terminal    11     3K       -       11  256
       Unitno    20     2K       -       44  32,64
         vmem     3     5K       -        5  512,1024,2048
     ioctlops     1     8K       -       84  256,512,1024,8192
       select    18     3K       -       18  128
          iov     0     0K       -   125881  16,64,128,256,512
          msg     4    30K       -        4  2048,4096,8192,16384
          sem     4   106K       -        4  2048,4096
          shm     1    32K       -        1  32768
          tty    13    13K       -       14  1024
          pts     0     0K       -        1  256
     mbuf_tag     0     0K       -       16  32
        shmfd     1     8K       -        1  8192
       soname     4     1K       -     8726  16,32,128
          pcb    22   249K       -       58  16,32,64,128,1024,2048,8192,32768
     vfscache     4   269K       -        4  256,4096,8192
   cl_savebuf     0     0K       -       11  64
     vfs_hash     1   128K       -        1  
       vnodes     1     1K       -        1  256
        mount    54     3K       -      483  16,32,64,128,256
       statfs     0     0K       -      212  4096
      md_disk     1     4K       -        1  4096
  vnodemarker     0     0K       -      122  512
chacha20random     1     1K       -        1  256
          BPF    10    18K       -       10  128,512,4096
        ifnet     3     5K       -        3  128,2048
       ifaddr    31    13K       -       31  16,32,64,128,256,512,2048,4096
  ether_multi    40     4K       -       45  16,32,64,128
        clone     7     1K       -        7  128
        ipsec     3     1K       -        3  256
      lltable    11     4K       -       11  256,512
     routetbl    28     4K       -       33  32,64,128,512
         vnet     1     1K       -        1  64
    vnet_data     1   240K       -        1  
vnet_data_free     1     1K       -        1  32
         igmp     2     1K       -        2  128
     in_multi     2     1K       -        3  256
encap_export_host    12     1K       -       12  32,64
    sctp_a_it     0     0K       -        3  16
     sctp_vrf     1     1K       -        1  64
     sctp_ifa     5     1K       -        5  128
     sctp_ifn     2     1K       -        2  128
    sctp_iter     0     0K       -        3  256
   tfo_ccache     1   128K       -        1  
    hostcache     1    32K       -        1  32768
      tcpfunc     1     1K       -        1  64
     syncache     1    68K       -        1  
    in6_multi    25     3K       -       25  32,256
       ip6opt     0     0K       -        3  32
          mld     2     1K       -        2  128
       ip6ndp     4     1K       -        5  64,256
  inpcbpolicy     6     1K       -      107  32
     secasvar     1     1K       -        1  1024
       sahead     1     1K       -        1  1024
  ipsecpolicy     2     2K       -        2  256,1024
    ipsec-saq     2     2K       -        2  1024
       crypto     2     2K       -        2  128,1024
          rpc     2     8K       -        2  4096
audit_evclass   230     8K       -      285  32
      pagedep     2    33K       -       24  256,32768
     inodedep     2   129K       -      100  512
    bmsafemap     1     8K       -       61  256,8192
       newblk   246   318K       -     2405  256
     indirdep     1     1K       -        2  128
     freefrag     0     0K       -       34  128
     freeblks     0     0K       -       34  256
     freefile     0     0K       -       40  64
       diradd     1     1K       -       46  128
        mkdir     0     0K       -       14  128
       dirrem     0     0K       -       43  128
    newdirblk     0     0K       -        7  64
     freework     1     1K       -       45  16,128
        sbdep     0     0K       -       14  64
     savedino     0     0K       -       15  256
      softdep     1     1K       -        1  512
  ufs_dirhash    42     9K       -       42  16,32,64,128,512
    ufs_quota     1   128K       -        1  
    ufs_mount     3    17K       -       10  512,4096,8192
    vm_pgdata     1     1K       -        1  128
      UMAHash     1     2K       -        1  2048
      memdesc     1     4K       -        1  4096
     pci_link    10     1K       -       10  16,128
     atkbddev     2     1K       -        2  64
      acpidev    21     2K       -       21  64
      CAM SIM     3     1K       -        3  256
      CAM XPT    15     2K       -       30  32,64,128,512,1024
       apmdev     1     1K       -        1  128
   madt_table     0     0K       -        2  16,4096
         intr     4   400K       -        4  65536
      io_apic     1     2K       -        1  2048
   local_apic     1     1K       -        1  1024
          MCA    10     2K       -       10  128
         cpus     2     1K       -        2  16
          msi     6     1K       -        6  128
     nexusdev     5     1K       -        5  16
       autofs     5    17K       -        5  16,128,8192

------------------------------------------------------------------------
vmstat -z

ITEM                   SIZE  LIMIT     USED     FREE      REQ FAIL SLEEP

UMA Kegs:               224,      0,     126,      10,     126,   0,   0
UMA Zones:              552,      0,     127,       5,     127,   0,   0
UMA Slabs:               80,      0,    1063,      37,    1214,   0,   0
UMA Hash:               256,      0,      11,       4,      12,   0,   0
4 Bucket:                32,      0,      11,     364,     671,   0,   0
6 Bucket:                48,      0,       4,     328,      20,   0,   0
8 Bucket:                64,      0,       5,     305,     116,  21,   0
12 Bucket:               96,      0,       5,     159,      25,   0,   0
16 Bucket:              128,      0,      19,     136,    2568,   1,   0
32 Bucket:              256,      0,      14,      61,   12230,   6,   0
64 Bucket:              512,      0,      54,      42,     645,24294,   0
128 Bucket:            1024,      0,      17,      11,      86,   1,   0
256 Bucket:            2048,      0,      18,       4,      53,  21,   0
vmem:                  1856,      0,       3,       1,       3,   0,   0
vmem btag:               56,      0,     542,      97,     608,   5,   0
VM OBJECT:              256,      0,    1169,     181,   14108,   0,   0
RADIX NODE:             144,      0,    5889,     915,   51384,   0,   0
MAP:                    240,      0,       3,      61,       3,   0,   0
KMAP ENTRY:             120,      0,       8,     124,       8,   0,   0
MAP ENTRY:              120,      0,     775,     611,   47790,   0,   0
VMSPACE:               2560,      0,      22,       5,     898,   0,   0
fakepg:                 104,      0,       0,       0,       0,   0,   0
64 pcpu:                  8,      0,    2480,      80,    2480,   0,   0
mt_stats_zone:           64,      0,     423,      89,     423,   0,   0
mt_zone:                 24,      0,     423,     245,     423,   0,   0
16:                      16,      0,    1392,     365,   38175,   0,   0
32:                      32,      0,    1548,     327,    6204,   0,   0
64:                      64,      0,    1700,     160,  131052,   0,   0
128:                    128,      0,    3916,     145,   41609,   0,   0
256:                    256,      0,    1207,    1808,    8591,   0,   0
512:                    512,      0,     310,      42,    2000,   0,   0
1024:                  1024,      0,     442,      78,    1686,   0,   0
2048:                  2048,      0,      27,       9,     150,   0,   0
4096:                  4096,      0,     449,       2,    2789,   0,   0
8192:                  8192,      0,      28,       1,     264,   0,   0
16384:                16384,      0,       7,       0,     306,   0,   0
32768:                32768,      0,       7,       1,     233,   0,   0
65536:                65536,      0,      11,       1,     249,   0,   0
SLEEPQUEUE:              80,      0,     109,      46,     109,   0,   0
Files:                   80,      0,      75,      75,    8225,   0,   0
filedesc0:             1104,      0,      44,      10,     919,   0,   0
rangeset pctrie nodes:    144,      0,       0,       0,       0,   0,   0
rl_entry:                40,      0,      25,     275,      25,   0,   0
TURNSTILE:              136,      0,     109,      31,     109,   0,   0
umtx pi:                 96,      0,       0,       0,       0,   0,   0
umtx_shm:                88,      0,       0,       0,       0,   0,   0
MAC labels:              40,      0,       0,       0,       0,   0,   0
PROC:                  1328,      0,      43,       2,     918,   0,   0
THREAD:                1488,      0,     107,       1,     107,   0,   0
cpuset:                 104,      0,       3,     152,       3,   0,   0
domainset:               40,      0,       0,       0,       0,   0,   0
audit_record:          1280,      0,       0,       0,       0,   0,   0
mbuf_packet:            256, 188265,     256,     256,    5571,   0,   0
mbuf:                   256, 188265,       1,     258,    1619,   0,   0
mbuf_cluster:          2048,  29416,     506,       4,     506,   0,   0
mbuf_jumbo_page:       4096,  14707,       0,       2,       8,   0,   0
mbuf_jumbo_9k:         9216,  13071,       0,       0,       0,   0,   0
mbuf_jumbo_16k:       16384,   9804,       0,       0,       0,   0,   0
epoch_record pcpu:      256,      0,       4,      60,       4,   0,   0
ttyinq:                 160,      0,     120,      80,     360,   0,   0
ttyoutq:                256,      0,      64,      71,     191,   0,   0
DMAR_MAP_ENTRY:         120,      0,       0,       0,       0,   0,   0
FPU_save_area:          832,      0,       0,       0,       0,   0,   0
g_bio:                  376,      0,       0,     150,  111403,   0,   0
nvme_request:           128,      0,       0,       0,       0,   0,   0
cryptop:                128,      0,       0,       0,       0,   0,   0
cryptodesc:             120,      0,       0,       0,       0,   0,   0
crypto_session:          24,      0,       0,       0,       0,   0,   0
vtnet_tx_hdr:            24,      0,       0,     334,    1099,   0,   0
VNODE:                  480,      0,     810,       6,     867,   0,   0
VNODEPOLL:              120,      0,       0,       0,       0,   0,   0
BUF TRIE:               144,      0,     348,    3351,    4301,   0,   0
NAMEI:                 1024,      0,       0,      16,   16470,   0,   0
rentr:                   24,      0,       0,     334,       1,   0,   0
S VFS Cache:            108,      0,     826,      49,    1839,   0,   0
STS VFS Cache:          148,      0,       0,       0,       0,   0,   0
L VFS Cache:            328,      0,       0,       0,       0,   0,   0
LTS VFS Cache:          368,      0,       0,       0,       0,   0,   0
NCLNODE:                592,      0,       0,       0,       0,   0,   0
DIRHASH:               1024,      0,      85,       7,      85,   0,   0
procdesc:               136,      0,       1,      86,       2,   0,   0
AIO:                    208,      0,       0,       0,       0,   0,   0
AIOP:                    32,      0,       0,       0,       0,   0,   0
AIOCB:                  752,      0,       0,       0,       0,   0,   0
AIOLIO:                 280,      0,       0,       0,       0,   0,   0
pipe:                   760,      0,       2,      13,     310,   0,   0
Mountpoints:           2744,      0,       4,       2,       5,   0,   0
ksiginfo:               112,      0,      35,    1015,      80,   0,   0
itimer:                 352,      0,       0,       0,       0,   0,   0
KNOTE:                  160,      0,       2,      73,       2,   0,   0
socket:                 872,  15152,      19,       9,    1607,   0,   0
unpcb:                  256,  15165,      12,      63,    1488,   0,   0
IPsec SA lft_c:          16,      0,       0,       0,       0,   0,   0
ipq:                     56,    923,       0,       0,       0,   0,   0
udp_inpcb:              488,  15152,       2,      30,      97,   0,   0
udpcb:                   32,  15250,       2,     373,      97,   0,   0
tcp_inpcb:              488,  15152,       3,      29,       7,   0,   0
tcpcb:                  976,  15152,       3,      13,       7,   0,   0
tcptw:                   88,   3060,       0,       0,       0,   0,   0
syncache:               168,  15364,       0,      69,       2,   0,   0
hostcache:               96,  15375,       1,     163,       1,   0,   0
sackhole:                32,      0,       0,       0,       0,   0,   0
tfo:                      4,      0,       0,       0,       0,   0,   0
tfo_ccache_entries:      80,      0,       0,       0,       0,   0,   0
tcpreass:                48,   1909,       0,       0,       0,   0,   0
tcp_log:                400, 1000000,       0,       0,       0,   0,   0
tcp_log_bucket:         144,      0,       0,       0,       0,   0,   0
tcp_log_node:           120,      0,       0,       0,       0,   0,   0
sctp_ep:               1280,  15153,       0,       0,       0,   0,   0
sctp_asoc:             2408,  40000,       0,       0,       0,   0,   0
sctp_laddr:              48,  80012,       0,     332,       4,   0,   0
sctp_raddr:             736,  80000,       0,       0,       0,   0,   0
sctp_chunk:             152, 400010,       0,       0,       0,   0,   0
sctp_readq:             152, 400010,       0,       0,       0,   0,   0
sctp_stream_msg_out:    112, 400015,       0,       0,       0,   0,   0
sctp_asconf:             40, 400000,       0,       0,       0,   0,   0
sctp_asconf_ack:         48, 400060,       0,       0,       0,   0,   0
udplite_inpcb:          488,  15152,       0,       0,       0,   0,   0
ripcb:                  488,  15152,       1,      31,       3,   0,   0
rtentry:                208,      0,      13,      63,      16,   0,   0
selfd:                   64,      0,      37,     273,    4229,   0,   0
swpctrie:               144,  58860,       0,       0,       0,   0,   0
swblk:                  136,  58841,       0,       0,       0,   0,   0
FFS inode:              160,      0,     772,      28,     813,   0,   0
FFS1 dinode:            128,      0,       0,       0,       0,   0,   0
FFS2 dinode:            256,      0,     772,      23,     812,   0,   0
autofs_request:        5280,      0,       0,       0,       0,   0,   0
autofs_node:            208,      0,       2,      74,       2,   0,   0


------------------------------------------------------------------------
vmstat -i

interrupt                          total       rate
irq1: atkbd0                         178          3
cpu0:timer                         14850        242
irq257: virtio_pci0                 1058         17
irq258: virtio_pci0                    1          0
irq259: hdac0                         54          1
irq261: virtio_pci2                22664        370
Total                              38805        633

------------------------------------------------------------------------
pstat -T

 75/15150 files
0M/0M swap space

------------------------------------------------------------------------
pstat -s

Device          512-blocks     Used    Avail Capacity

------------------------------------------------------------------------
iostat

       tty           vtbd0              md0             cpu
 tin  tout  KB/t tps  MB/s   KB/t tps  MB/s  us ni sy in id
   0    30 24.26  27  0.64   0.00   0  0.00   1  0  1  0 98

------------------------------------------------------------------------
ipcs -a

Message Queues:
T           ID          KEY MODE        OWNER    GROUP    CREATOR  CGROUP                 CBYTES                 QNUM               QBYTES        LSPID        LRPID STIME    RTIME    CTIME   

Shared Memory:
T           ID          KEY MODE        OWNER    GROUP    CREATOR  CGROUP         NATTCH        SEGSZ         CPID         LPID ATIME    DTIME    CTIME   

Semaphores:
T           ID          KEY MODE        OWNER    GROUP    CREATOR  CGROUP          NSEMS OTIME    CTIME   


------------------------------------------------------------------------
ipcs -T

msginfo:
	msgmax:        16384	(max characters in a message)
	msgmni:           40	(# of message queues)
	msgmnb:         2048	(max characters in a message queue)
	msgtql:           40	(max # of messages in system)
	msgssz:            8	(size of a message segment)
	msgseg:         2048	(# of message segments in system)

shminfo:
	shmmax:    536870912	(max shared memory segment size)
	shmmin:            1	(min shared memory segment size)
	shmmni:          192	(max number of shared memory identifiers)
	shmseg:          128	(max shared memory segments per process)
	shmall:       131072	(max amount of shared memory in pages)

seminfo:
	semmni:           50	(# of semaphore identifiers)
	semmns:          340	(# of semaphores in system)
	semmnu:          150	(# of undo structures in system)
	semmsl:          340	(max # of semaphores per id)
	semopm:          100	(max # of operations per semop call)
	semume:           50	(max # of undo entries per process)
	semusz:          632	(size in bytes of undo structure)
	semvmx:        32767	(semaphore maximum value)
	semaem:        16384	(adjust on exit max value)


------------------------------------------------------------------------
nfsstat

Rpc Counts:
      Getattr      Setattr       Lookup     Readlink         Read        Write       Create       Remove
            0            0            0            0            0            0            0            0
       Rename         Link      Symlink        Mkdir        Rmdir      Readdir     RdirPlus       Access
            0            0            0            0            0            0            0            0
        Mknod       Fsstat       Fsinfo     PathConf       Commit
            0            0            0            0            0
Rpc Info:
     TimedOut      Invalid    X Replies      Retries     Requests
            0            0            0            0            0
Cache Info:
    Attr Hits  Attr Misses    Lkup Hits  Lkup Misses    BioR Hits  BioR Misses    BioW Hits  BioW Misses
            0            0            0            0            0            0            0            0
   BioRL Hits BioRL Misses    BioD Hits  BioD Misses    DirE Hits  DirE Misses    Accs Hits  Accs Misses
            0            0            0            0            0            0            0            0
Server Info:
      Getattr      Setattr       Lookup     Readlink         Read        Write       Create       Remove
            0            0            0            0            0            0            0            0
       Rename         Link      Symlink        Mkdir        Rmdir      Readdir     RdirPlus       Access
            0            0            0            0            0            0            0            0
        Mknod       Fsstat       Fsinfo     PathConf       Commit
            0            0            0            0            0
Server Re-Failed
               0
Server Faults
            0
Server Write 
     WriteOps     WriteRPC      Opsaved
            0            0            0
Server Cache 
       Inprog         Idem     Non-Idem       Misses
            0            0            0            0

------------------------------------------------------------------------
netstat -s

tcp:
	1064 packets sent
		162 data packets (30424 bytes)
		0 data packets (0 bytes) retransmitted
		0 data packets unnecessarily retransmitted
		0 resends initiated by MTU discovery
		572 ack-only packets (4 delayed)
		0 URG only packets
		0 window probe packets
		328 window update packets
		2 control packets
	763 packets received
		160 acks (for 30428 bytes)
		0 duplicate acks
		0 acks for unsent data
		648 packets (8412360 bytes) received in-sequence
		0 completely duplicate packets (0 bytes)
		0 old duplicate packets
		0 packets with some dup. data (0 bytes duped)
		0 out-of-order packets (0 bytes)
		0 packets (0 bytes) of data after window
		0 window probes
		0 window update packets
		0 packets received after close
		0 discarded for bad checksums
		0 discarded for bad header offset fields
		0 discarded because packet too short
		0 discarded due to memory problems
	0 connection requests
	2 connection accepts
	0 bad connection attempts
	0 listen queue overflows
	0 ignored RSTs in the windows
	2 connections established (including accepts)
		1 time used RTT from hostcache
		1 time used RTT variance from hostcache
		0 times used slow-start threshold from hostcache
	4 connections closed (including 0 drops)
		2 connections updated cached RTT on close
		2 connections updated cached RTT variance on close
		0 connections updated cached ssthresh on close
	0 embryonic connections dropped
	160 segments updated rtt (of 158 attempts)
	0 retransmit timeouts
		0 connections dropped by rexmit timeout
	0 persist timeouts
		0 connections dropped by persist timeout
	0 Connections (fin_wait_2) dropped because of timeout
	0 keepalive timeouts
		0 keepalive probes sent
		0 connections dropped by keepalive
	103 correct ACK header predictions
	598 correct data packet header predictions
	2 syncache entries added
		0 retransmitted
		0 dupsyn
		0 dropped
		2 completed
		0 bucket overflow
		0 cache overflow
		0 reset
		0 stale
		0 aborted
		0 badack
		0 unreach
		0 zone failures
	2 cookies sent
	0 cookies received
	1 hostcache entry added
		0 bucket overflow
	0 SACK recovery episodes
	0 segment rexmits in SACK recovery episodes
	0 byte rexmits in SACK recovery episodes
	0 SACK options (SACK blocks) received
	0 SACK options (SACK blocks) sent
	0 SACK scoreboard overflow
	0 packets with ECN CE bit set
	0 packets with ECN ECT(0) bit set
	0 packets with ECN ECT(1) bit set
	0 successful ECN handshakes
	0 times ECN reduced the congestion window
	0 packets with matching signature received
	0 packets with bad signature received
	0 times failed to make signature due to no SA
	0 times unexpected signature received
	0 times no signature provided by segment
	0 Path MTU discovery black hole detection activations
	0 Path MTU discovery black hole detection min MSS activations
	0 Path MTU discovery black hole detection failures
TCP connection count by state:
	0 connections in CLOSED state
	3 connections in LISTEN state
	0 connections in SYN_SENT state
	0 connections in SYN_RCVD state
	0 connections in ESTABLISHED state
	0 connections in CLOSE_WAIT state
	0 connections in FIN_WAIT_1 state
	0 connections in CLOSING state
	0 connections in LAST_ACK state
	0 connections in FIN_WAIT_2 state
	0 connections in TIME_WAIT state
udp:
	25 datagrams received
	0 with incomplete header
	0 with bad data length field
	0 with bad checksum
	0 with no checksum
	0 dropped due to no socket
	2 broadcast/multicast datagrams undelivered
	0 dropped due to full socket buffers
	0 not for hashed pcb
	23 delivered
	24 datagrams output
	0 times multicast source filter matched
ip:
	789 total packets received
	0 bad header checksums
	0 with size smaller than minimum
	0 with data size < data length
	0 with ip length > max ip packet size
	0 with header length < data size
	0 with data length < header length
	0 with bad options
	0 with incorrect version number
	0 fragments received
	0 fragments dropped (dup or out of space)
	0 fragments dropped after timeout
	0 packets reassembled ok
	788 packets for this host
	0 packets for unknown/unsupported protocol
	0 packets forwarded (0 packets fast forwarded)
	1 packet not forwardable
	0 packets received for unknown multicast group
	0 redirects sent
	1088 packets sent from this host
	0 packets sent with fabricated ip header
	0 output packets dropped due to no bufs, etc.
	0 output packets discarded due to no route
	0 output datagrams fragmented
	0 fragments created
	0 datagrams that can't be fragmented
	0 tunneling packets that can't find gif
	0 datagrams with bad address in header
icmp:
	0 calls to icmp_error
	0 errors not generated in response to an icmp message
	0 messages with bad code fields
	0 messages less than the minimum length
	0 messages with bad checksum
	0 messages with bad length
	0 multicast echo requests ignored
	0 multicast timestamp requests ignored
	0 message responses generated
	0 invalid return addresses
	0 no return routes
ipsec:
	0 inbound packets violated process security policy
	0 inbound packets failed due to insufficient memory
	0 invalid inbound packets
	0 outbound packets violated process security policy
	0 outbound packets with no SA available
	0 outbound packets failed due to insufficient memory
	0 outbound packets with no route available
	0 invalid outbound packets
	0 outbound packets with bundled SAs
	0 spd cache hits
	0 spd cache misses
	0 clusters copied during clone
	0 mbufs inserted during makespace
ah:
	0 packets shorter than header shows
	0 packets dropped; protocol family not supported
	0 packets dropped; no TDB
	0 packets dropped; bad KCR
	0 packets dropped; queue full
	0 packets dropped; no transform
	0 replay counter wraps
	0 packets dropped; bad authentication detected
	0 packets dropped; bad authentication length
	0 possible replay packets detected
	0 packets in
	0 packets out
	0 packets dropped; invalid TDB
	0 bytes in
	0 bytes out
	0 packets dropped; larger than IP_MAXPACKET
	0 packets blocked due to policy
	0 crypto processing failures
	0 tunnel sanity check failures
esp:
	0 packets shorter than header shows
	0 packets dropped; protocol family not supported
	0 packets dropped; no TDB
	0 packets dropped; bad KCR
	0 packets dropped; queue full
	0 packets dropped; no transform
	0 packets dropped; bad ilen
	0 replay counter wraps
	0 packets dropped; bad encryption detected
	0 packets dropped; bad authentication detected
	0 possible replay packets detected
	0 packets in
	0 packets out
	0 packets dropped; invalid TDB
	0 bytes in
	0 bytes out
	0 packets dropped; larger than IP_MAXPACKET
	0 packets blocked due to policy
	0 crypto processing failures
	0 tunnel sanity check failures
ipcomp:
	0 packets shorter than header shows
	0 packets dropped; protocol family not supported
	0 packets dropped; no TDB
	0 packets dropped; bad KCR
	0 packets dropped; queue full
	0 packets dropped; no transform
	0 replay counter wraps
	0 packets in
	0 packets out
	0 packets dropped; invalid TDB
	0 bytes in
	0 bytes out
	0 packets dropped; larger than IP_MAXPACKET
	0 packets blocked due to policy
	0 crypto processing failures
	0 packets sent uncompressed; size < compr. algo. threshold
	0 packets sent uncompressed; compression was useless
arp:
	1 ARP request sent
	3 ARP replies sent
	4 ARP requests received
	0 ARP replies received
	4 ARP packets received
	0 total packets dropped due to no ARP entry
	0 ARP entrys timed out
	0 Duplicate IPs seen
ip6:
	11 total packets received
	0 with size smaller than minimum
	0 with data size < data length
	0 with bad options
	0 with incorrect version number
	0 fragments received
	0 fragments dropped (dup or out of space)
	0 fragments dropped after timeout
	0 fragments that exceeded limit
	0 packets reassembled ok
	11 packets for this host
	0 packets forwarded
	0 packets not forwardable
	0 redirects sent
	6 packets sent from this host
	0 packets sent with fabricated ip header
	0 output packets dropped due to no bufs, etc.
	0 output packets discarded due to no route
	0 output datagrams fragmented
	0 fragments created
	0 datagrams that can't be fragmented
	0 packets that violated scope rules
	11 multicast packets which we don't join
	Input histogram:
		hop by hop: 4
		ICMP6: 7
	Mbuf statistics:
		3 one mbuf
		8 one ext mbuf
		0 two or more ext mbuf
	0 packets whose headers are not contiguous
	0 tunneling packets that can't find gif
	0 packets discarded because of too many headers
	0 failures of source address selection
	source addresses on an outgoing I/F
		3 link-locals
	source addresses of a different scope
		3 link-locals
	Source addresses selection rule applied:
		3 first candidate
icmp6:
	0 calls to icmp6_error
	0 errors not generated in response to an icmp6 message
	0 errors not generated because of rate limitation
	Output histogram:
		router solicitation: 3
		neighbor solicitation: 1
		MLDv2 listener report: 2
	0 messages with bad code fields
	0 messages < minimum length
	0 bad checksums
	0 messages with bad length
	Histogram of error messages to be generated:
		0 no route
		0 administratively prohibited
		0 beyond scope
		0 address unreachable
		0 port unreachable
		0 packet too big
		0 time exceed transit
		0 time exceed reassembly
		0 erroneous header field
		0 unrecognized next header
		0 unrecognized option
		0 redirect
		0 unknown
	0 message responses generated
	0 messages with too many ND options
	0 messages with bad ND options
	0 bad neighbor solicitation messages
	0 bad neighbor advertisement messages
	0 bad router solicitation messages
	0 bad router advertisement messages
	0 bad redirect messages
	0 path MTU changes
ipsec6:
	0 inbound packets violated process security policy
	0 inbound packets failed due to insufficient memory
	0 invalid inbound packets
	0 outbound packets violated process security policy
	0 outbound packets with no SA available
	0 outbound packets failed due to insufficient memory
	0 outbound packets with no route available
	0 invalid outbound packets
	0 outbound packets with bundled SAs
	0 spd cache hits
	0 spd cache misses
	0 clusters copied during clone
	0 mbufs inserted during makespace
rip6:
	0 messages received
	0 checksum calculations on inbound
	0 messages with bad checksum
	0 messages dropped due to no socket
	0 multicast messages dropped due to no socket
	0 messages dropped due to full socket buffers
	0 delivered
	0 datagrams output
pfkey:
	0 requests sent from userland
	0 bytes sent from userland
	0 messages with invalid length field
	0 messages with invalid version field
	0 messages with invalid message type field
	0 messages too short
	0 messages with memory allocation failure
	0 messages with duplicate extension
	0 messages with invalid extension type
	0 messages with invalid sa type
	0 messages with invalid address extension
	0 requests sent to userland
	0 bytes sent to userland
	0 messages toward single socket
	0 messages toward all sockets
	0 messages toward registered sockets
	0 messages with memory allocation failure

------------------------------------------------------------------------
netstat -m

257/514/771 mbufs in use (current/cache/total)
250/260/510/29416 mbuf clusters in use (current/cache/total/max)
256/256 mbuf+clusters out of packet secondary zone in use (current/cache)
0/2/2/14707 4k (page size) jumbo clusters in use (current/cache/total/max)
0/0/0/13071 9k jumbo clusters in use (current/cache/total/max)
0/0/0/9804 16k jumbo clusters in use (current/cache/total/max)
564K/656K/1220K bytes allocated to network (current/cache/total)
0/0/0 requests for mbufs denied (mbufs/clusters/mbuf+clusters)
0/0/0 requests for mbufs delayed (mbufs/clusters/mbuf+clusters)
0/0/0 requests for jumbo clusters delayed (4k/9k/16k)
0/0/0 requests for jumbo clusters denied (4k/9k/16k)
0 sendfile syscalls
0 sendfile syscalls completed without I/O request
0 requests for I/O initiated by sendfile
0 pages read by sendfile as part of a request
0 pages were valid at time of a sendfile request
0 pages were valid and substituted to bogus page
0 pages were requested for read ahead by applications
0 pages were read ahead by sendfile
0 times sendfile encountered an already busy page
0 requests for sfbufs denied
0 requests for sfbufs delayed

------------------------------------------------------------------------
netstat -anA

Active Internet connections (including servers)
Tcpcb            Proto Recv-Q Send-Q Local Address      Foreign Address    (state)    
fffff8000361f7a0 udp4       0      0 *.514              *.*                
fffff8000361eb70 udp6       0      0 *.514              *.*                

------------------------------------------------------------------------
netstat -aL

Current listen queue sizes (qlen/incqlen/maxqlen)
Proto Listen                           Local Address         

------------------------------------------------------------------------
fstat

fstat: can't read file 1 at 0x20007ffffffffff
fstat: can't read file 2 at 0x4000000001fffff
fstat: can't read file 1 at 0x20007ffffffffff
fstat: can't read file 2 at 0x4000000001fffff
fstat: can't read file 4 at 0x780000ffff
fstat: can't read file 5 at 0x2200000000
fstat: can't read file 7 at 0x20007ffffffffff
fstat: can't read file 8 at 0x4000000001fffff
fstat: can't read file 10 at 0x780000ffff
fstat: can't read file 11 at 0x200000000
fstat: can't read file 13 at 0x20007ffffffffff
fstat: can't read file 14 at 0x4000000001fffff
fstat: can't read file 16 at 0x780000ffff
fstat: can't read file 17 at 0x200000000
fstat: can't read file 23 at 0xd000000001
fstat: can't read file 29 at 0x800000000
fstat: can't read file 1 at 0x20007ffffffffff
fstat: can't read file 2 at 0x4000000001fffff
fstat: can't read file 1 at 0x20007ffffffffff
fstat: can't read file 2 at 0x4000000001fffff
fstat: can't read file 1 at 0x20007ffffffffff
fstat: can't read file 2 at 0x4000000001fffff
fstat: can't read file 1 at 0x20007ffffffffff
fstat: can't read file 2 at 0x4000000001fffff
fstat: can't read file 1 at 0x20007ffffffffff
fstat: can't read file 2 at 0x4000000001fffff
fstat: can't read file 1 at 0x20007ffffffffff
fstat: can't read file 2 at 0x4000000001fffff
fstat: can't read file 1 at 0x20007ffffffffff
fstat: can't read file 2 at 0x4000000001fffff
fstat: can't read file 1 at 0x20007ffffffffff
fstat: can't read file 2 at 0x4000000001fffff
fstat: can't read file 1 at 0x20007ffffffffff
fstat: can't read file 2 at 0x4000000001fffff
fstat: can't read file 4 at 0x780000ffff
fstat: can't read file 1 at 0x20007ffffffffff
fstat: can't read file 2 at 0x4000000001fffff
fstat: can't read file 4 at 0x780000ffff
fstat: can't read file 1 at 0x20007ffffffffff
fstat: can't read file 2 at 0x4000000001fffff
fstat: can't read file 4 at 0x780000ffff
fstat: can't read file 5 at 0x600000000
fstat: can't read file 1 at 0x20007ffffffffff
fstat: can't read file 2 at 0x4000000001fffff
fstat: can't read file 4 at 0x780000ffff
fstat: can't read file 1 at 0x20007ffffffffff
fstat: can't read file 2 at 0x4000000001fffff
fstat: can't read file 4 at 0x780000ffff
fstat: can't read file 5 at 0x400000000
fstat: can't read file 1 at 0x20007ffffffffff
fstat: can't read file 2 at 0x4000000001fffff
fstat: can't read file 4 at 0x780000ffff
fstat: can't read file 5 at 0x400000000
fstat: can't read file 1 at 0x20007ffffffffff
fstat: can't read file 2 at 0x4000000001fffff
fstat: can't read file 4 at 0x780000ffff
fstat: can't read file 5 at 0x400000000
fstat: can't read file 7 at 0x20007ffffffffff
fstat: can't read file 8 at 0x4000000001fffff
fstat: can't read file 10 at 0x780000ffff
fstat: can't read file 11 at 0x400000000
fstat: can't read file 13 at 0x20007ffffffffff
fstat: can't read file 14 at 0x4000000001fffff
fstat: can't read file 16 at 0x780000ffff
fstat: can't read file 17 at 0x400000000
fstat: can't read file 19 at 0x20007ffffffffff
fstat: can't read file 20 at 0x4000000001fffff
fstat: can't read file 22 at 0x780000ffff
fstat: can't read file 23 at 0x2600000001
fstat: can't read file 1 at 0x20007ffffffffff
fstat: can't read file 2 at 0x4000000001fffff
fstat: can't read file 4 at 0x780000ffff
fstat: can't read file 5 at 0x800000000
fstat: can't read file 7 at 0x20007ffffffffff
fstat: can't read file 8 at 0x4000000001fffff
fstat: can't read file 1 at 0x200000000000000
fstat: can't read file 2 at 0x400000000000000
fstat: can't read file 5 at 0x800000000
fstat: can't read file 7 at 0x200000000000002
fstat: can't read file 8 at 0x400000000000000
fstat: can't read file 11 at 0x400000000
fstat: can't read file 1 at 0x20007ffffffffff
fstat: can't read file 2 at 0x4000000001fffff
fstat: can't read file 4 at 0x780000ffff
fstat: can't read file 5 at 0x800000000
fstat: can't read file 7 at 0x20007ffffffffff
fstat: can't read file 8 at 0x4000000001fffff
fstat: can't read file 10 at 0x780000ffff
fstat: can't read file 1 at 0x20007ffffffffff
fstat: can't read file 2 at 0x4000000001fffff
fstat: can't read file 4 at 0x780000ffff
fstat: can't read file 5 at 0x800000000
USER     CMD          PID   FD MOUNT      INUM MODE         SZ|DV R/W
root     mount        916 root /             2 drwxr-xr-x     512  r
root     mount        916   wd /        160515 drwxr-xr-x     512  r
root     mount        916 text /          2475 -r-sr-xr-x   36216  r
root     mount        916 ctty /dev         80 crw-------   ttyv0 rw
root     mount        916    0 /dev         80 crw-------   ttyv0 rw
root     md0          912 root /             2 drwxr-xr-x     512  r
root     md0          912   wd /             2 drwxr-xr-x     512  r
root     bash         909 root /             2 drwxr-xr-x     512  r
root     bash         909   wd /        160515 drwxr-xr-x     512  r
root     bash         909 text /        410907 -rwxr-xr-x  1170408  r
root     bash         909 ctty /dev         80 crw-------   ttyv0 rw
root     bash         909    0 /dev         80 crw-------   ttyv0 rw
root     bash         909    6 /dev         80 crw-------   ttyv0 rw
root     bash         909   12 /dev         80 crw-------   ttyv0 rw
root     getty        885 root /             2 drwxr-xr-x     512  r
root     getty        885   wd /             2 drwxr-xr-x     512  r
root     getty        885 text /        248135 -r-xr-xr-x   36056  r
root     getty        885 ctty /dev         87 crw-------   ttyv7 rw
root     getty        885    0 /dev         87 crw-------   ttyv7 rw
root     getty        884 root /             2 drwxr-xr-x     512  r
root     getty        884   wd /             2 drwxr-xr-x     512  r
root     getty        884 text /        248135 -r-xr-xr-x   36056  r
root     getty        884 ctty /dev         86 crw-------   ttyv6 rw
root     getty        884    0 /dev         86 crw-------   ttyv6 rw
root     getty        883 root /             2 drwxr-xr-x     512  r
root     getty        883   wd /             2 drwxr-xr-x     512  r
root     getty        883 text /        248135 -r-xr-xr-x   36056  r
root     getty        883 ctty /dev         85 crw-------   ttyv5 rw
root     getty        883    0 /dev         85 crw-------   ttyv5 rw
root     getty        882 root /             2 drwxr-xr-x     512  r
root     getty        882   wd /             2 drwxr-xr-x     512  r
root     getty        882 text /        248135 -r-xr-xr-x   36056  r
root     getty        882 ctty /dev         84 crw-------   ttyv4 rw
root     getty        882    0 /dev         84 crw-------   ttyv4 rw
root     getty        881 root /             2 drwxr-xr-x     512  r
root     getty        881   wd /             2 drwxr-xr-x     512  r
root     getty        881 text /        248135 -r-xr-xr-x   36056  r
root     getty        881 ctty /dev         83 crw-------   ttyv3 rw
root     getty        881    0 /dev         83 crw-------   ttyv3 rw
root     getty        880 root /             2 drwxr-xr-x     512  r
root     getty        880   wd /             2 drwxr-xr-x     512  r
root     getty        880 text /        248135 -r-xr-xr-x   36056  r
root     getty        880 ctty /dev         82 crw-------   ttyv2 rw
root     getty        880    0 /dev         82 crw-------   ttyv2 rw
root     getty        879 root /             2 drwxr-xr-x     512  r
root     getty        879   wd /             2 drwxr-xr-x     512  r
root     getty        879 text /        248135 -r-xr-xr-x   36056  r
root     getty        879 ctty /dev         81 crw-------   ttyv1 rw
root     getty        879    0 /dev         81 crw-------   ttyv1 rw
root     login        878 root /             2 drwxr-xr-x     512  r
root     login        878   wd /        160515 drwxr-xr-x     512  r
root     login        878 text /        249309 -r-sr-xr-x   31992  r
root     login        878 ctty /dev         80 crw-------   ttyv0 rw
root     login        878    0 /dev         80 crw-------   ttyv0 rw
root     cron         828 root /             2 drwxr-xr-x     512  r
root     cron         828   wd /        160524 drwxr-x---     512  r
root     cron         828 text /        247864 -r-xr-xr-x   52304  r
root     cron         828    0 /dev         18 crw-rw-rw-    null rw
smmsp    sendmail     824 root /             2 drwxr-xr-x     512  r
smmsp    sendmail     824   wd /        160549 drwxrwx---     512  r
smmsp    sendmail     824 text /        329807 -r-xr-sr-x  740544  r
smmsp    sendmail     824    0 /dev         18 crw-rw-rw-    null  r
root     sendmail     821 root /             2 drwxr-xr-x     512  r
root     sendmail     821   wd /        160546 drwxr-xr-x     512  r
root     sendmail     821 text /        329807 -r-xr-sr-x  740544  r
root     sendmail     821    0 /dev         18 crw-rw-rw-    null  r
root     sshd         818 root /             2 drwxr-xr-x     512  r
root     sshd         818   wd /             2 drwxr-xr-x     512  r
root     sshd         818 text /        247851 -r-xr-xr-x  311136  r
root     sshd         818    0 /dev         18 crw-rw-rw-    null rw
root     autounmountd   718 root /             2 drwxr-xr-x     512  r
root     autounmountd   718   wd /             2 drwxr-xr-x     512  r
root     autounmountd   718 text /        247994 -r-xr-xr-x   65256  r
root     autounmountd   718    0 /dev         18 crw-rw-rw-    null rw
root     autounmountd   718    6 /dev         18 crw-rw-rw-    null rw
root     automountd   712 root /             2 drwxr-xr-x     512  r
root     automountd   712   wd /             2 drwxr-xr-x     512  r
root     automountd   712 text /        247994 -r-xr-xr-x   65256  r
root     automountd   712    0 /dev         18 crw-rw-rw-    null rw
root     automountd   712    6 /dev         18 crw-rw-rw-    null rw
root     syslogd      624 root /             2 drwxr-xr-x     512  r
root     syslogd      624   wd /             2 drwxr-xr-x     512  r
root     syslogd      624 text /        247942 -r-xr-xr-x   56544  r
root     syslogd      624    0 /dev         18 crw-rw-rw-    null rw
root     syslogd      624    6 /dev         18 crw-rw-rw-    null rw
root     syslogd      624   12 /dev         18 crw-rw-rw-    null rw
root     syslogd      624   18* pipe fffff800036072f8 <-> fffff80003607460      0 rw
root     devd         481 root /             2 drwxr-xr-x     512  r
root     devd         481   wd /             2 drwxr-xr-x     512  r
root     devd         481 text /          2506 -r-xr-xr-x  968904  r
root     devd         481    0 /dev         18 crw-rw-rw-    null rw
root     devd         481    6 /dev         18 crw-rw-rw-    null rw
_dhcp    dhclient     480 root /             2 drwxr-xr-x     512  r
_dhcp    dhclient     480   wd /             2 drwxr-xr-x     512  r
_dhcp    dhclient     480 text /          2443 -r-xr-xr-x  106880  r
_dhcp    dhclient     480    0 /dev         18 crw-rw-rw-    null rw
_dhcp    dhclient     480    6 /dev         18 crw-rw-rw-    null rw
root     dhclient     435 root /             2 drwxr-xr-x     512  r
root     dhclient     435   wd /             2 drwxr-xr-x     512  r
root     dhclient     435 text /          2443 -r-xr-xr-x  106880  r
root     dhclient     435    0 /dev         18 crw-rw-rw-    null rw
root     dhclient     435    6 /dev         18 crw-rw-rw-    null rw
root     dhclient     432 root /             2 drwxr-xr-x     512  r
root     dhclient     432   wd /             2 drwxr-xr-x     512  r
root     dhclient     432 text /          2443 -r-xr-xr-x  106880  r
root     dhclient     432    0 /dev         18 crw-rw-rw-    null rw
root     dhclient     432    6 /dev         18 crw-rw-rw-    null rw
root     init           1 root /             2 drwxr-xr-x     512  r
root     init           1   wd /             2 drwxr-xr-x     512  r
root     init           1 text /          2464 -r-xr-xr-x  1248816  r
root     kernel         0 root /             2 drwxr-xr-x     512  r
root     kernel         0   wd /             2 drwxr-xr-x     512  r

------------------------------------------------------------------------
dmesg

es=0x9c0fbb<FSGSBASE,TSCADJ,BMI1,HLE,AVX2,SMEP,BMI2,ERMS,INVPCID,RTM,RDSEED,ADX,SMAP,CLFLUSHOPT>
  Structured Extended Features2=0x4<UMIP>
  Structured Extended Features3=0xac000400<MD_CLEAR,IBPB,STIBP,ARCH_CAP,SSBD>
  XSAVE Features=0xf<XSAVEOPT,XSAVEC,XINUSE,XSAVES>
  IA32_ARCH_CAPS=0x8<SKIP_L1DFL_VME>
  AMD Extended Feature Extensions ID EBX=0x1001000
  VT-x: PAT,HLT,MTF,PAUSE,EPT,UG,VPID
Hypervisor: Origin = "KVMKVMKVM"
real memory  = 536870912 (512 MB)
avail memory = 478617600 (456 MB)
Event timer "LAPIC" quality 600
ACPI APIC Table: <BOCHS  BXPCAPIC>
random: unblocking device.
ioapic0 <Version 1.1> irqs 0-23 on motherboard
Timecounter "TSC-low" frequency 1451930590 Hz quality 800
random: entropy device external interface
kbd1 at kbdmux0
000.000022 [4335] netmap_init               netmap: loaded module
[ath_hal] loaded
module_register_init: MOD_LOAD (vesa, 0xffffffff8112e050, 0) error 19
random: registering fast source Intel Secure Key RNG
random: fast provider: "Intel Secure Key RNG"
nexus0
vtvga0: <VT VGA driver> on motherboard
cryptosoft0: <software crypto> on motherboard
acpi0: <BOCHS BXPCRSDT> on motherboard
acpi0: Power Button (fixed)
cpu0: <ACPI CPU> on acpi0
atrtc0: <AT realtime clock> port 0x70-0x71,0x72-0x77 irq 8 on acpi0
atrtc0: registered as a time-of-day clock, resolution 1.000000s
Event timer "RTC" frequency 32768 Hz quality 0
Timecounter "ACPI-fast" frequency 3579545 Hz quality 900
acpi_timer0: <24-bit timer at 3.579545MHz> port 0x608-0x60b on acpi0
pcib0: <ACPI Host-PCI bridge> port 0xcf8-0xcff on acpi0
pci0: <ACPI PCI bus> on pcib0
isab0: <PCI-ISA bridge> at device 1.0 on pci0
isa0: <ISA bus> on isab0
atapci0: <Intel PIIX3 WDMA2 controller> port 0x1f0-0x1f7,0x3f6,0x170-0x177,0x376,0xc1a0-0xc1af at device 1.1 on pci0
ata0: <ATA channel> at channel 0 on atapci0
ata1: <ATA channel> at channel 1 on atapci0
pci0: <bridge> at device 1.3 (no driver attached)
vgapci0: <VGA-compatible display> port 0xc100-0xc11f mem 0xf4000000-0xf7ffffff,0xf8000000-0xfbffffff,0xfc094000-0xfc095fff irq 10 at device 2.0 on pci0
vgapci0: Boot video device
virtio_pci0: <VirtIO PCI Network adapter> port 0xc120-0xc13f mem 0xfc096000-0xfc096fff,0xfebf0000-0xfebf3fff irq 11 at device 3.0 on pci0
vtnet0: <VirtIO Networking Adapter> on virtio_pci0
vtnet0: Ethernet address: 52:54:00:66:82:5f
vtnet0: netmap queues/slots: TX 1/256, RX 1/128
000.000757 [ 503] vtnet_netmap_attach       vtnet attached txq=1, txd=256 rxq=1, rxd=128
hdac0: <Intel 82801F HDA Controller> mem 0xfc090000-0xfc093fff irq 11 at device 4.0 on pci0
uhci0: <Intel 82801I (ICH9) USB controller> port 0xc140-0xc15f irq 10 at device 5.0 on pci0
usbus0 on uhci0
uhci1: <Intel 82801I (ICH9) USB controller> port 0xc160-0xc17f irq 10 at device 5.1 on pci0
usbus1 on uhci1
uhci2: <Intel 82801I (ICH9) USB controller> port 0xc180-0xc19f irq 11 at device 5.2 on pci0
usbus2 on uhci2
ehci0: <Intel 82801I (ICH9) USB 2.0 controller> mem 0xfc097000-0xfc097fff irq 11 at device 5.7 on pci0
usbus3: EHCI version 1.0
usbus3 on ehci0
virtio_pci1: <VirtIO PCI Console adapter> port 0xc080-0xc0bf mem 0xfc098000-0xfc098fff,0xfebf4000-0xfebf7fff irq 10 at device 6.0 on pci0
virtio_pci2: <VirtIO PCI Block adapter> port 0xc000-0xc07f mem 0xfc099000-0xfc099fff,0xfebf8000-0xfebfbfff irq 11 at device 7.0 on pci0
vtblk0: <VirtIO Block Adapter> on virtio_pci2
vtblk0: 14336MB (29360256 512 byte sectors)
virtio_pci3: <VirtIO PCI Balloon adapter> port 0xc0c0-0xc0ff mem 0xfebfc000-0xfebfffff irq 11 at device 8.0 on pci0
vtballoon0: <VirtIO Balloon Adapter> on virtio_pci3
acpi_syscontainer0: <System Container> on acpi0
acpi_syscontainer1: <System Container> port 0xaf00-0xaf0b on acpi0
acpi_syscontainer2: <System Container> port 0xafe0-0xafe3 on acpi0
acpi_syscontainer3: <System Container> port 0xae00-0xae13 on acpi0
atkbdc0: <Keyboard controller (i8042)> port 0x60,0x64 irq 1 on acpi0
atkbd0: <AT Keyboard> irq 1 on atkbdc0
kbd0 at atkbd0
atkbd0: [GIANT-LOCKED]
psm0: <PS/2 Mouse> irq 12 on atkbdc0
psm0: [GIANT-LOCKED]
psm0: model IntelliMouse Explorer, device ID 4
fdc0: <floppy drive controller (FDE)> port 0x3f2-0x3f5,0x3f7 irq 6 drq 2 on acpi0
fdc0: does not respond
device_attach: fdc0 attach returned 6
uart0: <16550 or compatible> port 0x3f8-0x3ff irq 4 flags 0x10 on acpi0
orm0: <ISA Option ROM> at iomem 0xeb000-0xeffff pnpid ORM0000 on isa0
vga0: <Generic ISA VGA> at port 0x3c0-0x3df iomem 0xa0000-0xbffff pnpid PNP0900 on isa0
attimer0: <AT timer> at port 0x40 on isa0
Timecounter "i8254" frequency 1193182 Hz quality 0
Event timer "i8254" frequency 1193182 Hz quality 100
attimer0: non-PNP ISA device will be removed from GENERIC in FreeBSD 12.
fdc0: No FDOUT register!
Timecounters tick every 10.000 msec
hdacc0: <Generic (0x1af40022) HDA CODEC> at cad 0 on hdac0
hdaa0: <Generic (0x1af40022) Audio Function Group> at nid 1 on hdacc0
pcm0: <Generic (0x1af40022) (Analog)> at nid 3 and 5 on hdaa0
usbus0: 12Mbps Full Speed USB v1.0
usbus1: 12Mbps Full Speed USB v1.0
usbus2: 12Mbps Full Speed USB v1.0
usbus3: 480Mbps High Speed USB v2.0
ugen1.1: <Intel UHCI root HUB> at usbus1
uhub0: <Intel UHCI root HUB, class 9/0, rev 1.00/1.00, addr 1> on usbus1
ugen0.1: <Intel UHCI root HUB> at usbus0
uhub1: <Intel UHCI root HUB, class 9/0, rev 1.00/1.00, addr 1> on usbus0
ugen3.1: <Intel EHCI root HUB> at usbus3
uhub2: <Intel EHCI root HUB, class 9/0, rev 2.00/1.00, addr 1> on usbus3
ugen2.1: <Intel UHCI root HUB> at usbus2
uhub3: <Intel UHCI root HUB, class 9/0, rev 1.00/1.00, addr 1> on usbus2
Trying to mount root from ufs:/dev/gpt/rootfs [rw]...
WARNING: / was not properly dismounted
Setting hostuuid: e65952da-a7e3-43b1-ba10-6eea2a917e11.
Setting hostid: 0x2124c55c.
Starting file system checks:
uhub0: 2 ports with 2 removable, self powered
uhub1: 2 ports with 2 removable, self powered
uhub3: 2 ports with 2 removable, self powered
uhub2: 6 ports with 6 removable, self powered
ugen3.2: <SanDisk Cruzer Blade> at usbus3
umass0 on uhub2
umass0: <SanDisk Cruzer Blade, class 0/0, rev 2.10/1.00, addr 2> on usbus3
umass0:  SCSI over Bulk-Only; quirks = 0x8100
umass0:2:0: Attached to scbus2
da0 at umass-sim0 bus 0 scbus2 target 0 lun 0
da0: <SanDisk Cruzer Blade 1.00> Removable Direct Access SPC-4 SCSI device
da0: Serial Number 4C530001300823113032
da0: 40.000MB/s transfers
da0: 29952MB (61341696 512 byte sectors)
da0: quirks=0x2<NO_6_BYTE>
GEOM: da0: the primary GPT table is corrupt or invalid.
GEOM: da0: using the secondary instead -- recovery strongly advised.
panic: vm_fault_hold: fault on nofault entry, addr: 0xfffffe0000eb4000
cpuid = 0
time = 1582344138
KDB: stack backtrace:
#0 0xffffffff80c1d297 at kdb_backtrace+0x67
#1 0xffffffff80bd05cd at vpanic+0x19d
#2 0xffffffff80bd0423 at panic+0x43
#3 0xffffffff80f0d549 at vm_fault_hold+0x26b9
#4 0xffffffff80f0ae40 at vm_fault+0x60
#5 0xffffffff810a7e94 at trap_pfault+0x164
#6 0xffffffff810a736f at trap+0x29f
#7 0xffffffff81081a0c at calltrap+0x8
#8 0xffffffff80b21407 at g_label_ufs_taste_common+0x57
#9 0xffffffff80b1f7ae at g_label_taste+0x33e
#10 0xffffffff80b1de9a at g_new_provider_event+0xca
#11 0xffffffff80b18f76 at g_run_events+0x156
#12 0xffffffff80b90c23 at fork_exit+0x83
#13 0xffffffff81082a4e at fork_trampoline+0xe
Uptime: 6s
(da0:umass-sim0:0:0:0): SYNCHRONIZE CACHE(10). CDB: 35 00 00 00 00 00 00 00 00 00 
(da0:umass-sim0:0:0:0): CAM status: Command timeout
(da0:umass-sim0:0:0:0): Error 5, Retries exhausted
(da0:umass-sim0:0:0:0): Synchronize cache failed
Dumping 77 out of 473 MB:..21%..42%..62%..83%
Dump complete
Automatic reboot in 15 seconds - press a key on the console to abort
--> Press a key on the console to reboot,
--> or switch off the system now.
Rebooting...
---<<BOOT>>---
Copyright (c) 1992-2019 The FreeBSD Project.
Copyright (c) 1979, 1980, 1983, 1986, 1988, 1989, 1991, 1992, 1993, 1994
	The Regents of the University of California. All rights reserved.
FreeBSD is a registered trademark of The FreeBSD Foundation.
FreeBSD 12.1-RELEASE r354233 GENERIC amd64
FreeBSD clang version 8.0.1 (tags/RELEASE_801/final 366581) (based on LLVM 8.0.1)
VT(vga): text 80x25
CPU: Intel Core Processor (Skylake, IBRS) (2903.88-MHz K8-class CPU)
  Origin="GenuineIntel"  Id=0x506e3  Family=0x6  Model=0x5e  Stepping=3
  Features=0xf83fbff<FPU,VME,DE,PSE,TSC,MSR,PAE,MCE,CX8,APIC,SEP,MTRR,PGE,MCA,CMOV,PAT,PSE36,MMX,FXSR,SSE,SSE2,SS>
  Features2=0xfffa3223<SSE3,PCLMULQDQ,VMX,SSSE3,FMA,CX16,PCID,SSE4.1,SSE4.2,x2APIC,MOVBE,POPCNT,TSCDLT,AESNI,XSAVE,OSXSAVE,AVX,F16C,RDRAND,HV>
  AMD Features=0x2c100800<SYSCALL,NX,Page1GB,RDTSCP,LM>
  AMD Features2=0x121<LAHF,ABM,Prefetch>
  Structured Extended Features=0x9c0fbb<FSGSBASE,TSCADJ,BMI1,HLE,AVX2,SMEP,BMI2,ERMS,INVPCID,RTM,RDSEED,ADX,SMAP,CLFLUSHOPT>
  Structured Extended Features2=0x4<UMIP>
  Structured Extended Features3=0xac000400<MD_CLEAR,IBPB,STIBP,ARCH_CAP,SSBD>
  XSAVE Features=0xf<XSAVEOPT,XSAVEC,XINUSE,XSAVES>
  IA32_ARCH_CAPS=0x8<SKIP_L1DFL_VME>
  AMD Extended Feature Extensions ID EBX=0x1001000
  VT-x: PAT,HLT,MTF,PAUSE,EPT,UG,VPID
Hypervisor: Origin = "KVMKVMKVM"
real memory  = 536870912 (512 MB)
avail memory = 478617600 (456 MB)
Event timer "LAPIC" quality 600
ACPI APIC Table: <BOCHS  BXPCAPIC>
random: unblocking device.
ioapic0 <Version 1.1> irqs 0-23 on motherboard
Timecounter "TSC-low" frequency 1451939901 Hz quality 800
random: entropy device external interface
kbd1 at kbdmux0
000.000022 [4335] netmap_init               netmap: loaded module
[ath_hal] loaded
module_register_init: MOD_LOAD (vesa, 0xffffffff8112e050, 0) error 19
random: registering fast source Intel Secure Key RNG
random: fast provider: "Intel Secure Key RNG"
nexus0
vtvga0: <VT VGA driver> on motherboard
cryptosoft0: <software crypto> on motherboard
acpi0: <BOCHS BXPCRSDT> on motherboard
acpi0: Power Button (fixed)
cpu0: <ACPI CPU> on acpi0
atrtc0: <AT realtime clock> port 0x70-0x71,0x72-0x77 irq 8 on acpi0
atrtc0: registered as a time-of-day clock, resolution 1.000000s
Event timer "RTC" frequency 32768 Hz quality 0
Timecounter "ACPI-fast" frequency 3579545 Hz quality 900
acpi_timer0: <24-bit timer at 3.579545MHz> port 0x608-0x60b on acpi0
pcib0: <ACPI Host-PCI bridge> port 0xcf8-0xcff on acpi0
pci0: <ACPI PCI bus> on pcib0
isab0: <PCI-ISA bridge> at device 1.0 on pci0
isa0: <ISA bus> on isab0
atapci0: <Intel PIIX3 WDMA2 controller> port 0x1f0-0x1f7,0x3f6,0x170-0x177,0x376,0xc1a0-0xc1af at device 1.1 on pci0
ata0: <ATA channel> at channel 0 on atapci0
ata1: <ATA channel> at channel 1 on atapci0
pci0: <bridge> at device 1.3 (no driver attached)
vgapci0: <VGA-compatible display> port 0xc100-0xc11f mem 0xf4000000-0xf7ffffff,0xf8000000-0xfbffffff,0xfc094000-0xfc095fff irq 10 at device 2.0 on pci0
vgapci0: Boot video device
virtio_pci0: <VirtIO PCI Network adapter> port 0xc120-0xc13f mem 0xfc096000-0xfc096fff,0xfebf0000-0xfebf3fff irq 11 at device 3.0 on pci0
vtnet0: <VirtIO Networking Adapter> on virtio_pci0
vtnet0: Ethernet address: 52:54:00:66:82:5f
vtnet0: netmap queues/slots: TX 1/256, RX 1/128
000.000757 [ 503] vtnet_netmap_attach       vtnet attached txq=1, txd=256 rxq=1, rxd=128
hdac0: <Intel 82801F HDA Controller> mem 0xfc090000-0xfc093fff irq 11 at device 4.0 on pci0
uhci0: <Intel 82801I (ICH9) USB controller> port 0xc140-0xc15f irq 10 at device 5.0 on pci0
usbus0 on uhci0
uhci1: <Intel 82801I (ICH9) USB controller> port 0xc160-0xc17f irq 10 at device 5.1 on pci0
usbus1 on uhci1
uhci2: <Intel 82801I (ICH9) USB controller> port 0xc180-0xc19f irq 11 at device 5.2 on pci0
usbus2 on uhci2
ehci0: <Intel 82801I (ICH9) USB 2.0 controller> mem 0xfc097000-0xfc097fff irq 11 at device 5.7 on pci0
usbus3: EHCI version 1.0
usbus3 on ehci0
virtio_pci1: <VirtIO PCI Console adapter> port 0xc080-0xc0bf mem 0xfc098000-0xfc098fff,0xfebf4000-0xfebf7fff irq 10 at device 6.0 on pci0
virtio_pci2: <VirtIO PCI Block adapter> port 0xc000-0xc07f mem 0xfc099000-0xfc099fff,0xfebf8000-0xfebfbfff irq 11 at device 7.0 on pci0
vtblk0: <VirtIO Block Adapter> on virtio_pci2
vtblk0: 14336MB (29360256 512 byte sectors)
virtio_pci3: <VirtIO PCI Balloon adapter> port 0xc0c0-0xc0ff mem 0xfebfc000-0xfebfffff irq 11 at device 8.0 on pci0
vtballoon0: <VirtIO Balloon Adapter> on virtio_pci3
acpi_syscontainer0: <System Container> on acpi0
acpi_syscontainer1: <System Container> port 0xaf00-0xaf0b on acpi0
acpi_syscontainer2: <System Container> port 0xafe0-0xafe3 on acpi0
acpi_syscontainer3: <System Container> port 0xae00-0xae13 on acpi0
atkbdc0: <Keyboard controller (i8042)> port 0x60,0x64 irq 1 on acpi0
atkbd0: <AT Keyboard> irq 1 on atkbdc0
kbd0 at atkbd0
atkbd0: [GIANT-LOCKED]
psm0: <PS/2 Mouse> irq 12 on atkbdc0
psm0: [GIANT-LOCKED]
psm0: model IntelliMouse Explorer, device ID 4
fdc0: <floppy drive controller (FDE)> port 0x3f2-0x3f5,0x3f7 irq 6 drq 2 on acpi0
fdc0: does not respond
device_attach: fdc0 attach returned 6
uart0: <16550 or compatible> port 0x3f8-0x3ff irq 4 flags 0x10 on acpi0
orm0: <ISA Option ROM> at iomem 0xeb800-0xeffff pnpid ORM0000 on isa0
vga0: <Generic ISA VGA> at port 0x3c0-0x3df iomem 0xa0000-0xbffff pnpid PNP0900 on isa0
attimer0: <AT timer> at port 0x40 on isa0
Timecounter "i8254" frequency 1193182 Hz quality 0
Event timer "i8254" frequency 1193182 Hz quality 100
attimer0: non-PNP ISA device will be removed from GENERIC in FreeBSD 12.
fdc0: No FDOUT register!
Timecounters tick every 10.000 msec
hdacc0: <Generic (0x1af40022) HDA CODEC> at cad 0 on hdac0
hdaa0: <Generic (0x1af40022) Audio Function Group> at nid 1 on hdacc0
pcm0: <Generic (0x1af40022) (Analog)> at nid 3 and 5 on hdaa0
usbus0: 12Mbps Full Speed USB v1.0
usbus1: 12Mbps Full Speed USB v1.0
usbus2: 12Mbps Full Speed USB v1.0
usbus3: 480Mbps High Speed USB v2.0
ugen1.1: <Intel UHCI root HUB> at usbus1
uhub0: <Intel UHCI root HUB, class 9/0, rev 1.00/1.00, addr 1> on usbus1
ugen0.1: <Intel UHCI root HUB> at usbus0
uhub1: <Intel UHCI root HUB, class 9/0, rev 1.00/1.00, addr 1> on usbus0
ugen3.1: <Intel EHCI root HUB> at usbus3
uhub2: <Intel EHCI root HUB, class 9/0, rev 2.00/1.00, addr 1> on usbus3
ugen2.1: <Intel UHCI root HUB> at usbus2
uhub3: <Intel UHCI root HUB, class 9/0, rev 1.00/1.00, addr 1> on usbus2
Trying to mount root from ufs:/dev/gpt/rootfs [rw]...
WARNING: / was not properly dismounted
Setting hostuuid: e65952da-a7e3-43b1-ba10-6eea2a917e11.
Setting hostid: 0x2124c55c.
Starting file system checks:
uhub0: 2 ports with 2 removable, self powered
uhub1: 2 ports with 2 removable, self powered
uhub3: 2 ports with 2 removable, self powered
uhub2: 6 ports with 6 removable, self powered
/dev/gpt/rootfs: LINK COUNT DIR I=80260  OWNER=root MODE=41777
/dev/gpt/rootfs: SIZE=1024 MTIME=Feb 22 03:59 2020  COUNT 32 SHOULD BE 28 (ADJUSTED)
/dev/gpt/rootfs: UNREF DIR I=806557  OWNER=root MODE=41777
/dev/gpt/rootfs: SIZE=512 MTIME=Feb 22 03:59 2020  (CLEARED)
/dev/gpt/rootfs: UNREF DIR I=806558  OWNER=root MODE=41777
/dev/gpt/rootfs: SIZE=512 MTIME=Feb 22 03:59 2020  (CLEARED)
/dev/gpt/rootfs: UNREF DIR I=806559  OWNER=root MODE=41777
/dev/gpt/rootfs: SIZE=512 MTIME=Feb 22 03:59 2020  (CLEARED)
/dev/gpt/rootfs: UNREF DIR I=806560  OWNER=root MODE=41777
/dev/gpt/rootfs: SIZE=512 MTIME=Feb 22 03:59 2020  (CLEARED)
/dev/gpt/rootfs: FREE BLK COUNT(S) WRONG IN SUPERBLK (SALVAGED)
/dev/gpt/rootfs: SUMMARY INFORMATION BAD (SALVAGED)
/dev/gpt/rootfs: BLK(S) MISSING IN BIT MAPS (SALVAGED)
/dev/gpt/rootfs: 78963 files, 1499393 used, 1797750 free (9470 frags, 223535 blocks, 0.3% fragmentation)
Mounting local filesystems:.
ELF ldconfig path: /lib /usr/lib /usr/lib/compat /usr/local/lib /usr/local/lib/e2fsprogs /usr/local/lib/perl5/5.30/mach/CORE
32-bit compatibility ldconfig path: /usr/lib32
Setting hostname: freebsd.
Setting up harvesting: PURE_RDRAND,[UMA],[FS_ATIME],SWI,INTERRUPT,NET_NG,NET_ETHER,NET_TUN,MOUSE,KEYBOARD,ATTACH,CACHED
Feeding entropy: .
lo0: link state changed to UP
vtnet0: link state changed to UP
Starting Network: lo0 vtnet0.
lo0: flags=8049<UP,LOOPBACK,RUNNING,MULTICAST> metric 0 mtu 16384
	options=680003<RXCSUM,TXCSUM,LINKSTATE,RXCSUM_IPV6,TXCSUM_IPV6>
	inet6 ::1 prefixlen 128
	inet6 fe80::1%lo0 prefixlen 64 scopeid 0x2
	inet 127.0.0.1 netmask 0xff000000
	groups: lo
	nd6 options=23<PERFORMNUD,ACCEPT_RTADV,AUTO_LINKLOCAL>
vtnet0: flags=8843<UP,BROADCAST,RUNNING,SIMPLEX,MULTICAST> metric 0 mtu 1500
	options=6c07bb<RXCSUM,TXCSUM,VLAN_MTU,VLAN_HWTAGGING,JUMBO_MTU,VLAN_HWCSUM,TSO4,TSO6,LRO,VLAN_HWTSO,LINKSTATE,RXCSUM_IPV6,TXCSUM_IPV6>
	ether 52:54:00:66:82:5f
	inet6 fe80::5054:ff:fe66:825f%vtnet0 prefixlen 64 scopeid 0x1
	media: Ethernet 10Gbase-T <full-duplex>
	status: active
	nd6 options=23<PERFORMNUD,ACCEPT_RTADV,AUTO_LINKLOCAL>
Starting devd.
Autoloading module: intpm.ko
intsmb0: <Intel PIIX4 SMBUS Interface> irq 9 at device 1.3 on pci0
intsmb0: intr IRQ 9 enabled revision 0
smbus0: <System Management Bus> on intsmb0
Starting dhclient.
DHCPREQUEST on vtnet0 to 255.255.255.255 port 67
DHCPACK from 192.168.122.1
bound to 192.168.122.205 -- renewal in 1800 seconds.
add host 127.0.0.1: gateway lo0 fib 0: route already in table
add host ::1: gateway lo0 fib 0: route already in table
add net fe80::: gateway ::1
add net ff02::: gateway ::1
add net ::ffff:0.0.0.0: gateway ::1
add net ::0.0.0.0: gateway ::1
Creating and/or trimming log files.
Starting syslogd.
savecore 597 - - reboot after panic: vm_fault_hold: fault on nofault entry, addr: 0xfffffe0000eb4000
Feb 22 04:03:27 freebsd savecore[597]: reboot after panic: vm_fault_hold: fault on nofault entry, addr: 0xfffffe0000eb4000
savecore 597 - - writing core to /var/crash/vmcore.8
Writing crash summary to /var/crash/core.txt.8.
Starting automountd.
Starting autounmountd.
Clearing /tmp (X related).
Mounting late filesystems:.
Updating motd:.
Configuring vt: blanktime.
Performing sanity check on sshd configuration.
Starting sshd.
Starting sendmail_submit.
Feb 22 04:03:39 freebsd sm-mta[783]: My unqualified host name (freebsd) unknown; sleeping for retry
Feb 22 04:04:39 freebsd sm-mta[783]: unable to qualify my own domain name (freebsd) -- using short name
Starting sendmail_msp_queue.
Feb 22 04:04:39 freebsd sm-msp-queue[786]: My unqualified host name (freebsd) unknown; sleeping for retry
Feb 22 04:05:39 freebsd sm-msp-queue[786]: unable to qualify my own domain name (freebsd) -- using short name
Starting cron.
Starting background file system checks in 60 seconds.

Sat Feb 22 04:05:39 UTC 2020
ugen3.2: <SanDisk Cruzer Blade> at usbus3
umass0 on uhub2
umass0: <SanDisk Cruzer Blade, class 0/0, rev 2.10/1.00, addr 2> on usbus3
umass0:  SCSI over Bulk-Only; quirks = 0x8100
umass0:2:0: Attached to scbus2
da0 at umass-sim0 bus 0 scbus2 target 0 lun 0
da0: <SanDisk Cruzer Blade 1.00> Removable Direct Access SPC-4 SCSI device
da0: Serial Number 4C530001300823113032
da0: 40.000MB/s transfers
da0: 29952MB (61341696 512 byte sectors)
da0: quirks=0x2<NO_6_BYTE>
GEOM: da0: the primary GPT table is corrupt or invalid.
GEOM: da0: using the secondary instead -- recovery strongly advised.
GEOM: diskid/DISK-4C530001300823113032: the primary GPT table is corrupt or invalid.
GEOM: diskid/DISK-4C530001300823113032: using the secondary instead -- recovery strongly advised.
Feb 22 04:06:18 freebsd login[841]: ROOT LOGIN (root) ON ttyv0
ugen3.2: <SanDisk Cruzer Blade> at usbus3 (disconnected)
umass0: at uhub2, port 2, addr 2 (disconnected)
da0 at umass-sim0 bus 0 scbus2 target 0 lun 0
da0: <SanDisk Cruzer Blade 1.00>  s/n 4C530001300823113032 detached
(da0:umass-sim0:0:0:0): Periph destroyed
umass0: detached
ugen3.2: <SanDisk Cruzer Blade> at usbus3
umass0 on uhub2
umass0: <SanDisk Cruzer Blade, class 0/0, rev 2.10/1.00, addr 2> on usbus3
umass0:  SCSI over Bulk-Only; quirks = 0x8100
umass0:2:0: Attached to scbus2
da0 at umass-sim0 bus 0 scbus2 target 0 lun 0
da0: <SanDisk Cruzer Blade 1.00> Removable Direct Access SPC-4 SCSI device
da0: Serial Number 4C530001300823113032
da0: 40.000MB/s transfers
da0: 29952MB (61341696 512 byte sectors)
da0: quirks=0x2<NO_6_BYTE>
GEOM: da0: the primary GPT table is corrupt or invalid.
GEOM: da0: using the secondary instead -- recovery strongly advised.
panic: vm_fault_hold: fault on nofault entry, addr: 0xfffffe000063b000
cpuid = 0
time = 1582344392
KDB: stack backtrace:
#0 0xffffffff80c1d297 at kdb_backtrace+0x67
#1 0xffffffff80bd05cd at vpanic+0x19d
#2 0xffffffff80bd0423 at panic+0x43
#3 0xffffffff80f0d549 at vm_fault_hold+0x26b9
#4 0xffffffff80f0ae40 at vm_fault+0x60
#5 0xffffffff810a7e94 at trap_pfault+0x164
#6 0xffffffff810a736f at trap+0x29f
#7 0xffffffff81081a0c at calltrap+0x8
#8 0xffffffff80b21407 at g_label_ufs_taste_common+0x57
#9 0xffffffff80b1f7ae at g_label_taste+0x33e
#10 0xffffffff80b1de9a at g_new_provider_event+0xca
#11 0xffffffff80b18f76 at g_run_events+0x156
#12 0xffffffff80b90c23 at fork_exit+0x83
#13 0xffffffff81082a4e at fork_trampoline+0xe
Uptime: 3m43s
(da0:umass-sim0:0:0:0): SYNCHRONIZE CACHE(10). CDB: 35 00 00 00 00 00 00 00 00 00 
(da0:umass-sim0:0:0:0): CAM status: Command timeout
(da0:umass-sim0:0:0:0): Error 5, Retries exhausted
(da0:umass-sim0:0:0:0): Synchronize cache failed
Dumping 84 out of 473 MB:..19%..38%..57%..76%..95%
Dump complete
Automatic reboot in 15 seconds - press a key on the console to abort
Rebooting...
---<<BOOT>>---
Copyright (c) 1992-2019 The FreeBSD Project.
Copyright (c) 1979, 1980, 1983, 1986, 1988, 1989, 1991, 1992, 1993, 1994
	The Regents of the University of California. All rights reserved.
FreeBSD is a registered trademark of The FreeBSD Foundation.
FreeBSD 12.1-RELEASE r354233 GENERIC amd64
FreeBSD clang version 8.0.1 (tags/RELEASE_801/final 366581) (based on LLVM 8.0.1)
VT(vga): text 80x25
CPU: Intel Core Processor (Skylake, IBRS) (2903.93-MHz K8-class CPU)
  Origin="GenuineIntel"  Id=0x506e3  Family=0x6  Model=0x5e  Stepping=3
  Features=0xf83fbff<FPU,VME,DE,PSE,TSC,MSR,PAE,MCE,CX8,APIC,SEP,MTRR,PGE,MCA,CMOV,PAT,PSE36,MMX,FXSR,SSE,SSE2,SS>
  Features2=0xfffa3223<SSE3,PCLMULQDQ,VMX,SSSE3,FMA,CX16,PCID,SSE4.1,SSE4.2,x2APIC,MOVBE,POPCNT,TSCDLT,AESNI,XSAVE,OSXSAVE,AVX,F16C,RDRAND,HV>
  AMD Features=0x2c100800<SYSCALL,NX,Page1GB,RDTSCP,LM>
  AMD Features2=0x121<LAHF,ABM,Prefetch>
  Structured Extended Features=0x9c0fbb<FSGSBASE,TSCADJ,BMI1,HLE,AVX2,SMEP,BMI2,ERMS,INVPCID,RTM,RDSEED,ADX,SMAP,CLFLUSHOPT>
  Structured Extended Features2=0x4<UMIP>
  Structured Extended Features3=0xac000400<MD_CLEAR,IBPB,STIBP,ARCH_CAP,SSBD>
  XSAVE Features=0xf<XSAVEOPT,XSAVEC,XINUSE,XSAVES>
  IA32_ARCH_CAPS=0x8<SKIP_L1DFL_VME>
  AMD Extended Feature Extensions ID EBX=0x1001000
  VT-x: PAT,HLT,MTF,PAUSE,EPT,UG,VPID
Hypervisor: Origin = "KVMKVMKVM"
real memory  = 536870912 (512 MB)
avail memory = 478617600 (456 MB)
Event timer "LAPIC" quality 600
ACPI APIC Table: <BOCHS  BXPCAPIC>
random: unblocking device.
ioapic0 <Version 1.1> irqs 0-23 on motherboard
Timecounter "TSC-low" frequency 1451965706 Hz quality 800
random: entropy device external interface
kbd1 at kbdmux0
000.000022 [4335] netmap_init               netmap: loaded module
[ath_hal] loaded
module_register_init: MOD_LOAD (vesa, 0xffffffff8112e050, 0) error 19
random: registering fast source Intel Secure Key RNG
random: fast provider: "Intel Secure Key RNG"
nexus0
vtvga0: <VT VGA driver> on motherboard
cryptosoft0: <software crypto> on motherboard
acpi0: <BOCHS BXPCRSDT> on motherboard
acpi0: Power Button (fixed)
cpu0: <ACPI CPU> on acpi0
atrtc0: <AT realtime clock> port 0x70-0x71,0x72-0x77 irq 8 on acpi0
atrtc0: registered as a time-of-day clock, resolution 1.000000s
Event timer "RTC" frequency 32768 Hz quality 0
Timecounter "ACPI-fast" frequency 3579545 Hz quality 900
acpi_timer0: <24-bit timer at 3.579545MHz> port 0x608-0x60b on acpi0
pcib0: <ACPI Host-PCI bridge> port 0xcf8-0xcff on acpi0
pci0: <ACPI PCI bus> on pcib0
isab0: <PCI-ISA bridge> at device 1.0 on pci0
isa0: <ISA bus> on isab0
atapci0: <Intel PIIX3 WDMA2 controller> port 0x1f0-0x1f7,0x3f6,0x170-0x177,0x376,0xc1a0-0xc1af at device 1.1 on pci0
ata0: <ATA channel> at channel 0 on atapci0
ata1: <ATA channel> at channel 1 on atapci0
pci0: <bridge> at device 1.3 (no driver attached)
vgapci0: <VGA-compatible display> port 0xc100-0xc11f mem 0xf4000000-0xf7ffffff,0xf8000000-0xfbffffff,0xfc094000-0xfc095fff irq 10 at device 2.0 on pci0
vgapci0: Boot video device
virtio_pci0: <VirtIO PCI Network adapter> port 0xc120-0xc13f mem 0xfc096000-0xfc096fff,0xfebf0000-0xfebf3fff irq 11 at device 3.0 on pci0
vtnet0: <VirtIO Networking Adapter> on virtio_pci0
vtnet0: Ethernet address: 52:54:00:66:82:5f
vtnet0: netmap queues/slots: TX 1/256, RX 1/128
000.000757 [ 503] vtnet_netmap_attach       vtnet attached txq=1, txd=256 rxq=1, rxd=128
hdac0: <Intel 82801F HDA Controller> mem 0xfc090000-0xfc093fff irq 11 at device 4.0 on pci0
uhci0: <Intel 82801I (ICH9) USB controller> port 0xc140-0xc15f irq 10 at device 5.0 on pci0
usbus0 on uhci0
uhci1: <Intel 82801I (ICH9) USB controller> port 0xc160-0xc17f irq 10 at device 5.1 on pci0
usbus1 on uhci1
uhci2: <Intel 82801I (ICH9) USB controller> port 0xc180-0xc19f irq 11 at device 5.2 on pci0
usbus2 on uhci2
ehci0: <Intel 82801I (ICH9) USB 2.0 controller> mem 0xfc097000-0xfc097fff irq 11 at device 5.7 on pci0
usbus3: EHCI version 1.0
usbus3 on ehci0
virtio_pci1: <VirtIO PCI Console adapter> port 0xc080-0xc0bf mem 0xfc098000-0xfc098fff,0xfebf4000-0xfebf7fff irq 10 at device 6.0 on pci0
virtio_pci2: <VirtIO PCI Block adapter> port 0xc000-0xc07f mem 0xfc099000-0xfc099fff,0xfebf8000-0xfebfbfff irq 11 at device 7.0 on pci0
vtblk0: <VirtIO Block Adapter> on virtio_pci2
vtblk0: 14336MB (29360256 512 byte sectors)
virtio_pci3: <VirtIO PCI Balloon adapter> port 0xc0c0-0xc0ff mem 0xfebfc000-0xfebfffff irq 11 at device 8.0 on pci0
vtballoon0: <VirtIO Balloon Adapter> on virtio_pci3
acpi_syscontainer0: <System Container> on acpi0
acpi_syscontainer1: <System Container> port 0xaf00-0xaf0b on acpi0
acpi_syscontainer2: <System Container> port 0xafe0-0xafe3 on acpi0
acpi_syscontainer3: <System Container> port 0xae00-0xae13 on acpi0
atkbdc0: <Keyboard controller (i8042)> port 0x60,0x64 irq 1 on acpi0
atkbd0: <AT Keyboard> irq 1 on atkbdc0
kbd0 at atkbd0
atkbd0: [GIANT-LOCKED]
psm0: <PS/2 Mouse> irq 12 on atkbdc0
psm0: [GIANT-LOCKED]
psm0: model IntelliMouse Explorer, device ID 4
fdc0: <floppy drive controller (FDE)> port 0x3f2-0x3f5,0x3f7 irq 6 drq 2 on acpi0
fdc0: does not respond
device_attach: fdc0 attach returned 6
uart0: <16550 or compatible> port 0x3f8-0x3ff irq 4 flags 0x10 on acpi0
orm0: <ISA Option ROM> at iomem 0xeb000-0xeffff pnpid ORM0000 on isa0
vga0: <Generic ISA VGA> at port 0x3c0-0x3df iomem 0xa0000-0xbffff pnpid PNP0900 on isa0
attimer0: <AT timer> at port 0x40 on isa0
Timecounter "i8254" frequency 1193182 Hz quality 0
Event timer "i8254" frequency 1193182 Hz quality 100
attimer0: non-PNP ISA device will be removed from GENERIC in FreeBSD 12.
fdc0: No FDOUT register!
Timecounters tick every 10.000 msec
hdacc0: <Generic (0x1af40022) HDA CODEC> at cad 0 on hdac0
hdaa0: <Generic (0x1af40022) Audio Function Group> at nid 1 on hdacc0
pcm0: <Generic (0x1af40022) (Analog)> at nid 3 and 5 on hdaa0
usbus0: 12Mbps Full Speed USB v1.0
usbus1: 12Mbps Full Speed USB v1.0
usbus2: 12Mbps Full Speed USB v1.0
usbus3: 480Mbps High Speed USB v2.0
ugen1.1: <Intel UHCI root HUB> at usbus1
uhub0: <Intel UHCI root HUB, class 9/0, rev 1.00/1.00, addr 1> on usbus1
ugen0.1: <Intel UHCI root HUB> at usbus0
uhub1: <Intel UHCI root HUB, class 9/0, rev 1.00/1.00, addr 1> on usbus0
ugen3.1: <Intel EHCI root HUB> at usbus3
uhub2: <Intel EHCI root HUB, class 9/0, rev 2.00/1.00, addr 1> on usbus3
ugen2.1: <Intel UHCI root HUB> at usbus2
uhub3: <Intel UHCI root HUB, class 9/0, rev 1.00/1.00, addr 1> on usbus2
Trying to mount root from ufs:/dev/gpt/rootfs [rw]...
WARNING: / was not properly dismounted
Setting hostuuid: e65952da-a7e3-43b1-ba10-6eea2a917e11.
Setting hostid: 0x2124c55c.
Starting file system checks:
uhub0: 2 ports with 2 removable, self powered
uhub1: 2 ports with 2 removable, self powered
uhub3: 2 ports with 2 removable, self powered
uhub2: 6 ports with 6 removable, self powered
/dev/gpt/rootfs: UNREF FILE I=162996  OWNER=smmsp MODE=100600
/dev/gpt/rootfs: SIZE=49 MTIME=Feb 22 04:06 2020  (CLEARED)
/dev/gpt/rootfs: UNREF FILE I=163000  OWNER=root MODE=100600
/dev/gpt/rootfs: SIZE=3 MTIME=Feb 22 04:06 2020  (CLEARED)
/dev/gpt/rootfs: FREE BLK COUNT(S) WRONG IN SUPERBLK (SALVAGED)
/dev/gpt/rootfs: SUMMARY INFORMATION BAD (SALVAGED)
/dev/gpt/rootfs: BLK(S) MISSING IN BIT MAPS (SALVAGED)
/dev/gpt/rootfs: 78966 files, 1497875 used, 1799268 free (9468 frags, 223725 blocks, 0.3% fragmentation)
Mounting local filesystems:.
ELF ldconfig path: /lib /usr/lib /usr/lib/compat /usr/local/lib /usr/local/lib/e2fsprogs /usr/local/lib/perl5/5.30/mach/CORE
32-bit compatibility ldconfig path: /usr/lib32
Setting hostname: freebsd.
Setting up harvesting: PURE_RDRAND,[UMA],[FS_ATIME],SWI,INTERRUPT,NET_NG,NET_ETHER,NET_TUN,MOUSE,KEYBOARD,ATTACH,CACHED
Feeding entropy: .
lo0: link state changed to UP
vtnet0: link state changed to UP
Starting Network: lo0 vtnet0.
lo0: flags=8049<UP,LOOPBACK,RUNNING,MULTICAST> metric 0 mtu 16384
	options=680003<RXCSUM,TXCSUM,LINKSTATE,RXCSUM_IPV6,TXCSUM_IPV6>
	inet6 ::1 prefixlen 128
	inet6 fe80::1%lo0 prefixlen 64 scopeid 0x2
	inet 127.0.0.1 netmask 0xff000000
	groups: lo
	nd6 options=23<PERFORMNUD,ACCEPT_RTADV,AUTO_LINKLOCAL>
vtnet0: flags=8843<UP,BROADCAST,RUNNING,SIMPLEX,MULTICAST> metric 0 mtu 1500
	options=6c07bb<RXCSUM,TXCSUM,VLAN_MTU,VLAN_HWTAGGING,JUMBO_MTU,VLAN_HWCSUM,TSO4,TSO6,LRO,VLAN_HWTSO,LINKSTATE,RXCSUM_IPV6,TXCSUM_IPV6>
	ether 52:54:00:66:82:5f
	inet6 fe80::5054:ff:fe66:825f%vtnet0 prefixlen 64 scopeid 0x1
	media: Ethernet 10Gbase-T <full-duplex>
	status: active
	nd6 options=23<PERFORMNUD,ACCEPT_RTADV,AUTO_LINKLOCAL>
Starting devd.
Autoloading module: intpm.ko
intsmb0: <Intel PIIX4 SMBUS Interface> irq 9 at device 1.3 on pci0
intsmb0: intr IRQ 9 enabled revision 0
smbus0: <System Management Bus> on intsmb0
Starting dhclient.
DHCPREQUEST on vtnet0 to 255.255.255.255 port 67
DHCPACK from 192.168.122.1
bound to 192.168.122.205 -- renewal in 1800 seconds.
add host 127.0.0.1: gateway lo0 fib 0: route already in table
add host ::1: gateway lo0 fib 0: route already in table
add net fe80::: gateway ::1
add net ff02::: gateway ::1
add net ::ffff:0.0.0.0: gateway ::1
add net ::0.0.0.0: gateway ::1
Creating and/or trimming log files.
Starting syslogd.
savecore 595 - - reboot after panic: vm_fault_hold: fault on nofault entry, addr: 0xfffffe000063b000
Feb 22 04:07:50 freebsd savecore[595]: reboot after panic: vm_fault_hold: fault on nofault entry, addr: 0xfffffe000063b000
savecore 595 - - writing core to /var/crash/vmcore.9
Writing crash summary to /var/crash/core.txt.9.
Starting automountd.
Starting autounmountd.
Clearing /tmp (X related).
Mounting late filesystems:.
Updating motd:.
Configuring vt: blanktime.
Performing sanity check on sshd configuration.
Starting sshd.
Starting sendmail_submit.
Feb 22 04:08:07 freebsd sm-mta[781]: My unqualified host name (freebsd) unknown; sleeping for retry
Feb 22 04:09:07 freebsd sm-mta[781]: unable to qualify my own domain name (freebsd) -- using short name
Starting sendmail_msp_queue.
Feb 22 04:09:07 freebsd sm-msp-queue[784]: My unqualified host name (freebsd) unknown; sleeping for retry
Feb 22 04:10:07 freebsd sm-msp-queue[784]: unable to qualify my own domain name (freebsd) -- using short name
Starting cron.
Starting background file system checks in 60 seconds.

Sat Feb 22 04:10:07 UTC 2020
Feb 22 04:11:28 freebsd login[839]: ROOT LOGIN (root) ON ttyv0
Feb 22 04:16:40 freebsd sendmail[993]: My unqualified host name (freebsd) unknown; sleeping for retry
Feb 22 04:17:40 freebsd sendmail[993]: unable to qualify my own domain name (freebsd) -- using short name
ugen3.2: <SanDisk Cruzer Blade> at usbus3
umass0 on uhub2
umass0: <SanDisk Cruzer Blade, class 0/0, rev 2.10/1.00, addr 2> on usbus3
umass0:  SCSI over Bulk-Only; quirks = 0x8100
umass0:2:0: Attached to scbus2
da0 at umass-sim0 bus 0 scbus2 target 0 lun 0
da0: <SanDisk Cruzer Blade 1.00> Removable Direct Access SPC-4 SCSI device
da0: Serial Number 4C530001300823113032
da0: 40.000MB/s transfers
da0: 29952MB (61341696 512 byte sectors)
da0: quirks=0x2<NO_6_BYTE>
GEOM: da0: the primary GPT table is corrupt or invalid.
GEOM: da0: using the secondary instead -- recovery strongly advised.
panic: vm_fault_hold: fault on nofault entry, addr: 0xfffffe0000f81000
cpuid = 0
time = 1582345099
KDB: stack backtrace:
#0 0xffffffff80c1d297 at kdb_backtrace+0x67
#1 0xffffffff80bd05cd at vpanic+0x19d
#2 0xffffffff80bd0423 at panic+0x43
#3 0xffffffff80f0d549 at vm_fault_hold+0x26b9
#4 0xffffffff80f0ae40 at vm_fault+0x60
#5 0xffffffff810a7e94 at trap_pfault+0x164
#6 0xffffffff810a736f at trap+0x29f
#7 0xffffffff81081a0c at calltrap+0x8
#8 0xffffffff80ee34d0 at ffs_sbget+0x2f0
#9 0xffffffff80b21407 at g_label_ufs_taste_common+0x57
#10 0xffffffff80b1f7ae at g_label_taste+0x33e
#11 0xffffffff80b1de9a at g_new_provider_event+0xca
#12 0xffffffff80b18f76 at g_run_events+0x156
#13 0xffffffff80b90c23 at fork_exit+0x83
#14 0xffffffff81082a4e at fork_trampoline+0xe
Uptime: 11m1s
(da0:umass-sim0:0:0:0): SYNCHRONIZE CACHE(10). CDB: 35 00 00 00 00 00 00 00 00 00 
(da0:umass-sim0:0:0:0): CAM status: Command timeout
(da0:umass-sim0:0:0:0): Error 5, Retries exhausted
(da0:umass-sim0:0:0:0): Synchronize cache failed
Dumping 135 out of 473 MB:..12%..24%..36%..48%..60%..71%..83%..95%
Dump complete
Automatic reboot in 15 seconds - press a key on the console to abort
Rebooting...
---<<BOOT>>---
Copyright (c) 1992-2019 The FreeBSD Project.
Copyright (c) 1979, 1980, 1983, 1986, 1988, 1989, 1991, 1992, 1993, 1994
	The Regents of the University of California. All rights reserved.
FreeBSD is a registered trademark of The FreeBSD Foundation.
FreeBSD 12.1-RELEASE r354233 GENERIC amd64
FreeBSD clang version 8.0.1 (tags/RELEASE_801/final 366581) (based on LLVM 8.0.1)
VT(vga): text 80x25
CPU: Intel Core Processor (Skylake, IBRS) (2904.10-MHz K8-class CPU)
  Origin="GenuineIntel"  Id=0x506e3  Family=0x6  Model=0x5e  Stepping=3
  Features=0xf83fbff<FPU,VME,DE,PSE,TSC,MSR,PAE,MCE,CX8,APIC,SEP,MTRR,PGE,MCA,CMOV,PAT,PSE36,MMX,FXSR,SSE,SSE2,SS>
  Features2=0xfffa3223<SSE3,PCLMULQDQ,VMX,SSSE3,FMA,CX16,PCID,SSE4.1,SSE4.2,x2APIC,MOVBE,POPCNT,TSCDLT,AESNI,XSAVE,OSXSAVE,AVX,F16C,RDRAND,HV>
  AMD Features=0x2c100800<SYSCALL,NX,Page1GB,RDTSCP,LM>
  AMD Features2=0x121<LAHF,ABM,Prefetch>
  Structured Extended Features=0x9c0fbb<FSGSBASE,TSCADJ,BMI1,HLE,AVX2,SMEP,BMI2,ERMS,INVPCID,RTM,RDSEED,ADX,SMAP,CLFLUSHOPT>
  Structured Extended Features2=0x4<UMIP>
  Structured Extended Features3=0xac000400<MD_CLEAR,IBPB,STIBP,ARCH_CAP,SSBD>
  XSAVE Features=0xf<XSAVEOPT,XSAVEC,XINUSE,XSAVES>
  IA32_ARCH_CAPS=0x8<SKIP_L1DFL_VME>
  AMD Extended Feature Extensions ID EBX=0x1001000
  VT-x: PAT,HLT,MTF,PAUSE,EPT,UG,VPID
Hypervisor: Origin = "KVMKVMKVM"
real memory  = 536870912 (512 MB)
avail memory = 478617600 (456 MB)
Event timer "LAPIC" quality 600
ACPI APIC Table: <BOCHS  BXPCAPIC>
random: unblocking device.
ioapic0 <Version 1.1> irqs 0-23 on motherboard
Timecounter "TSC-low" frequency 1452052017 Hz quality 800
random: entropy device external interface
kbd1 at kbdmux0
000.000022 [4335] netmap_init               netmap: loaded module
[ath_hal] loaded
module_register_init: MOD_LOAD (vesa, 0xffffffff8112e050, 0) error 19
random: registering fast source Intel Secure Key RNG
random: fast provider: "Intel Secure Key RNG"
nexus0
vtvga0: <VT VGA driver> on motherboard
cryptosoft0: <software crypto> on motherboard
acpi0: <BOCHS BXPCRSDT> on motherboard
acpi0: Power Button (fixed)
cpu0: <ACPI CPU> on acpi0
atrtc0: <AT realtime clock> port 0x70-0x71,0x72-0x77 irq 8 on acpi0
atrtc0: registered as a time-of-day clock, resolution 1.000000s
Event timer "RTC" frequency 32768 Hz quality 0
Timecounter "ACPI-fast" frequency 3579545 Hz quality 900
acpi_timer0: <24-bit timer at 3.579545MHz> port 0x608-0x60b on acpi0
pcib0: <ACPI Host-PCI bridge> port 0xcf8-0xcff on acpi0
pci0: <ACPI PCI bus> on pcib0
isab0: <PCI-ISA bridge> at device 1.0 on pci0
isa0: <ISA bus> on isab0
atapci0: <Intel PIIX3 WDMA2 controller> port 0x1f0-0x1f7,0x3f6,0x170-0x177,0x376,0xc1a0-0xc1af at device 1.1 on pci0
ata0: <ATA channel> at channel 0 on atapci0
ata1: <ATA channel> at channel 1 on atapci0
pci0: <bridge> at device 1.3 (no driver attached)
vgapci0: <VGA-compatible display> port 0xc100-0xc11f mem 0xf4000000-0xf7ffffff,0xf8000000-0xfbffffff,0xfc094000-0xfc095fff irq 10 at device 2.0 on pci0
vgapci0: Boot video device
virtio_pci0: <VirtIO PCI Network adapter> port 0xc120-0xc13f mem 0xfc096000-0xfc096fff,0xfebf0000-0xfebf3fff irq 11 at device 3.0 on pci0
vtnet0: <VirtIO Networking Adapter> on virtio_pci0
vtnet0: Ethernet address: 52:54:00:66:82:5f
vtnet0: netmap queues/slots: TX 1/256, RX 1/128
000.000757 [ 503] vtnet_netmap_attach       vtnet attached txq=1, txd=256 rxq=1, rxd=128
hdac0: <Intel 82801F HDA Controller> mem 0xfc090000-0xfc093fff irq 11 at device 4.0 on pci0
uhci0: <Intel 82801I (ICH9) USB controller> port 0xc140-0xc15f irq 10 at device 5.0 on pci0
usbus0 on uhci0
uhci1: <Intel 82801I (ICH9) USB controller> port 0xc160-0xc17f irq 10 at device 5.1 on pci0
usbus1 on uhci1
uhci2: <Intel 82801I (ICH9) USB controller> port 0xc180-0xc19f irq 11 at device 5.2 on pci0
usbus2 on uhci2
ehci0: <Intel 82801I (ICH9) USB 2.0 controller> mem 0xfc097000-0xfc097fff irq 11 at device 5.7 on pci0
usbus3: EHCI version 1.0
usbus3 on ehci0
virtio_pci1: <VirtIO PCI Console adapter> port 0xc080-0xc0bf mem 0xfc098000-0xfc098fff,0xfebf4000-0xfebf7fff irq 10 at device 6.0 on pci0
virtio_pci2: <VirtIO PCI Block adapter> port 0xc000-0xc07f mem 0xfc099000-0xfc099fff,0xfebf8000-0xfebfbfff irq 11 at device 7.0 on pci0
vtblk0: <VirtIO Block Adapter> on virtio_pci2
vtblk0: 14336MB (29360256 512 byte sectors)
virtio_pci3: <VirtIO PCI Balloon adapter> port 0xc0c0-0xc0ff mem 0xfebfc000-0xfebfffff irq 11 at device 8.0 on pci0
vtballoon0: <VirtIO Balloon Adapter> on virtio_pci3
acpi_syscontainer0: <System Container> on acpi0
acpi_syscontainer1: <System Container> port 0xaf00-0xaf0b on acpi0
acpi_syscontainer2: <System Container> port 0xafe0-0xafe3 on acpi0
acpi_syscontainer3: <System Container> port 0xae00-0xae13 on acpi0
atkbdc0: <Keyboard controller (i8042)> port 0x60,0x64 irq 1 on acpi0
atkbd0: <AT Keyboard> irq 1 on atkbdc0
kbd0 at atkbd0
atkbd0: [GIANT-LOCKED]
psm0: <PS/2 Mouse> irq 12 on atkbdc0
psm0: [GIANT-LOCKED]
psm0: model IntelliMouse Explorer, device ID 4
fdc0: <floppy drive controller (FDE)> port 0x3f2-0x3f5,0x3f7 irq 6 drq 2 on acpi0
fdc0: does not respond
device_attach: fdc0 attach returned 6
uart0: <16550 or compatible> port 0x3f8-0x3ff irq 4 flags 0x10 on acpi0
orm0: <ISA Option ROM> at iomem 0xeb000-0xeffff pnpid ORM0000 on isa0
vga0: <Generic ISA VGA> at port 0x3c0-0x3df iomem 0xa0000-0xbffff pnpid PNP0900 on isa0
attimer0: <AT timer> at port 0x40 on isa0
Timecounter "i8254" frequency 1193182 Hz quality 0
Event timer "i8254" frequency 1193182 Hz quality 100
attimer0: non-PNP ISA device will be removed from GENERIC in FreeBSD 12.
fdc0: No FDOUT register!
Timecounters tick every 10.000 msec
hdacc0: <Generic (0x1af40022) HDA CODEC> at cad 0 on hdac0
hdaa0: <Generic (0x1af40022) Audio Function Group> at nid 1 on hdacc0
pcm0: <Generic (0x1af40022) (Analog)> at nid 3 and 5 on hdaa0
usbus0: 12Mbps Full Speed USB v1.0
usbus1: 12Mbps Full Speed USB v1.0
usbus2: 12Mbps Full Speed USB v1.0
usbus3: 480Mbps High Speed USB v2.0
ugen0.1: <Intel UHCI root HUB> at usbus0
uhub0: <Intel UHCI root HUB, class 9/0, rev 1.00/1.00, addr 1> on usbus0
ugen3.1: <Intel EHCI root HUB> at usbus3
uhub1: <Intel EHCI root HUB, class 9/0, rev 2.00/1.00, addr 1> on usbus3
ugen2.1: <Intel UHCI root HUB> at usbus2
uhub2: <Intel UHCI root HUB, class 9/0, rev 1.00/1.00, addr 1> on usbus2
ugen1.1: <Intel UHCI root HUB> at usbus1
uhub3: <Intel UHCI root HUB, class 9/0, rev 1.00/1.00, addr 1> on usbus1
Trying to mount root from ufs:/dev/gpt/rootfs [rw]...
WARNING: / was not properly dismounted
uhub0: 2 ports with 2 removable, self powered
uhub2: 2 ports with 2 removable, self powered
uhub3: 2 ports with 2 removable, self powered
Setting hostuuid: e65952da-a7e3-43b1-ba10-6eea2a917e11.
Setting hostid: 0x2124c55c.
Starting file system checks:
uhub1: 6 ports with 6 removable, self powered
ugen3.2: <SanDisk Cruzer Blade> at usbus3
umass0 on uhub1
umass0: <SanDisk Cruzer Blade, class 0/0, rev 2.10/1.00, addr 2> on usbus3
umass0:  SCSI over Bulk-Only; quirks = 0x8100
umass0:2:0: Attached to scbus2
da0 at umass-sim0 bus 0 scbus2 target 0 lun 0
da0: <SanDisk Cruzer Blade 1.00> Removable Direct Access SPC-4 SCSI device
da0: Serial Number 4C530001300823113032
da0: 40.000MB/s transfers
da0: 29952MB (61341696 512 byte sectors)
da0: quirks=0x2<NO_6_BYTE>
GEOM: da0: the primary GPT table is corrupt or invalid.
GEOM: da0: using the secondary instead -- recovery strongly advised.
panic: vm_fault_hold: fault on nofault entry, addr: 0xfffffe0000eb4000
cpuid = 0
time = 1582345152
KDB: stack backtrace:
#0 0xffffffff80c1d297 at kdb_backtrace+0x67
#1 0xffffffff80bd05cd at vpanic+0x19d
#2 0xffffffff80bd0423 at panic+0x43
#3 0xffffffff80f0d549 at vm_fault_hold+0x26b9
#4 0xffffffff80f0ae40 at vm_fault+0x60
#5 0xffffffff810a7e94 at trap_pfault+0x164
#6 0xffffffff810a736f at trap+0x29f
#7 0xffffffff81081a0c at calltrap+0x8
#8 0xffffffff80ee34d0 at ffs_sbget+0x2f0
#9 0xffffffff80b21407 at g_label_ufs_taste_common+0x57
#10 0xffffffff80b1f7ae at g_label_taste+0x33e
#11 0xffffffff80b1de9a at g_new_provider_event+0xca
#12 0xffffffff80b18f76 at g_run_events+0x156
#13 0xffffffff80b90c23 at fork_exit+0x83
#14 0xffffffff81082a4e at fork_trampoline+0xe
Uptime: 7s
